Archive member included to satisfy reference by file (symbol)

C:\Users\embli\Documents\MCUXpressoIDE_11.1.0_3209\workspace\lpcxpresso54608_host_hid_mouse_keyboard_bm\libs\libpower_hardabi.a(fsl_power_lib.o)
                              ./drivers/fsl_clock.o (POWER_SetVoltageForFreq)
c:/nxp/mcuxpressoide_11.1.0_3209/ide/plugins/com.nxp.mcuxpresso.tools.win32_11.1.0.201909161352/tools/bin/../lib/gcc/arm-none-eabi/8.3.1/../../../../arm-none-eabi/lib/thumb/v7e-m+fp/hard\libcr_semihost_nf.a(_cr__main.o)
                              ./startup/startup_lpc54608.o (__main)
c:/nxp/mcuxpressoide_11.1.0_3209/ide/plugins/com.nxp.mcuxpresso.tools.win32_11.1.0.201909161352/tools/bin/../lib/gcc/arm-none-eabi/8.3.1/../../../../arm-none-eabi/lib/thumb/v7e-m+fp/hard\libcr_c.a(memcpy.o)
                              ./usb/host/usb_host_ip3516hs.o (memcpy)
c:/nxp/mcuxpressoide_11.1.0_3209/ide/plugins/com.nxp.mcuxpresso.tools.win32_11.1.0.201909161352/tools/bin/../lib/gcc/arm-none-eabi/8.3.1/../../../../arm-none-eabi/lib/thumb/v7e-m+fp/hard\libcr_c.a(memset.o)
                              ./source/fsl_ctimer.o (memset)
c:/nxp/mcuxpressoide_11.1.0_3209/ide/plugins/com.nxp.mcuxpresso.tools.win32_11.1.0.201909161352/tools/bin/../lib/gcc/arm-none-eabi/8.3.1/../../../../arm-none-eabi/lib/thumb/v7e-m+fp/hard\libcr_c.a(alloc.o)
                              ./drivers/fsl_common.o (malloc)
c:/nxp/mcuxpressoide_11.1.0_3209/ide/plugins/com.nxp.mcuxpresso.tools.win32_11.1.0.201909161352/tools/bin/../lib/gcc/arm-none-eabi/8.3.1/../../../../arm-none-eabi/lib/thumb/v7e-m+fp/hard\libcr_c.a(initio.o)
                              c:/nxp/mcuxpressoide_11.1.0_3209/ide/plugins/com.nxp.mcuxpresso.tools.win32_11.1.0.201909161352/tools/bin/../lib/gcc/arm-none-eabi/8.3.1/../../../../arm-none-eabi/lib/thumb/v7e-m+fp/hard\libcr_semihost_nf.a(_cr__main.o) (_initio)
c:/nxp/mcuxpressoide_11.1.0_3209/ide/plugins/com.nxp.mcuxpresso.tools.win32_11.1.0.201909161352/tools/bin/../lib/gcc/arm-none-eabi/8.3.1/../../../../arm-none-eabi/lib/thumb/v7e-m+fp/hard\libcr_c.a(printf.o)
                              ./utilities/fsl_assert.o (_printf)
c:/nxp/mcuxpressoide_11.1.0_3209/ide/plugins/com.nxp.mcuxpresso.tools.win32_11.1.0.201909161352/tools/bin/../lib/gcc/arm-none-eabi/8.3.1/../../../../arm-none-eabi/lib/thumb/v7e-m+fp/hard\libcr_c.a(setvbuf.o)
                              c:/nxp/mcuxpressoide_11.1.0_3209/ide/plugins/com.nxp.mcuxpresso.tools.win32_11.1.0.201909161352/tools/bin/../lib/gcc/arm-none-eabi/8.3.1/../../../../arm-none-eabi/lib/thumb/v7e-m+fp/hard\libcr_c.a(initio.o) (setvbuf)
c:/nxp/mcuxpressoide_11.1.0_3209/ide/plugins/com.nxp.mcuxpresso.tools.win32_11.1.0.201909161352/tools/bin/../lib/gcc/arm-none-eabi/8.3.1/../../../../arm-none-eabi/lib/thumb/v7e-m+fp/hard\libcr_c.a(strlen.o)
                              ./utilities/fsl_str.o (strlen)
c:/nxp/mcuxpressoide_11.1.0_3209/ide/plugins/com.nxp.mcuxpresso.tools.win32_11.1.0.201909161352/tools/bin/../lib/gcc/arm-none-eabi/8.3.1/../../../../arm-none-eabi/lib/thumb/v7e-m+fp/hard\libcr_c.a(__init_alloc.o)
                              c:/nxp/mcuxpressoide_11.1.0_3209/ide/plugins/com.nxp.mcuxpresso.tools.win32_11.1.0.201909161352/tools/bin/../lib/gcc/arm-none-eabi/8.3.1/../../../../arm-none-eabi/lib/thumb/v7e-m+fp/hard\libcr_c.a(alloc.o) (__heaps)
c:/nxp/mcuxpressoide_11.1.0_3209/ide/plugins/com.nxp.mcuxpresso.tools.win32_11.1.0.201909161352/tools/bin/../lib/gcc/arm-none-eabi/8.3.1/../../../../arm-none-eabi/lib/thumb/v7e-m+fp/hard\libcr_c.a(_cr_sbrk.o)
                              c:/nxp/mcuxpressoide_11.1.0_3209/ide/plugins/com.nxp.mcuxpresso.tools.win32_11.1.0.201909161352/tools/bin/../lib/gcc/arm-none-eabi/8.3.1/../../../../arm-none-eabi/lib/thumb/v7e-m+fp/hard\libcr_c.a(alloc.o) (_sbrk)
c:/nxp/mcuxpressoide_11.1.0_3209/ide/plugins/com.nxp.mcuxpresso.tools.win32_11.1.0.201909161352/tools/bin/../lib/gcc/arm-none-eabi/8.3.1/../../../../arm-none-eabi/lib/thumb/v7e-m+fp/hard\libcr_c.a(_deferredlazyseek.o)
                              c:/nxp/mcuxpressoide_11.1.0_3209/ide/plugins/com.nxp.mcuxpresso.tools.win32_11.1.0.201909161352/tools/bin/../lib/gcc/arm-none-eabi/8.3.1/../../../../arm-none-eabi/lib/thumb/v7e-m+fp/hard\libcr_c.a(printf.o) (__flsbuf)
c:/nxp/mcuxpressoide_11.1.0_3209/ide/plugins/com.nxp.mcuxpresso.tools.win32_11.1.0.201909161352/tools/bin/../lib/gcc/arm-none-eabi/8.3.1/../../../../arm-none-eabi/lib/thumb/v7e-m+fp/hard\libcr_c.a(_fdopen.o)
                              c:/nxp/mcuxpressoide_11.1.0_3209/ide/plugins/com.nxp.mcuxpresso.tools.win32_11.1.0.201909161352/tools/bin/../lib/gcc/arm-none-eabi/8.3.1/../../../../arm-none-eabi/lib/thumb/v7e-m+fp/hard\libcr_c.a(initio.o) (_fdopen)
c:/nxp/mcuxpressoide_11.1.0_3209/ide/plugins/com.nxp.mcuxpresso.tools.win32_11.1.0.201909161352/tools/bin/../lib/gcc/arm-none-eabi/8.3.1/../../../../arm-none-eabi/lib/thumb/v7e-m+fp/hard\libcr_c.a(_fflush.o)
[...]
Memory Configuration

Name             Origin             Length             Attributes
PROGRAM_FLASH    0x00000000         0x00080000         xr
BOARD_FLASH      0x10000000         0x01000000         xr
SRAM_UPPER       0x20000000         0x00028000         xrw
SRAMX            0x04000000         0x00008000         xrw
USB_RAM          0x40100000         0x00002000         xrw
BOARD_SDRAM      0xa0000000         0x01000000         xrw
*default*        0x00000000         0xffffffff

Linker script and memory map

LOAD ./utilities/fsl_assert.o
LOAD ./utilities/fsl_debug_console.o
LOAD ./utilities/fsl_str.o
LOAD ./usb/host/class/usb_host_hid.o
LOAD ./usb/host/class/usb_host_hub.o
LOAD ./usb/host/class/usb_host_hub_app.o
LOAD ./usb/host/usb_host_devices.o
LOAD ./usb/host/usb_host_framework.o
LOAD ./usb/host/usb_host_hci.o
LOAD ./usb/host/usb_host_ip3516hs.o
LOAD ./usb/host/usb_host_ohci.o
LOAD ./startup/startup_lpc54608.o
LOAD ./source/app.o
LOAD ./source/fsl_ctimer.o
LOAD ./source/host_keyboard.o
LOAD ./source/host_mouse.o
LOAD ./source/semihost_hardfault.o
LOAD ./drivers/fsl_clock.o
LOAD ./drivers/fsl_common.o
LOAD ./drivers/fsl_emc.o
LOAD ./drivers/fsl_flexcomm.o
LOAD ./drivers/fsl_gpio.o
LOAD ./drivers/fsl_power.o
LOAD ./drivers/fsl_reset.o
LOAD ./drivers/fsl_usart.o
LOAD ./device/system_LPC54608.o
LOAD ./component/uart/usart_adapter.o
LOAD ./component/serial_manager/serial_manager.o
LOAD ./component/serial_manager/serial_port_uart.o
LOAD ./component/osa/fsl_os_abstraction_bm.o
LOAD ./component/lists/generic_list.o
LOAD ./board/board.o
LOAD ./board/clock_config.o
LOAD ./board/pin_mux.o
LOAD C:\Users\embli\Documents\MCUXpressoIDE_11.1.0_3209\workspace\lpcxpresso54608_host_hid_mouse_keyboard_bm\libs\libpower_hardabi.a
START GROUP
LOAD c:/nxp/mcuxpressoide_11.1.0_3209/ide/plugins/com.nxp.mcuxpresso.tools.win32_11.1.0.201909161352/tools/bin/../lib/gcc/arm-none-eabi/8.3.1/../../../../arm-none-eabi/lib/thumb/v7e-m+fp/hard\libcr_semihost_nf.a
LOAD c:/nxp/mcuxpressoide_11.1.0_3209/ide/plugins/com.nxp.mcuxpresso.tools.win32_11.1.0.201909161352/tools/bin/../lib/gcc/arm-none-eabi/8.3.1/../../../../arm-none-eabi/lib/thumb/v7e-m+fp/hard\libcr_c.a
LOAD c:/nxp/mcuxpressoide_11.1.0_3209/ide/plugins/com.nxp.mcuxpresso.tools.win32_11.1.0.201909161352/tools/bin/../lib/gcc/arm-none-eabi/8.3.1/thumb/v7e-m+fp/hard\libcr_eabihelpers.a
LOAD c:/nxp/mcuxpressoide_11.1.0_3209/ide/plugins/com.nxp.mcuxpresso.tools.win32_11.1.0.201909161352/tools/bin/../lib/gcc/arm-none-eabi/8.3.1/thumb/v7e-m+fp/hard\libgcc.a
END GROUP
                0x00000000                __base_PROGRAM_FLASH = 0x0
                0x00000000                __base_Flash = 0x0
                0x00080000                __top_PROGRAM_FLASH = 0x80000
                0x00080000                __top_Flash = 0x80000
                0x10000000                __base_BOARD_FLASH = 0x10000000
                0x10000000                __base_Flash2 = 0x10000000
                0x11000000                __top_BOARD_FLASH = 0x11000000
                0x11000000                __top_Flash2 = 0x11000000
                0x20000000                __base_SRAM_UPPER = 0x20000000
                0x20000000                __base_RAM = 0x20000000
                0x20028000                __top_SRAM_UPPER = 0x20028000
                0x20028000                __top_RAM = 0x20028000
                0x04000000                __base_SRAMX = 0x4000000
                0x04000000                __base_RAM2 = 0x4000000
                0x04008000                __top_SRAMX = 0x4008000
                0x04008000                __top_RAM2 = 0x4008000
                0x40100000                __base_USB_RAM = 0x40100000
                0x40100000                __base_RAM3 = 0x40100000
                0x40102000                __top_USB_RAM = 0x40102000
                0x40102000                __top_RAM3 = 0x40102000
                0xa0000000                __base_BOARD_SDRAM = 0xa0000000
                0xa0000000                __base_RAM4 = 0xa0000000
                0xa1000000                __top_BOARD_SDRAM = 0xa1000000
                0xa1000000                __top_RAM4 = 0xa1000000

.text_Flash2    0x10000000        0x0
 FILL mask 0xff
 *(SORT_BY_ALIGNMENT(.text_Flash2))
 *(SORT_BY_ALIGNMENT(.text_BOARD_FLASH))
 *(SORT_BY_ALIGNMENT(.text.$Flash2))
 *(SORT_BY_ALIGNMENT(.text.$BOARD_FLASH))
 *(SORT_BY_ALIGNMENT(.text_Flash2.*))
 *(SORT_BY_ALIGNMENT(.text_BOARD_FLASH.*))
 *(SORT_BY_ALIGNMENT(.text.$Flash2.*))
 *(SORT_BY_ALIGNMENT(.text.$BOARD_FLASH.*))
 *(SORT_BY_ALIGNMENT(.rodata.$Flash2))
 *(SORT_BY_ALIGNMENT(.rodata.$BOARD_FLASH))
 *(SORT_BY_ALIGNMENT(.rodata.$Flash2.*))
 *(SORT_BY_ALIGNMENT(.rodata.$BOARD_FLASH.*))

.text           0x00000000     0xbfac
 FILL mask 0xff
                0x00000000                __vectors_start__ = ABSOLUTE (.)
 *(SORT_BY_ALIGNMENT(.isr_vector))
 .isr_vector    0x00000000      0x124 ./startup/startup_lpc54608.o
                0x00000000                g_pfnVectors
                0x00000000                __Vectors
                0x00000124                . = ALIGN (0x4)
                0x00000124                __section_table_start = .
                0x00000124                __data_section_table = .
                0x00000124        0x4 LONG 0xbfac LOADADDR (.data)
                0x00000128        0x4 LONG 0x20000000 ADDR (.data)
                0x0000012c        0x4 LONG 0x14 SIZEOF (.data)
                0x00000130        0x4 LONG 0xbfac LOADADDR (.data_RAM2)
                0x00000134        0x4 LONG 0x4000000 ADDR (.data_RAM2)
                0x00000138        0x4 LONG 0x0 SIZEOF (.data_RAM2)
                0x0000013c        0x4 LONG 0xbfac LOADADDR (.data_RAM3)
                0x00000140        0x4 LONG 0x40101a00 ADDR (.data_RAM3)
                0x00000144        0x4 LONG 0x0 SIZEOF (.data_RAM3)
                0x00000148        0x4 LONG 0xbfac LOADADDR (.data_RAM4)
                0x0000014c        0x4 LONG 0xa0000000 ADDR (.data_RAM4)
                0x00000150        0x4 LONG 0x0 SIZEOF (.data_RAM4)
                0x00000154                __data_section_table_end = .
                0x00000154                __bss_section_table = .
                0x00000154        0x4 LONG 0x20000014 ADDR (.bss)
                0x00000158        0x4 LONG 0xaa44 SIZEOF (.bss)
                0x0000015c        0x4 LONG 0x4000000 ADDR (.bss_RAM2)
                0x00000160        0x4 LONG 0x0 SIZEOF (.bss_RAM2)
                0x00000164        0x4 LONG 0x40101a00 ADDR (.bss_RAM3)
                0x00000168        0x4 LONG 0x0 SIZEOF (.bss_RAM3)
                0x0000016c        0x4 LONG 0xa0000000 ADDR (.bss_RAM4)
                0x00000170        0x4 LONG 0x0 SIZEOF (.bss_RAM4)
                0x00000174                __bss_section_table_end = .
                0x00000174                __section_table_end = .
 *(SORT_BY_ALIGNMENT(.after_vectors*))
 .after_vectors.reset
                0x00000174       0x58 ./startup/startup_lpc54608.o
                0x00000174                ResetISR
 .after_vectors.init_data
                0x000001cc       0x1e ./startup/startup_lpc54608.o
                0x000001cc                data_init
 .after_vectors.init_bss
                0x000001ea       0x12 ./startup/startup_lpc54608.o
                0x000001ea                bss_init
 .after_vectors
                0x000001fc       0x14 ./startup/startup_lpc54608.o
                0x000001fc                NMI_Handler
                0x00000200                MemManage_Handler
                0x00000202                BusFault_Handler
                0x00000204                UsageFault_Handler
                0x00000206                SVC_Handler
                0x00000208                DebugMon_Handler
                0x0000020a                PendSV_Handler
                0x0000020c                SysTick_Handler
                0x0000020e                PIN_INT3_DriverIRQHandler
                0x0000020e                PIN_INT2_DriverIRQHandler
                0x0000020e                ETHERNET_DriverIRQHandler
                0x0000020e                PIN_INT0_DriverIRQHandler
                0x0000020e                SPIFI0_DriverIRQHandler
                0x0000020e                RIT_DriverIRQHandler
                0x0000020e                IntDefaultHandler
                0x0000020e                CAN0_IRQ0_DriverIRQHandler
                0x0000020e                MRT0_DriverIRQHandler
                0x0000020e                UTICK0_DriverIRQHandler
                0x0000020e                DMIC0_DriverIRQHandler
                0x0000020e                PIN_INT4_DriverIRQHandler
                0x0000020e                PIN_INT5_DriverIRQHandler
                0x0000020e                CAN1_IRQ0_DriverIRQHandler
                0x0000020e                Reserved47_DriverIRQHandler
                0x0000020e                ADC0_THCMP_DriverIRQHandler
                0x0000020e                USB0_DriverIRQHandler
                0x0000020e                PIN_INT7_DriverIRQHandler
                0x0000020e                CAN0_IRQ1_DriverIRQHandler
                0x0000020e                USB0_NEEDCLK_DriverIRQHandler
                0x0000020e                ADC0_SEQB_DriverIRQHandler
                0x0000020e                PIN_INT6_DriverIRQHandler
                0x0000020e                ETHERNET_MACLP_DriverIRQHandler
                0x0000020e                PIN_INT1_DriverIRQHandler
                0x0000020e                HWVAD0_DriverIRQHandler
                0x0000020e                RTC_DriverIRQHandler
                0x0000020e                LCD_DriverIRQHandler
                0x0000020e                EEPROM_DriverIRQHandler
                0x0000020e                DMA0_DriverIRQHandler
                0x0000020e                ETHERNET_PMT_DriverIRQHandler
                0x0000020e                USB1_DriverIRQHandler
                0x0000020e                CAN1_IRQ1_DriverIRQHandler
                0x0000020e                ADC0_SEQA_DriverIRQHandler
                0x0000020e                USB1_NEEDCLK_DriverIRQHandler
                0x0000020e                SMARTCARD0_DriverIRQHandler
                0x0000020e                SDIO_DriverIRQHandler
                0x0000020e                SHA_DriverIRQHandler
                0x0000020e                GINT0_DriverIRQHandler
                0x0000020e                SMARTCARD1_DriverIRQHandler
                0x0000020e                GINT1_DriverIRQHandler
                0x0000020e                Reserved46_DriverIRQHandler
                0x0000020e                WDT_BOD_DriverIRQHandler
                0x0000020e                SCT0_DriverIRQHandler
 *(SORT_BY_ALIGNMENT(.text*))
 .text.__assertion_failed
                0x00000210       0x18 ./utilities/fsl_assert.o
                0x00000210                __assertion_failed
 .text.USB_HostHidSetInterface
                0x00000228      0x148 ./usb/host/class/usb_host_hid.o
                0x00000228                USB_HostHidSetInterface
 .text.USB_HostHidRecv
                0x00000370       0x9c ./usb/host/class/usb_host_hid.o
                0x00000370                USB_HostHidRecv
 .text.USB_HostHidControl
                0x0000040c       0xe0 ./usb/host/class/usb_host_hid.o
 .text.USB_HostHubClassRequestCommon
                0x000004ec       0xcc ./usb/host/class/usb_host_hub.o
 .text.USB_HostHubInterruptRecv
                0x000005b8       0x94 ./usb/host/class/usb_host_hub.o
                0x000005b8                USB_HostHubInterruptRecv
 .text.USB_HostHubGetHubList
                0x0000064c       0x1c ./usb/host/class/usb_host_hub_app.o
 .text.USB_HostHubGetInterruptStatus
                0x00000668       0x5c ./usb/host/class/usb_host_hub_app.o
 .text.USB_HostHubProcess
                0x000006c4      0x2dc ./usb/host/class/usb_host_hub_app.o
 .text.USB_HostHubProcessPortAttach
                0x000009a0      0x44c ./usb/host/class/usb_host_hub_app.o
 .text.USB_HostHubProcessPortDetach
                0x00000dec      0x22c ./usb/host/class/usb_host_hub_app.o
 .text.USB_HostHubProcessData
                0x00001018      0x114 ./usb/host/class/usb_host_hub_app.o
 .text.USB_HostHubDeviceEvent
                0x0000112c      0x32c ./usb/host/class/usb_host_hub_app.o
                0x0000112c                USB_HostHubDeviceEvent
 .text.USB_HostEnumerationTransferCallback
                0x00001458      0x194 ./usb/host/usb_host_devices.o
 .text.USB_HostProcessState
                0x000015ec      0x1fc ./usb/host/usb_host_devices.o
 .text.USB_HostProcessCallback
                0x000017e8      0x1e0 ./usb/host/usb_host_devices.o
 .text.USB_HostOpenDeviceInterface
                0x000019c8       0xf4 ./usb/host/usb_host_devices.o
                0x000019c8                USB_HostOpenDeviceInterface
 .text.USB_HostCloseDeviceInterface
                0x00001abc      0x160 ./usb/host/usb_host_devices.o
                0x00001abc                USB_HostCloseDeviceInterface
 .text.USB_HostGetInstance
                0x00001c1c       0xf0 ./usb/host/usb_host_hci.o
 .text.USB_HostGetControllerInterface
                0x00001d0c       0x28 ./usb/host/usb_host_hci.o
 .text.USB_HostHelperGetPeripheralInformation
                0x00001d34      0x174 ./usb/host/usb_host_hci.o
                0x00001d34                USB_HostHelperGetPeripheralInformation
 .text.__NVIC_EnableIRQ
                0x00001ea8       0x3c ./usb/host/usb_host_ip3516hs.o
 .text.__NVIC_DisableIRQ
                0x00001ee4       0x44 ./usb/host/usb_host_ip3516hs.o
 .text.USB_HostIp3516HsControlBus
                0x00001f28       0xf4 ./usb/host/usb_host_ip3516hs.o
 .text.USB_HostIp3516HsBusTime
                0x0000201c      0x130 ./usb/host/usb_host_ip3516hs.o
 .text.USB_HostIp3516HsPortChange
                0x0000214c      0x208 ./usb/host/usb_host_ip3516hs.o
 .text.USB_HostIp3516HsFillSlotBusTime
                0x00002354      0x23c ./usb/host/usb_host_ip3516hs.o
 .text.USB_HostIp3516HsFindStartFrame
                0x00002590      0x320 ./usb/host/usb_host_ip3516hs.o
 .text.USB_HostIp3516BaudWidthCheck
                0x000028b0       0xb4 ./usb/host/usb_host_ip3516hs.o
 .text.USB_HostIp3516HsOpenControlBulkPipe
                0x00002964      0x1e0 ./usb/host/usb_host_ip3516hs.o
 .text.USB_HostIp3516HsOpenInterruptPipe
                0x00002b44      0x228 ./usb/host/usb_host_ip3516hs.o
 .text.USB_HostIp3516HsCancelPipe
                0x00002d6c      0x424 ./usb/host/usb_host_ip3516hs.o
 .text.USB_HostIp3516HsCloseControlBulkPipe
                0x00003190       0x88 ./usb/host/usb_host_ip3516hs.o
 .text.USB_HostIp3516HsCloseInterruptPipe
                0x00003218       0x84 ./usb/host/usb_host_ip3516hs.o
 .text.USB_HostIp3516HsWriteControlPipe
                0x0000329c      0x3e0 ./usb/host/usb_host_ip3516hs.o
 .text.USB_HostIp3516HsWriteBulkPipe
                0x0000367c      0x1b8 ./usb/host/usb_host_ip3516hs.o
 .text.USB_HostIp3516HsWriteInterruptPipe
                0x00003834      0x350 ./usb/host/usb_host_ip3516hs.o
 .text.USB_HostIp3516HsCheckIntTransferSofar
                0x00003b84       0xc0 ./usb/host/usb_host_ip3516hs.o
 .text.USB_HostIp3516HsTokenDone
                0x00003c44      0xaf0 ./usb/host/usb_host_ip3516hs.o
 .text.USB_HostIp3516HsControllerInit
                0x00004734      0x2f4 ./usb/host/usb_host_ip3516hs.o
 .text.USB_HostIp3516HsCreate
                0x00004a28      0x130 ./usb/host/usb_host_ip3516hs.o
                0x00004a28                USB_HostIp3516HsCreate
 .text.USB_HostIp3516HsIoctl
                0x00004b58      0x2cc ./usb/host/usb_host_ip3516hs.o
                0x00004b58                USB_HostIp3516HsIoctl
 .text.USB_HostIp3516HsIsrFunction
                0x00004e24       0xe8 ./usb/host/usb_host_ip3516hs.o
                0x00004e24                USB_HostIp3516HsIsrFunction
 .text.__NVIC_EnableIRQ
                0x00004f0c       0x3c ./source/app.o
 .text.__NVIC_SetPriority
                0x00004f48       0x54 ./source/app.o
 .text.USB1_IRQHandler
                0x00004f9c       0x18 ./source/app.o
                0x00004f9c                USB1_IRQHandler
 .text.USB_HostClockInit
                0x00004fb4       0x40 ./source/app.o
                0x00004fb4                USB_HostClockInit
 .text.USB_HostEvent
                0x00004ff4       0xf0 ./source/app.o
 .text.USB_HostApplicationInit
                0x000050e4       0x4c ./source/app.o
 .text.buttonPressEmulationCb
                0x00005130       0x2c ./source/app.o
                0x00005130                buttonPressEmulationCb
 .text.startMeasurements
                0x0000515c       0x6c ./source/app.o
                0x0000515c                startMeasurements
 .text.onUsbEnumerationDone
                0x000051c8       0x58 ./source/app.o
                0x000051c8                onUsbEnumerationDone
 .text.receivedReportCb
                0x00005220       0x94 ./source/app.o
                0x00005220                receivedReportCb
 .text.main     0x000052b4       0xa4 ./source/app.o
                0x000052b4                main
 .text.__NVIC_EnableIRQ
                0x00005358       0x3c ./source/fsl_ctimer.o
 .text.CLOCK_EnableClock
                0x00005394       0x54 ./source/fsl_ctimer.o
 .text.CTIMER_GetInstance
                0x000053e8       0x54 ./source/fsl_ctimer.o
 .text.CTIMER_Init
                0x0000543c       0x74 ./source/fsl_ctimer.o
                0x0000543c                CTIMER_Init
 .text.CTIMER_GetDefaultConfig
                0x000054b0       0x3c ./source/fsl_ctimer.o
                0x000054b0                CTIMER_GetDefaultConfig
 .text.CTIMER_SetupMatch
                0x000054ec      0x11c ./source/fsl_ctimer.o
                0x000054ec                CTIMER_SetupMatch
 .text.CTIMER_RegisterCallBack
                0x00005608       0x3c ./source/fsl_ctimer.o
                0x00005608                CTIMER_RegisterCallBack
 .text.CTIMER_GenericIRQHandler
                0x00005644       0xb8 ./source/fsl_ctimer.o
                0x00005644                CTIMER_GenericIRQHandler
 .text.USB_HostHidKeyboardTask
                0x000056fc      0x39c ./source/host_keyboard.o
                0x000056fc                USB_HostHidKeyboardTask
 .text.USB_HostHidKeyboardEvent
                0x00005a98      0x1a0 ./source/host_keyboard.o
                0x00005a98                USB_HostHidKeyboardEvent
 .text.USB_HostMouseProcessBuffer
                0x00005c38      0x124 ./source/host_mouse.o
 .text.USB_HostHidMouseTask
                0x00005d5c      0x324 ./source/host_mouse.o
                0x00005d5c                USB_HostHidMouseTask
 .text.USB_HostHidMouseEvent
                0x00006080      0x19c ./source/host_mouse.o
                0x00006080                USB_HostHidMouseEvent
 .text.CLOCK_EnableClock
                0x0000621c       0x54 ./drivers/fsl_clock.o
 .text.CLOCK_DisableClock
                0x00006270       0x54 ./drivers/fsl_clock.o
 .text.CLOCK_AttachClk
                0x000062c4       0x94 ./drivers/fsl_clock.o
                0x000062c4                CLOCK_AttachClk
 .text.CLOCK_SetClkDiv
                0x00006358       0x5c ./drivers/fsl_clock.o
                0x00006358                CLOCK_SetClkDiv
 .text.CLOCK_SetupFROClocking
                0x000063b4       0xc4 ./drivers/fsl_clock.o
                0x000063b4                CLOCK_SetupFROClocking
 .text.CLOCK_GetExtClkFreq
                0x00006478       0x14 ./drivers/fsl_clock.o
                0x00006478                CLOCK_GetExtClkFreq
 .text.CLOCK_SetFLASHAccessCyclesForFreq
                0x0000648c       0xb8 ./drivers/fsl_clock.o
                0x0000648c                CLOCK_SetFLASHAccessCyclesForFreq
 .text.CLOCK_GetUsbPLLOutFromSetupUpdate
                0x00006544       0x20 ./drivers/fsl_clock.o
 .text.CLOCK_SetUsbPLLFreq
                0x00006564      0x140 ./drivers/fsl_clock.o
                0x00006564                CLOCK_SetUsbPLLFreq
 .text.CLOCK_EnableUsbhs0HostClock
                0x000066a4       0xe0 ./drivers/fsl_clock.o
                0x000066a4                CLOCK_EnableUsbhs0HostClock
 .text.SDK_DelayAtLeastUs
                0x00006784       0x90 ./drivers/fsl_common.o
                0x00006784                SDK_DelayAtLeastUs
 .text.FLEXCOMM0_DriverIRQHandler
                0x00006814       0x3c ./drivers/fsl_flexcomm.o
                0x00006814                FLEXCOMM0_DriverIRQHandler
 .text.FLEXCOMM1_DriverIRQHandler
                0x00006850       0x3c ./drivers/fsl_flexcomm.o
                0x00006850                FLEXCOMM1_DriverIRQHandler
 .text.FLEXCOMM2_DriverIRQHandler
                0x0000688c       0x3c ./drivers/fsl_flexcomm.o
                0x0000688c                FLEXCOMM2_DriverIRQHandler
 .text.FLEXCOMM3_DriverIRQHandler
                0x000068c8       0x3c ./drivers/fsl_flexcomm.o
                0x000068c8                FLEXCOMM3_DriverIRQHandler
 .text.FLEXCOMM4_DriverIRQHandler
                0x00006904       0x3c ./drivers/fsl_flexcomm.o
                0x00006904                FLEXCOMM4_DriverIRQHandler
 .text.FLEXCOMM5_DriverIRQHandler
                0x00006940       0x3c ./drivers/fsl_flexcomm.o
                0x00006940                FLEXCOMM5_DriverIRQHandler
 .text.FLEXCOMM6_DriverIRQHandler
                0x0000697c       0x3c ./drivers/fsl_flexcomm.o
                0x0000697c                FLEXCOMM6_DriverIRQHandler
 .text.FLEXCOMM7_DriverIRQHandler
                0x000069b8       0x3c ./drivers/fsl_flexcomm.o
                0x000069b8                FLEXCOMM7_DriverIRQHandler
 .text.FLEXCOMM8_DriverIRQHandler
                0x000069f4       0x3c ./drivers/fsl_flexcomm.o
                0x000069f4                FLEXCOMM8_DriverIRQHandler
 .text.FLEXCOMM9_DriverIRQHandler
                0x00006a30       0x3c ./drivers/fsl_flexcomm.o
                0x00006a30                FLEXCOMM9_DriverIRQHandler
 .text.CLOCK_EnableClock
                0x00006a6c       0x54 ./drivers/fsl_gpio.o
 .text.GPIO_PortInit
                0x00006ac0       0x48 ./drivers/fsl_gpio.o
                0x00006ac0                GPIO_PortInit
 .text.RESET_SetPeripheralReset
                0x00006b08       0x7c ./drivers/fsl_reset.o
                0x00006b08                RESET_SetPeripheralReset
 .text.RESET_ClearPeripheralReset
                0x00006b84       0x80 ./drivers/fsl_reset.o
                0x00006b84                RESET_ClearPeripheralReset
 .text.SystemInit
                0x00006c04       0x40 ./device/system_LPC54608.o
                0x00006c04                SystemInit
 .text.OSA_EnableIRQGlobal
                0x00006c44       0x30 ./component/osa/fsl_os_abstraction_bm.o
                0x00006c44                OSA_EnableIRQGlobal
 .text.OSA_DisableIRQGlobal
                0x00006c74       0x20 ./component/osa/fsl_os_abstraction_bm.o
                0x00006c74                OSA_DisableIRQGlobal
 .text.OSA_MutexCreate
                0x00006c94       0x40 ./component/osa/fsl_os_abstraction_bm.o
                0x00006c94                OSA_MutexCreate
 .text.OSA_MutexUnlock
                0x00006cd4       0x34 ./component/osa/fsl_os_abstraction_bm.o
                0x00006cd4                OSA_MutexUnlock
 .text.OSA_MutexDestroy
                0x00006d08       0x30 ./component/osa/fsl_os_abstraction_bm.o
                0x00006d08                OSA_MutexDestroy
 .text.OSA_EventCreate
                0x00006d38       0x54 ./component/osa/fsl_os_abstraction_bm.o
                0x00006d38                OSA_EventCreate
 .text.OSA_EventDestroy
                0x00006d8c       0x30 ./component/osa/fsl_os_abstraction_bm.o
                0x00006d8c                OSA_EventDestroy
 .text.BOARD_BootClockFROHF96M
                0x00006dbc       0x4c ./board/clock_config.o
                0x00006dbc                BOARD_BootClockFROHF96M
 .text.CLOCK_EnableClock
                0x00006e08       0x54 ./board/pin_mux.o
 .text.BOARD_InitPins
                0x00006e5c       0x98 ./board/pin_mux.o
                0x00006e5c                BOARD_InitPins
 .text.POWER_SetVoltageForFreq
                0x00006ef4       0x44 C:\Users\embli\Documents\MCUXpressoIDE_11.1.0_3209\workspace\lpcxpresso54608_host_hid_mouse_keyboard_bm\libs\libpower_hardabi.a(fsl_power_lib.o)
                0x00006ef4                POWER_SetVoltageForFreq
 .text.POWER_SetPLL
                0x00006f38       0x1c C:\Users\embli\Documents\MCUXpressoIDE_11.1.0_3209\workspace\lpcxpresso54608_host_hid_mouse_keyboard_bm\libs\libpower_hardabi.a(fsl_power_lib.o)
                0x00006f38                POWER_SetPLL
 .text.POWER_SetUsbPhy
                0x00006f54       0x1c C:\Users\embli\Documents\MCUXpressoIDE_11.1.0_3209\workspace\lpcxpresso54608_host_hid_mouse_keyboard_bm\libs\libpower_hardabi.a(fsl_power_lib.o)
                0x00006f54                POWER_SetUsbPhy
 .text.malloc   0x00006f70       0xc8 c:/nxp/mcuxpressoide_11.1.0_3209/ide/plugins/com.nxp.mcuxpresso.tools.win32_11.1.0.201909161352/tools/bin/../lib/gcc/arm-none-eabi/8.3.1/../../../../arm-none-eabi/lib/thumb/v7e-m+fp/hard\libcr_c.a(alloc.o)
                0x00006f70                malloc
 .text._Csys_alloc
                0x00007038       0x20 c:/nxp/mcuxpressoide_11.1.0_3209/ide/plugins/com.nxp.mcuxpresso.tools.win32_11.1.0.201909161352/tools/bin/../lib/gcc/arm-none-eabi/8.3.1/../../../../arm-none-eabi/lib/thumb/v7e-m+fp/hard\libcr_c.a(alloc.o)
                0x00007038                _Csys_alloc
 .text._initio  0x00007058       0x78 c:/nxp/mcuxpressoide_11.1.0_3209/ide/plugins/com.nxp.mcuxpresso.tools.win32_11.1.0.201909161352/tools/bin/../lib/gcc/arm-none-eabi/8.3.1/../../../../arm-none-eabi/lib/thumb/v7e-m+fp/hard\libcr_c.a(initio.o)
                0x00007058                _initio
 .text.__vfprintf
                0x000070d0      0xbe0 c:/nxp/mcuxpressoide_11.1.0_3209/ide/plugins/com.nxp.mcuxpresso.tools.win32_11.1.0.201909161352/tools/bin/../lib/gcc/arm-none-eabi/8.3.1/../../../../arm-none-eabi/lib/thumb/v7e-m+fp/hard\libcr_c.a(printf.o)
                0x000070d0                __vfprintf
 .text._vsnprintf
                0x00007cb0       0x68 c:/nxp/mcuxpressoide_11.1.0_3209/ide/plugins/com.nxp.mcuxpresso.tools.win32_11.1.0.201909161352/tools/bin/../lib/gcc/arm-none-eabi/8.3.1/../../../../arm-none-eabi/lib/thumb/v7e-m+fp/hard\libcr_c.a(printf.o)
                0x00007cb0                _vsnprintf
 .text._printf  0x00007d18       0x54 c:/nxp/mcuxpressoide_11.1.0_3209/ide/plugins/com.nxp.mcuxpresso.tools.win32_11.1.0.201909161352/tools/bin/../lib/gcc/arm-none-eabi/8.3.1/../../../../arm-none-eabi/lib/thumb/v7e-m+fp/hard\libcr_c.a(printf.o)
                0x00007d18                _printf
 .text.setvbuf  0x00007d6c       0x40 c:/nxp/mcuxpressoide_11.1.0_3209/ide/plugins/com.nxp.mcuxpresso.tools.win32_11.1.0.201909161352/tools/bin/../lib/gcc/arm-none-eabi/8.3.1/../../../../arm-none-eabi/lib/thumb/v7e-m+fp/hard\libcr_c.a(setvbuf.o)
                0x00007d6c                setvbuf
 .text._sbrk    0x00007dac       0x3c c:/nxp/mcuxpressoide_11.1.0_3209/ide/plugins/com.nxp.mcuxpresso.tools.win32_11.1.0.201909161352/tools/bin/../lib/gcc/arm-none-eabi/8.3.1/../../../../arm-none-eabi/lib/thumb/v7e-m+fp/hard\libcr_c.a(_cr_sbrk.o)
                0x00007dac                _sbrk
 .text._Cwritebuf
                0x00007de8       0x6c c:/nxp/mcuxpressoide_11.1.0_3209/ide/plugins/com.nxp.mcuxpresso.tools.win32_11.1.0.201909161352/tools/bin/../lib/gcc/arm-none-eabi/8.3.1/../../../../arm-none-eabi/lib/thumb/v7e-m+fp/hard\libcr_c.a(_writebuf.o)
                0x00007de8                _Cwritebuf
 .text.fflush   0x00007e54       0x44 c:/nxp/mcuxpressoide_11.1.0_3209/ide/plugins/com.nxp.mcuxpresso.tools.win32_11.1.0.201909161352/tools/bin/../lib/gcc/arm-none-eabi/8.3.1/../../../../arm-none-eabi/lib/thumb/v7e-m+fp/hard\libcr_c.a(fflush.o)
                0x00007e54                fflush
 .text.fseek    0x00007e98      0x100 c:/nxp/mcuxpressoide_11.1.0_3209/ide/plugins/com.nxp.mcuxpresso.tools.win32_11.1.0.201909161352/tools/bin/../lib/gcc/arm-none-eabi/8.3.1/../../../../arm-none-eabi/lib/thumb/v7e-m+fp/hard\libcr_c.a(fseek.o)
                0x00007e98                fseek
 .text.ftell    0x00007f98       0x48 c:/nxp/mcuxpressoide_11.1.0_3209/ide/plugins/com.nxp.mcuxpresso.tools.win32_11.1.0.201909161352/tools/bin/../lib/gcc/arm-none-eabi/8.3.1/../../../../arm-none-eabi/lib/thumb/v7e-m+fp/hard\libcr_c.a(ftell.o)
                0x00007f98                ftell
 .text.__check_heap_overflow
                0x00007fe0       0x18 c:/nxp/mcuxpressoide_11.1.0_3209/ide/plugins/com.nxp.mcuxpresso.tools.win32_11.1.0.201909161352/tools/bin/../lib/gcc/arm-none-eabi/8.3.1/../../../../arm-none-eabi/lib/thumb/v7e-m+fp/hard\libcr_c.a(_cr_check_heap.o)
                0x00007fe0                __check_heap_overflow
 .text.__sys_appexit
                0x00007ff8        0xc c:/nxp/mcuxpressoide_11.1.0_3209/ide/plugins/com.nxp.mcuxpresso.tools.win32_11.1.0.201909161352/tools/bin/../lib/gcc/arm-none-eabi/8.3.1/../../../../arm-none-eabi/lib/thumb/v7e-m+fp/hard\libcr_semihost_nf.a(__sys_appexit.o)
                0x00007ff8                __sys_appexit
                0x00007ff8                __exit
 .text.USB_HostHidInPipeCallback
                0x00008004       0x42 ./usb/host/class/usb_host_hid.o
 .text.USB_HostHidControlCallback
                0x00008046       0x48 ./usb/host/class/usb_host_hid.o
 .text.USB_HostHidOpenInterface
                0x0000808e      0x1a0 ./usb/host/class/usb_host_hid.o
 .text.USB_HostHidSetInterfaceCallback
                0x0000822e       0x54 ./usb/host/class/usb_host_hid.o
 .text.USB_HostHidInit
                0x00008282       0x64 ./usb/host/class/usb_host_hid.o
                0x00008282                USB_HostHidInit
 .text.USB_HostHidDeinit
                0x000082e6       0xd6 ./usb/host/class/usb_host_hid.o
                0x000082e6                USB_HostHidDeinit
 .text.USB_HostHidGetPacketsize
                0x000083bc       0x44 ./usb/host/class/usb_host_hid.o
                0x000083bc                USB_HostHidGetPacketsize
 .text.USB_HostHidGetReportDescriptor
                0x00008400       0x3a ./usb/host/class/usb_host_hid.o
                0x00008400                USB_HostHidGetReportDescriptor
 .text.USB_HostHidSetIdle
                0x0000843a       0x3e ./usb/host/class/usb_host_hid.o
                0x0000843a                USB_HostHidSetIdle
 .text.USB_HostHidSetProtocol
                0x00008478       0x3c ./usb/host/class/usb_host_hid.o
                0x00008478                USB_HostHidSetProtocol
 .text.USB_HostHubControlCallback
                0x000084b4       0x48 ./usb/host/class/usb_host_hub.o
 .text.USB_HostHubInPipeCallback
                0x000084fc       0x42 ./usb/host/class/usb_host_hub.o
 .text.USB_HostHubInit
                0x0000853e       0x7c ./usb/host/class/usb_host_hub.o
                0x0000853e                USB_HostHubInit
 .text.USB_HostHubSetInterface
                0x000085ba      0x168 ./usb/host/class/usb_host_hub.o
                0x000085ba                USB_HostHubSetInterface
 .text.USB_HostHubDeinit
                0x00008722       0xa0 ./usb/host/class/usb_host_hub.o
                0x00008722                USB_HostHubDeinit
 .text.USB_HostHubGetDescriptor
                0x000087c2       0x3a ./usb/host/class/usb_host_hub.o
                0x000087c2                USB_HostHubGetDescriptor
 .text.USB_HostHubClearFeature
                0x000087fc       0x3e ./usb/host/class/usb_host_hub.o
                0x000087fc                USB_HostHubClearFeature
 .text.USB_HostHubGetStatus
                0x0000883a       0x3a ./usb/host/class/usb_host_hub.o
                0x0000883a                USB_HostHubGetStatus
 .text.USB_HostHubSetPortFeature
                0x00008874       0x42 ./usb/host/class/usb_host_hub.o
                0x00008874                USB_HostHubSetPortFeature
 .text.USB_HostHubClearPortFeature
                0x000088b6       0x42 ./usb/host/class/usb_host_hub.o
                0x000088b6                USB_HostHubClearPortFeature
 .text.USB_HostHubGetPortStatus
                0x000088f8       0x40 ./usb/host/class/usb_host_hub.o
                0x000088f8                USB_HostHubGetPortStatus
 .text.USB_HostHubProcessPort
                0x00008938       0x3c ./usb/host/class/usb_host_hub_app.o
 .text.USB_HostHubControlCallback
                0x00008974       0x92 ./usb/host/class/usb_host_hub_app.o
                0x00008974                USB_HostHubControlCallback
 .text.USB_HostHubInterruptInCallback
                0x00008a06       0x70 ./usb/host/class/usb_host_hub_app.o
                0x00008a06                USB_HostHubInterruptInCallback
 .text.USB_HostHubGetHsHubNumber
                0x00008a76       0x8e ./usb/host/class/usb_host_hub_app.o
                0x00008a76                USB_HostHubGetHsHubNumber
 .text.USB_HostHubGetHsHubPort
                0x00008b04       0x92 ./usb/host/class/usb_host_hub_app.o
                0x00008b04                USB_HostHubGetHsHubPort
 .text.USB_HostHubGetTotalThinkTime
                0x00008b96       0x64 ./usb/host/class/usb_host_hub_app.o
                0x00008b96                USB_HostHubGetTotalThinkTime
 .text.USB_HostNotifyDevice
                0x00008bfa       0xe6 ./usb/host/usb_host_devices.o
 .text.USB_HostAllocateDeviceAddress
                0x00008ce0       0xa6 ./usb/host/usb_host_devices.o
 .text.USB_HostReleaseDeviceAddress
                0x00008d86       0x60 ./usb/host/usb_host_devices.o
 .text.USB_HostRemoveDeviceInstance
                0x00008de6       0x76 ./usb/host/usb_host_devices.o
 .text.USB_HostReleaseDeviceResource
                0x00008e5c       0xb6 ./usb/host/usb_host_devices.o
 .text.USB_HostParseDeviceConfigurationDescriptor
                0x00008f12      0x3d0 ./usb/host/usb_host_devices.o
 .text.USB_HostAttachDevice
                0x000092e2      0x262 ./usb/host/usb_host_devices.o
                0x000092e2                USB_HostAttachDevice
 .text.USB_HostDetachDevice
                0x00009544       0x82 ./usb/host/usb_host_devices.o
                0x00009544                USB_HostDetachDevice
 .text.USB_HostDetachDeviceInternal
                0x000095c6       0x80 ./usb/host/usb_host_devices.o
                0x000095c6                USB_HostDetachDeviceInternal
 .text.USB_HostValidateDevice
                0x00009646       0x4a ./usb/host/usb_host_devices.o
                0x00009646                USB_HostValidateDevice
 .text.USB_HostControlBus
                0x00009690       0x3e ./usb/host/usb_host_devices.o
 .text.USB_HostCh9RequestCommon
                0x000096ce       0x56 ./usb/host/usb_host_framework.o
                0x000096ce                USB_HostCh9RequestCommon
 .text.USB_HostStandardSetAddress
                0x00009724       0x32 ./usb/host/usb_host_framework.o
                0x00009724                USB_HostStandardSetAddress
 .text.USB_HostStandardSetGetDescriptor
                0x00009756       0x50 ./usb/host/usb_host_framework.o
                0x00009756                USB_HostStandardSetGetDescriptor
 .text.USB_HostReleaseInstance
                0x000097a6       0x2a ./usb/host/usb_host_hci.o
 .text.USB_HostInit
                0x000097d0      0x168 ./usb/host/usb_host_hci.o
                0x000097d0                USB_HostInit
 .text.USB_HostOpenPipe
                0x00009938       0x44 ./usb/host/usb_host_hci.o
                0x00009938                USB_HostOpenPipe
 .text.USB_HostClosePipe
                0x0000997c       0x42 ./usb/host/usb_host_hci.o
                0x0000997c                USB_HostClosePipe
 .text.USB_HostSendSetup
                0x000099be       0x92 ./usb/host/usb_host_hci.o
                0x000099be                USB_HostSendSetup
 .text.USB_HostRecv
                0x00009a50       0x6e ./usb/host/usb_host_hci.o
                0x00009a50                USB_HostRecv
 .text.USB_HostCancelTransfer
                0x00009abe       0x4e ./usb/host/usb_host_hci.o
                0x00009abe                USB_HostCancelTransfer
 .text.USB_HostMallocTransfer
                0x00009b0c       0x74 ./usb/host/usb_host_hci.o
                0x00009b0c                USB_HostMallocTransfer
 .text.USB_HostFreeTransfer
                0x00009b80       0x54 ./usb/host/usb_host_hci.o
                0x00009b80                USB_HostFreeTransfer
 .text.USB_HostOhciDisableIsr
                0x00009bd4       0x4e ./usb/host/usb_host_ip3516hs.o
 .text.USB_HostOhciEnableIsr
                0x00009c22       0x4e ./usb/host/usb_host_ip3516hs.o
 .text.USB_HostIp3516HsDelay
                0x00009c70       0x46 ./usb/host/usb_host_ip3516hs.o
 .text.USB_HostIp3516HsGetNewPipe
                0x00009cb6       0x48 ./usb/host/usb_host_ip3516hs.o
 .text.USB_HostIp3516HsRemovePipe
                0x00009cfe       0x66 ./usb/host/usb_host_ip3516hs.o
 .text.USB_HostIp3516HsInsertPipe
                0x00009d64       0x60 ./usb/host/usb_host_ip3516hs.o
 .text.USB_HostIp3516HsGetBuffer
                0x00009dc4      0x1b0 ./usb/host/usb_host_ip3516hs.o
 .text.USB_HostIp3516HsFreeBuffer
                0x00009f74       0x7a ./usb/host/usb_host_ip3516hs.o
 .text.USB_HostIp3516HsGetPipe
                0x00009fee       0x98 ./usb/host/usb_host_ip3516hs.o
                0x00009fee                USB_HostIp3516HsGetPipe
 .text.USB_HostIp3516HsCheckAtlTransferSofar
                0x0000a086       0x88 ./usb/host/usb_host_ip3516hs.o
 .text.USB_HostIp3516HsCheckGetBufferFailedPipe
                0x0000a10e       0x7c ./usb/host/usb_host_ip3516hs.o
 .text.USB_HostIp3516HsSof
                0x0000a18a       0x7e ./usb/host/usb_host_ip3516hs.o
 .text.USB_HostIp3516HsControllerReset
                0x0000a208       0x30 ./usb/host/usb_host_ip3516hs.o
 .text.USB_HostIp3516HsDestory
                0x0000a238       0x80 ./usb/host/usb_host_ip3516hs.o
                0x0000a238                USB_HostIp3516HsDestory
 .text.USB_HostIp3516HsOpenPipe
                0x0000a2b8      0x210 ./usb/host/usb_host_ip3516hs.o
                0x0000a2b8                USB_HostIp3516HsOpenPipe
 .text.USB_HostIp3516HsClosePipe
                0x0000a4c8       0x60 ./usb/host/usb_host_ip3516hs.o
                0x0000a4c8                USB_HostIp3516HsClosePipe
 .text.USB_HostIp3516HsWritePipe
                0x0000a528       0xe2 ./usb/host/usb_host_ip3516hs.o
                0x0000a528                USB_HostIp3516HsWritePipe
 .text.USB_HostIp3516HsReadPipe
                0x0000a60a       0x20 ./usb/host/usb_host_ip3516hs.o
                0x0000a60a                USB_HostIp3516HsReadPipe
 .text.USB_HostIp3516HsTaskFunction
                0x0000a62a      0x144 ./usb/host/usb_host_ip3516hs.o
                0x0000a62a                USB_HostIp3516HsTaskFunction
 .text.WDT_BOD_IRQHandler
                0x0000a76e        0x8 ./startup/startup_lpc54608.o
                0x0000a76e                WDT_BOD_IRQHandler
 .text.DMA0_IRQHandler
                0x0000a776        0x8 ./startup/startup_lpc54608.o
                0x0000a776                DMA0_IRQHandler
 .text.GINT0_IRQHandler
                0x0000a77e        0x8 ./startup/startup_lpc54608.o
                0x0000a77e                GINT0_IRQHandler
 .text.GINT1_IRQHandler
                0x0000a786        0x8 ./startup/startup_lpc54608.o
                0x0000a786                GINT1_IRQHandler
 .text.PIN_INT0_IRQHandler
                0x0000a78e        0x8 ./startup/startup_lpc54608.o
                0x0000a78e                PIN_INT0_IRQHandler
 .text.PIN_INT1_IRQHandler
                0x0000a796        0x8 ./startup/startup_lpc54608.o
                0x0000a796                PIN_INT1_IRQHandler
 .text.PIN_INT2_IRQHandler
                0x0000a79e        0x8 ./startup/startup_lpc54608.o
                0x0000a79e                PIN_INT2_IRQHandler
 .text.PIN_INT3_IRQHandler
                0x0000a7a6        0x8 ./startup/startup_lpc54608.o
                0x0000a7a6                PIN_INT3_IRQHandler
 .text.UTICK0_IRQHandler
                0x0000a7ae        0x8 ./startup/startup_lpc54608.o
                0x0000a7ae                UTICK0_IRQHandler
 .text.MRT0_IRQHandler
                0x0000a7b6        0x8 ./startup/startup_lpc54608.o
                0x0000a7b6                MRT0_IRQHandler
 .text.CTIMER0_IRQHandler
                0x0000a7be        0x8 ./startup/startup_lpc54608.o
                0x0000a7be                CTIMER0_IRQHandler
 .text.CTIMER1_IRQHandler
                0x0000a7c6        0x8 ./startup/startup_lpc54608.o
                0x0000a7c6                CTIMER1_IRQHandler
 .text.SCT0_IRQHandler
                0x0000a7ce        0x8 ./startup/startup_lpc54608.o
                0x0000a7ce                SCT0_IRQHandler
 .text.CTIMER3_IRQHandler
                0x0000a7d6        0x8 ./startup/startup_lpc54608.o
                0x0000a7d6                CTIMER3_IRQHandler
 .text.FLEXCOMM0_IRQHandler
                0x0000a7de        0x8 ./startup/startup_lpc54608.o
                0x0000a7de                FLEXCOMM0_IRQHandler
 .text.FLEXCOMM1_IRQHandler
                0x0000a7e6        0x8 ./startup/startup_lpc54608.o
                0x0000a7e6                FLEXCOMM1_IRQHandler
 .text.FLEXCOMM2_IRQHandler
                0x0000a7ee        0x8 ./startup/startup_lpc54608.o
                0x0000a7ee                FLEXCOMM2_IRQHandler
 .text.FLEXCOMM3_IRQHandler
                0x0000a7f6        0x8 ./startup/startup_lpc54608.o
                0x0000a7f6                FLEXCOMM3_IRQHandler
 .text.FLEXCOMM4_IRQHandler
                0x0000a7fe        0x8 ./startup/startup_lpc54608.o
                0x0000a7fe                FLEXCOMM4_IRQHandler
 .text.FLEXCOMM5_IRQHandler
                0x0000a806        0x8 ./startup/startup_lpc54608.o
                0x0000a806                FLEXCOMM5_IRQHandler
 .text.FLEXCOMM6_IRQHandler
                0x0000a80e        0x8 ./startup/startup_lpc54608.o
                0x0000a80e                FLEXCOMM6_IRQHandler
 .text.FLEXCOMM7_IRQHandler
                0x0000a816        0x8 ./startup/startup_lpc54608.o
                0x0000a816                FLEXCOMM7_IRQHandler
 .text.ADC0_SEQA_IRQHandler
                0x0000a81e        0x8 ./startup/startup_lpc54608.o
                0x0000a81e                ADC0_SEQA_IRQHandler
 .text.ADC0_SEQB_IRQHandler
                0x0000a826        0x8 ./startup/startup_lpc54608.o
                0x0000a826                ADC0_SEQB_IRQHandler
 .text.ADC0_THCMP_IRQHandler
                0x0000a82e        0x8 ./startup/startup_lpc54608.o
                0x0000a82e                ADC0_THCMP_IRQHandler
 .text.DMIC0_IRQHandler
                0x0000a836        0x8 ./startup/startup_lpc54608.o
                0x0000a836                DMIC0_IRQHandler
 .text.HWVAD0_IRQHandler
                0x0000a83e        0x8 ./startup/startup_lpc54608.o
                0x0000a83e                HWVAD0_IRQHandler
 .text.USB0_NEEDCLK_IRQHandler
                0x0000a846        0x8 ./startup/startup_lpc54608.o
                0x0000a846                USB0_NEEDCLK_IRQHandler
 .text.USB0_IRQHandler
                0x0000a84e        0x8 ./startup/startup_lpc54608.o
                0x0000a84e                USB0_IRQHandler
 .text.RTC_IRQHandler
                0x0000a856        0x8 ./startup/startup_lpc54608.o
                0x0000a856                RTC_IRQHandler
 .text.Reserved46_IRQHandler
                0x0000a85e        0x8 ./startup/startup_lpc54608.o
                0x0000a85e                Reserved46_IRQHandler
 .text.Reserved47_IRQHandler
                0x0000a866        0x8 ./startup/startup_lpc54608.o
                0x0000a866                Reserved47_IRQHandler
 .text.PIN_INT4_IRQHandler
                0x0000a86e        0x8 ./startup/startup_lpc54608.o
                0x0000a86e                PIN_INT4_IRQHandler
 .text.PIN_INT5_IRQHandler
                0x0000a876        0x8 ./startup/startup_lpc54608.o
                0x0000a876                PIN_INT5_IRQHandler
 .text.PIN_INT6_IRQHandler
                0x0000a87e        0x8 ./startup/startup_lpc54608.o
                0x0000a87e                PIN_INT6_IRQHandler
 .text.PIN_INT7_IRQHandler
                0x0000a886        0x8 ./startup/startup_lpc54608.o
                0x0000a886                PIN_INT7_IRQHandler
 .text.CTIMER2_IRQHandler
                0x0000a88e        0x8 ./startup/startup_lpc54608.o
                0x0000a88e                CTIMER2_IRQHandler
 .text.CTIMER4_IRQHandler
                0x0000a896        0x8 ./startup/startup_lpc54608.o
                0x0000a896                CTIMER4_IRQHandler
 .text.RIT_IRQHandler
                0x0000a89e        0x8 ./startup/startup_lpc54608.o
                0x0000a89e                RIT_IRQHandler
 .text.SPIFI0_IRQHandler
                0x0000a8a6        0x8 ./startup/startup_lpc54608.o
                0x0000a8a6                SPIFI0_IRQHandler
 .text.FLEXCOMM8_IRQHandler
                0x0000a8ae        0x8 ./startup/startup_lpc54608.o
                0x0000a8ae                FLEXCOMM8_IRQHandler
 .text.FLEXCOMM9_IRQHandler
                0x0000a8b6        0x8 ./startup/startup_lpc54608.o
                0x0000a8b6                FLEXCOMM9_IRQHandler
 .text.SDIO_IRQHandler
                0x0000a8be        0x8 ./startup/startup_lpc54608.o
                0x0000a8be                SDIO_IRQHandler
 .text.CAN0_IRQ0_IRQHandler
                0x0000a8c6        0x8 ./startup/startup_lpc54608.o
                0x0000a8c6                CAN0_IRQ0_IRQHandler
 .text.CAN0_IRQ1_IRQHandler
                0x0000a8ce        0x8 ./startup/startup_lpc54608.o
                0x0000a8ce                CAN0_IRQ1_IRQHandler
 .text.CAN1_IRQ0_IRQHandler
                0x0000a8d6        0x8 ./startup/startup_lpc54608.o
                0x0000a8d6                CAN1_IRQ0_IRQHandler
 .text.CAN1_IRQ1_IRQHandler
                0x0000a8de        0x8 ./startup/startup_lpc54608.o
                0x0000a8de                CAN1_IRQ1_IRQHandler
 .text.USB1_NEEDCLK_IRQHandler
                0x0000a8e6        0x8 ./startup/startup_lpc54608.o
                0x0000a8e6                USB1_NEEDCLK_IRQHandler
 .text.ETHERNET_IRQHandler
                0x0000a8ee        0x8 ./startup/startup_lpc54608.o
                0x0000a8ee                ETHERNET_IRQHandler
 .text.ETHERNET_PMT_IRQHandler
                0x0000a8f6        0x8 ./startup/startup_lpc54608.o
                0x0000a8f6                ETHERNET_PMT_IRQHandler
 .text.ETHERNET_MACLP_IRQHandler
                0x0000a8fe        0x8 ./startup/startup_lpc54608.o
                0x0000a8fe                ETHERNET_MACLP_IRQHandler
 .text.EEPROM_IRQHandler
                0x0000a906        0x8 ./startup/startup_lpc54608.o
                0x0000a906                EEPROM_IRQHandler
 .text.LCD_IRQHandler
                0x0000a90e        0x8 ./startup/startup_lpc54608.o
                0x0000a90e                LCD_IRQHandler
 .text.SHA_IRQHandler
                0x0000a916        0x8 ./startup/startup_lpc54608.o
                0x0000a916                SHA_IRQHandler
 .text.SMARTCARD0_IRQHandler
                0x0000a91e        0x8 ./startup/startup_lpc54608.o
                0x0000a91e                SMARTCARD0_IRQHandler
 .text.SMARTCARD1_IRQHandler
                0x0000a926        0x8 ./startup/startup_lpc54608.o
                0x0000a926                SMARTCARD1_IRQHandler
 .text.EnableIRQ
                0x0000a92e       0x2c ./source/app.o
 .text.GPIO_PinWrite
                0x0000a95a       0x2a ./source/app.o
 .text.POWER_DisablePD
                0x0000a984       0x2e ./source/app.o
 .text.CTIMER_StartTimer
                0x0000a9b2       0x20 ./source/app.o
 .text.CTIMER_StopTimer
                0x0000a9d2       0x20 ./source/app.o
 .text.CTIMER_Reset
                0x0000a9f2       0x2c ./source/app.o
 .text.USB_HostIsrEnable
                0x0000aa1e       0x2e ./source/app.o
                0x0000aa1e                USB_HostIsrEnable
 .text.USB_HostTaskFn
                0x0000aa4c       0x16 ./source/app.o
                0x0000aa4c                USB_HostTaskFn
 .text.EnableIRQ
                0x0000aa62       0x2c ./source/fsl_ctimer.o
 .text.CTIMER_GetStatusFlags
                0x0000aa8e       0x18 ./source/fsl_ctimer.o
 .text.CTIMER_ClearStatusFlags
                0x0000aaa6       0x1c ./source/fsl_ctimer.o
 .text.CTIMER0_DriverIRQHandler
                0x0000aac2       0x12 ./source/fsl_ctimer.o
                0x0000aac2                CTIMER0_DriverIRQHandler
 .text.CTIMER1_DriverIRQHandler
                0x0000aad4       0x12 ./source/fsl_ctimer.o
                0x0000aad4                CTIMER1_DriverIRQHandler
 .text.CTIMER2_DriverIRQHandler
                0x0000aae6       0x12 ./source/fsl_ctimer.o
                0x0000aae6                CTIMER2_DriverIRQHandler
 .text.CTIMER3_DriverIRQHandler
                0x0000aaf8       0x12 ./source/fsl_ctimer.o
                0x0000aaf8                CTIMER3_DriverIRQHandler
 .text.CTIMER4_DriverIRQHandler
                0x0000ab0a       0x12 ./source/fsl_ctimer.o
                0x0000ab0a                CTIMER4_DriverIRQHandler
 .text.USB_HostHidInCallback
                0x0000ab1c       0x46 ./source/host_keyboard.o
 .text.USB_HostHidControlCallback
                0x0000ab62       0x5c ./source/host_keyboard.o
 .text.USB_HostHidControlCallback
                0x0000abbe       0x5c ./source/host_mouse.o
 .text.USB_HostHidInCallback
                0x0000ac1a       0x42 ./source/host_mouse.o
 .text.HardFault_Handler
                0x0000ac5c       0x2c ./source/semihost_hardfault.o
                0x0000ac5c                HardFault_Handler
 .text.CLOCK_SetFLASHAccessCycles
                0x0000ac88       0x34 ./drivers/fsl_clock.o
 .text.CLOCK_IsUsbPLLLocked
                0x0000acbc       0x24 ./drivers/fsl_clock.o
 .text.CLOCK_Enable_SysOsc
                0x0000ace0       0x5c ./drivers/fsl_clock.o
 .text.POWER_EnablePD
                0x0000ad3c       0x2e ./drivers/fsl_clock.o
 .text.POWER_DisablePD
                0x0000ad6a       0x2e ./drivers/fsl_clock.o
 .text.CLOCK_GetUsbPLLOutFromSetup
                0x0000ad98       0xe4 ./drivers/fsl_clock.o
                0x0000ad98                CLOCK_GetUsbPLLOutFromSetup
 .text.DelayLoop
                0x0000ae7c       0x20 ./drivers/fsl_common.o
 .text.GPIO_PinInit
                0x0000ae9c       0xa0 ./drivers/fsl_gpio.o
                0x0000ae9c                GPIO_PinInit
 .text.RESET_PeripheralReset
                0x0000af3c       0x1c ./drivers/fsl_reset.o
                0x0000af3c                RESET_PeripheralReset
 .text.SystemInitHook
                0x0000af58        0xe ./device/system_LPC54608.o
                0x0000af58                SystemInitHook
 .text.DisableGlobalIRQ
                0x0000af66       0x20 ./component/osa/fsl_os_abstraction_bm.o
 .text.EnableGlobalIRQ
                0x0000af86       0x1e ./component/osa/fsl_os_abstraction_bm.o
 .text.OSA_MemoryAllocate
                0x0000afa4       0x2a ./component/osa/fsl_os_abstraction_bm.o
                0x0000afa4                OSA_MemoryAllocate
 .text.OSA_MemoryFree
                0x0000afce       0x16 ./component/osa/fsl_os_abstraction_bm.o
                0x0000afce                OSA_MemoryFree
 .text.OSA_EnterCritical
                0x0000afe4       0x1a ./component/osa/fsl_os_abstraction_bm.o
                0x0000afe4                OSA_EnterCritical
 .text.OSA_ExitCritical
                0x0000affe       0x16 ./component/osa/fsl_os_abstraction_bm.o
                0x0000affe                OSA_ExitCritical
 .text.OSA_MutexLock
                0x0000b014       0x4e ./component/osa/fsl_os_abstraction_bm.o
                0x0000b014                OSA_MutexLock
 .text.OSA_EventSet
                0x0000b062       0x2c ./component/osa/fsl_os_abstraction_bm.o
                0x0000b062                OSA_EventSet
 .text.OSA_EventWait
                0x0000b08e       0x8a ./component/osa/fsl_os_abstraction_bm.o
                0x0000b08e                OSA_EventWait
 .text.BOARD_InitDebugConsole
                0x0000b118       0x10 ./board/board.o
                0x0000b118                BOARD_InitDebugConsole
 .text.POWER_DisablePD
                0x0000b128       0x2e ./board/clock_config.o
 .text.IOCON_PinMuxSet
                0x0000b156       0x2e ./board/pin_mux.o
 .text.__main   0x0000b184        0xe c:/nxp/mcuxpressoide_11.1.0_3209/ide/plugins/com.nxp.mcuxpresso.tools.win32_11.1.0.201909161352/tools/bin/../lib/gcc/arm-none-eabi/8.3.1/../../../../arm-none-eabi/lib/thumb/v7e-m+fp/hard\libcr_semihost_nf.a(_cr__main.o)
                0x0000b184                __CR_SEMIHOST
                0x0000b184                __main
 .text.memcpy   0x0000b192        0x4 c:/nxp/mcuxpressoide_11.1.0_3209/ide/plugins/com.nxp.mcuxpresso.tools.win32_11.1.0.201909161352/tools/bin/../lib/gcc/arm-none-eabi/8.3.1/../../../../arm-none-eabi/lib/thumb/v7e-m+fp/hard\libcr_c.a(memcpy.o)
                0x0000b192                memcpy
 .text.memset   0x0000b196        0x4 c:/nxp/mcuxpressoide_11.1.0_3209/ide/plugins/com.nxp.mcuxpresso.tools.win32_11.1.0.201909161352/tools/bin/../lib/gcc/arm-none-eabi/8.3.1/../../../../arm-none-eabi/lib/thumb/v7e-m+fp/hard\libcr_c.a(memset.o)
                0x0000b196                memset
 .text.free     0x0000b19a       0x30 c:/nxp/mcuxpressoide_11.1.0_3209/ide/plugins/com.nxp.mcuxpresso.tools.win32_11.1.0.201909161352/tools/bin/../lib/gcc/arm-none-eabi/8.3.1/../../../../arm-none-eabi/lib/thumb/v7e-m+fp/hard\libcr_c.a(alloc.o)
                0x0000b19a                free
 .text.no_fp_display
                0x0000b1ca        0x4 c:/nxp/mcuxpressoide_11.1.0_3209/ide/plugins/com.nxp.mcuxpresso.tools.win32_11.1.0.201909161352/tools/bin/../lib/gcc/arm-none-eabi/8.3.1/../../../../arm-none-eabi/lib/thumb/v7e-m+fp/hard\libcr_c.a(printf.o)
 .text.strlen   0x0000b1ce       0x4c c:/nxp/mcuxpressoide_11.1.0_3209/ide/plugins/com.nxp.mcuxpresso.tools.win32_11.1.0.201909161352/tools/bin/../lib/gcc/arm-none-eabi/8.3.1/../../../../arm-none-eabi/lib/thumb/v7e-m+fp/hard\libcr_c.a(strlen.o)
                0x0000b1ce                strlen
 .text._deferredlazyseek
                0x0000b21a       0x40 c:/nxp/mcuxpressoide_11.1.0_3209/ide/plugins/com.nxp.mcuxpresso.tools.win32_11.1.0.201909161352/tools/bin/../lib/gcc/arm-none-eabi/8.3.1/../../../../arm-none-eabi/lib/thumb/v7e-m+fp/hard\libcr_c.a(_deferredlazyseek.o)
                0x0000b21a                _deferredlazyseek
 .text.__flsbuf
                0x0000b25a      0x140 c:/nxp/mcuxpressoide_11.1.0_3209/ide/plugins/com.nxp.mcuxpresso.tools.win32_11.1.0.201909161352/tools/bin/../lib/gcc/arm-none-eabi/8.3.1/../../../../arm-none-eabi/lib/thumb/v7e-m+fp/hard\libcr_c.a(_deferredlazyseek.o)
                0x0000b25a                __flsbuf
 .text._fdopen  0x0000b39a       0x68 c:/nxp/mcuxpressoide_11.1.0_3209/ide/plugins/com.nxp.mcuxpresso.tools.win32_11.1.0.201909161352/tools/bin/../lib/gcc/arm-none-eabi/8.3.1/../../../../arm-none-eabi/lib/thumb/v7e-m+fp/hard\libcr_c.a(_fdopen.o)
                0x0000b39a                _fdopen
 .text._fflush  0x0000b402       0x52 c:/nxp/mcuxpressoide_11.1.0_3209/ide/plugins/com.nxp.mcuxpresso.tools.win32_11.1.0.201909161352/tools/bin/../lib/gcc/arm-none-eabi/8.3.1/../../../../arm-none-eabi/lib/thumb/v7e-m+fp/hard\libcr_c.a(_fflush.o)
                0x0000b402                _fflush
 .text.fclose   0x0000b454       0x58 c:/nxp/mcuxpressoide_11.1.0_3209/ide/plugins/com.nxp.mcuxpresso.tools.win32_11.1.0.201909161352/tools/bin/../lib/gcc/arm-none-eabi/8.3.1/../../../../arm-none-eabi/lib/thumb/v7e-m+fp/hard\libcr_c.a(fclose.o)
                0x0000b454                fclose
 .text.remove   0x0000b4ac       0x14 c:/nxp/mcuxpressoide_11.1.0_3209/ide/plugins/com.nxp.mcuxpresso.tools.win32_11.1.0.201909161352/tools/bin/../lib/gcc/arm-none-eabi/8.3.1/../../../../arm-none-eabi/lib/thumb/v7e-m+fp/hard\libcr_c.a(remove.o)
                0x0000b4ac                remove
 .text._do_fflush
                0x0000b4c0       0x40 c:/nxp/mcuxpressoide_11.1.0_3209/ide/plugins/com.nxp.mcuxpresso.tools.win32_11.1.0.201909161352/tools/bin/../lib/gcc/arm-none-eabi/8.3.1/../../../../arm-none-eabi/lib/thumb/v7e-m+fp/hard\libcr_c.a(_do_fflush.o)
                0x0000b4c0                _do_fflush
 .text.__aeabi_division_uldivmod
                0x0000b500      0x174 c:/nxp/mcuxpressoide_11.1.0_3209/ide/plugins/com.nxp.mcuxpresso.tools.win32_11.1.0.201909161352/tools/bin/../lib/gcc/arm-none-eabi/8.3.1/thumb/v7e-m+fp/hard\libcr_eabihelpers.a(division_64.o)
                0x0000b500                __aeabi_uldivmod
                0x0000b504                __bhs_ldivmod1
 .text.__aeabi_division_idiv0
                0x0000b674        0x2 c:/nxp/mcuxpressoide_11.1.0_3209/ide/plugins/com.nxp.mcuxpresso.tools.win32_11.1.0.201909161352/tools/bin/../lib/gcc/arm-none-eabi/8.3.1/thumb/v7e-m+fp/hard\libcr_eabihelpers.a(division_idiv0.o)
                0x0000b674                __aeabi_idiv0
 .text.__aeabi_memcpy
                0x0000b676       0x34 c:/nxp/mcuxpressoide_11.1.0_3209/ide/plugins/com.nxp.mcuxpresso.tools.win32_11.1.0.201909161352/tools/bin/../lib/gcc/arm-none-eabi/8.3.1/thumb/v7e-m+fp/hard\libcr_eabihelpers.a(memcpy.o)
                0x0000b676                __aeabi_memcpy
                0x0000b680                __aeabi_memcpy8
                0x0000b680                __aeabi_memcpy4
 .text.__aeabi_memset_lowlevel
                0x0000b6aa       0x32 c:/nxp/mcuxpressoide_11.1.0_3209/ide/plugins/com.nxp.mcuxpresso.tools.win32_11.1.0.201909161352/tools/bin/../lib/gcc/arm-none-eabi/8.3.1/thumb/v7e-m+fp/hard\libcr_eabihelpers.a(memcpy.o)
                0x0000b6aa                __aeabi_lowlevel_memset
 .text.__sys_close
                0x0000b6dc        0xc c:/nxp/mcuxpressoide_11.1.0_3209/ide/plugins/com.nxp.mcuxpresso.tools.win32_11.1.0.201909161352/tools/bin/../lib/gcc/arm-none-eabi/8.3.1/../../../../arm-none-eabi/lib/thumb/v7e-m+fp/hard\libcr_semihost_nf.a(__sys_close.o)
                0x0000b6dc                __sys_close
 .text.__sys_flen
                0x0000b6e8        0xc c:/nxp/mcuxpressoide_11.1.0_3209/ide/plugins/com.nxp.mcuxpresso.tools.win32_11.1.0.201909161352/tools/bin/../lib/gcc/arm-none-eabi/8.3.1/../../../../arm-none-eabi/lib/thumb/v7e-m+fp/hard\libcr_semihost_nf.a(__sys_flen.o)
                0x0000b6e8                __sys_flen
 .text.__sys_istty
                0x0000b6f4        0xc c:/nxp/mcuxpressoide_11.1.0_3209/ide/plugins/com.nxp.mcuxpresso.tools.win32_11.1.0.201909161352/tools/bin/../lib/gcc/arm-none-eabi/8.3.1/../../../../arm-none-eabi/lib/thumb/v7e-m+fp/hard\libcr_semihost_nf.a(__sys_istty.o)
                0x0000b6f4                __sys_istty
 .text.__sys_remove
                0x0000b700        0xc c:/nxp/mcuxpressoide_11.1.0_3209/ide/plugins/com.nxp.mcuxpresso.tools.win32_11.1.0.201909161352/tools/bin/../lib/gcc/arm-none-eabi/8.3.1/../../../../arm-none-eabi/lib/thumb/v7e-m+fp/hard\libcr_semihost_nf.a(__sys_remove.o)
                0x0000b700                __sys_remove
 .text.__sys_seek
                0x0000b70c        0xc c:/nxp/mcuxpressoide_11.1.0_3209/ide/plugins/com.nxp.mcuxpresso.tools.win32_11.1.0.201909161352/tools/bin/../lib/gcc/arm-none-eabi/8.3.1/../../../../arm-none-eabi/lib/thumb/v7e-m+fp/hard\libcr_semihost_nf.a(__sys_seek.o)
                0x0000b70c                __sys_seek
 .text.__sys_tmpnam
                0x0000b718        0xc c:/nxp/mcuxpressoide_11.1.0_3209/ide/plugins/com.nxp.mcuxpresso.tools.win32_11.1.0.201909161352/tools/bin/../lib/gcc/arm-none-eabi/8.3.1/../../../../arm-none-eabi/lib/thumb/v7e-m+fp/hard\libcr_semihost_nf.a(__sys_tmpnam.o)
                0x0000b718                __sys_tmpnam
 .text.__sys_write
                0x0000b724        0xc c:/nxp/mcuxpressoide_11.1.0_3209/ide/plugins/com.nxp.mcuxpresso.tools.win32_11.1.0.201909161352/tools/bin/../lib/gcc/arm-none-eabi/8.3.1/../../../../arm-none-eabi/lib/thumb/v7e-m+fp/hard\libcr_semihost_nf.a(__sys_write.o)
                0x0000b724                __sys_write
 *(SORT_BY_ALIGNMENT(.rodata) SORT_BY_ALIGNMENT(.rodata.*) SORT_BY_ALIGNMENT(.constdata) SORT_BY_ALIGNMENT(.constdata.*))
 .rodata.__assertion_failed.str1.4
                0x0000b730       0x14 ./utilities/fsl_assert.o
 .rodata.USB_HostHubDeviceEvent.str1.4
                0x0000b744       0x3f ./usb/host/class/usb_host_hub_app.o
 *fill*         0x0000b783        0x1 ff
 .rodata.s_EnumEntries
                0x0000b784       0x38 ./usb/host/usb_host_devices.o
 .rodata.s_Ip3516HsInterface
                0x0000b7bc       0x1c ./usb/host/usb_host_hci.o
 .rodata.USB_HostEvent.str1.4
                0x0000b7d8       0x2d ./source/app.o
 *fill*         0x0000b805        0x3 ff
 .rodata.USB_HostApplicationInit.str1.4
                0x0000b808       0x25 ./source/app.o
 *fill*         0x0000b82d        0x3 ff
 .rodata.startMeasurements.str1.4
                0x0000b830       0x15 ./source/app.o
 *fill*         0x0000b845        0x3 ff
 .rodata.onUsbEnumerationDone.str1.4
                0x0000b848       0x13 ./source/app.o
 .rodata.receivedReportCb.str1.4
                0x0000b85b       0x13 ./source/app.o
                                  0x5 (size before relaxing)
 *fill*         0x0000b85b        0x1 ff
 .rodata        0x0000b85c        0x2 ./source/app.o
 *fill*         0x0000b85e        0x2 ff
 .rodata.s_ctimerBases
                0x0000b860       0x14 ./source/fsl_ctimer.o
 .rodata.s_ctimerClocks
                0x0000b874        0xa ./source/fsl_ctimer.o
 *fill*         0x0000b87e        0x2 ff
 .rodata.s_ctimerResets
                0x0000b880       0x14 ./source/fsl_ctimer.o
 .rodata.s_ctimerIRQ
                0x0000b894        0x5 ./source/fsl_ctimer.o
 *fill*         0x0000b899        0x3 ff
 .rodata.CTIMER_GetInstance.str1.4
                0x0000b89c       0x2f ./source/fsl_ctimer.o
 *fill*         0x0000b8cb        0x1 ff
 .rodata.CTIMER_Init.str1.4
                0x0000b8cc       0x22 ./source/fsl_ctimer.o
 *fill*         0x0000b8ee        0x2 ff
 .rodata.CTIMER_GetDefaultConfig.str1.4
                0x0000b8f0       0x23 ./source/fsl_ctimer.o
 *fill*         0x0000b913        0x1 ff
 .rodata.USB_HostHidKeyboardTask.str1.4
                0x0000b914       0xfb ./source/host_keyboard.o
 *fill*         0x0000ba0f        0x1 ff
 .rodata.USB_HostHidKeyboardEvent.str1.4
                0x0000ba10       0x5e ./source/host_keyboard.o
 *fill*         0x0000ba6e        0x2 ff
 .rodata.USB_HostMouseProcessBuffer.str1.4
                0x0000ba70       0x93 ./source/host_mouse.o
                                 0x9f (size before relaxing)
 *fill*         0x0000bb03        0x1 ff
 .rodata.USB_HostHidMouseTask.str1.4
                0x0000bb04       0x6a ./source/host_mouse.o
                                 0xdf (size before relaxing)
 *fill*         0x0000bb6e        0x2 ff
 .rodata.USB_HostHidMouseEvent.str1.4
                0x0000bb70       0x36 ./source/host_mouse.o
                                 0x52 (size before relaxing)
 *fill*         0x0000bba6        0x2 ff
 .rodata        0x0000bba8        0xc ./drivers/fsl_clock.o
 .rodata.SDK_DelayAtLeastUs.str1.4
                0x0000bbb4       0x4c ./drivers/fsl_common.o
 .rodata.FLEXCOMM0_DriverIRQHandler.str1.4
                0x0000bc00       0x2e ./drivers/fsl_flexcomm.o
 *fill*         0x0000bc2e        0x2 ff
 .rodata.FLEXCOMM1_DriverIRQHandler.str1.4
                0x0000bc30       0x2e ./drivers/fsl_flexcomm.o
 *fill*         0x0000bc5e        0x2 ff
 .rodata.FLEXCOMM2_DriverIRQHandler.str1.4
                0x0000bc60       0x2e ./drivers/fsl_flexcomm.o
 *fill*         0x0000bc8e        0x2 ff
 .rodata.FLEXCOMM3_DriverIRQHandler.str1.4
                0x0000bc90       0x2e ./drivers/fsl_flexcomm.o
 *fill*         0x0000bcbe        0x2 ff
 .rodata.FLEXCOMM4_DriverIRQHandler.str1.4
                0x0000bcc0       0x2e ./drivers/fsl_flexcomm.o
 *fill*         0x0000bcee        0x2 ff
 .rodata.FLEXCOMM5_DriverIRQHandler.str1.4
                0x0000bcf0       0x2e ./drivers/fsl_flexcomm.o
 *fill*         0x0000bd1e        0x2 ff
 .rodata.FLEXCOMM6_DriverIRQHandler.str1.4
                0x0000bd20       0x2e ./drivers/fsl_flexcomm.o
 *fill*         0x0000bd4e        0x2 ff
 .rodata.FLEXCOMM7_DriverIRQHandler.str1.4
                0x0000bd50       0x2e ./drivers/fsl_flexcomm.o
 *fill*         0x0000bd7e        0x2 ff
 .rodata.FLEXCOMM8_DriverIRQHandler.str1.4
                0x0000bd80       0x2e ./drivers/fsl_flexcomm.o
 *fill*         0x0000bdae        0x2 ff
 .rodata.FLEXCOMM9_DriverIRQHandler.str1.4
                0x0000bdb0       0x2e ./drivers/fsl_flexcomm.o
 *fill*         0x0000bdde        0x2 ff
 .rodata.s_gpioClockName
                0x0000bde0        0xc ./drivers/fsl_gpio.o
 .rodata.s_gpioResets
                0x0000bdec       0x18 ./drivers/fsl_gpio.o
 .rodata.GPIO_PortInit.str1.4
                0x0000be04       0x34 ./drivers/fsl_gpio.o
 .rodata.RESET_SetPeripheralReset.str1.4
                0x0000be38       0x20 ./drivers/fsl_reset.o
 .rodata.RESET_ClearPeripheralReset.str1.4
                0x0000be58       0x20 ./drivers/fsl_reset.o
 .rodata.OSA_MutexCreate.str1.4
                0x0000be78       0x2b ./component/osa/fsl_os_abstraction_bm.o
 *fill*         0x0000bea3        0x1 ff
 .rodata.OSA_MutexUnlock.str1.4
                0x0000bea4       0x2b ./component/osa/fsl_os_abstraction_bm.o
 *fill*         0x0000becf        0x1 ff
 .rodata.OSA_MutexDestroy.str1.4
                0x0000bed0       0x2b ./component/osa/fsl_os_abstraction_bm.o
 *fill*         0x0000befb        0x1 ff
 .rodata.OSA_EventCreate.str1.4
                0x0000befc       0x2b ./component/osa/fsl_os_abstraction_bm.o
 *fill*         0x0000bf27        0x1 ff
 .rodata.OSA_EventDestroy.str1.4
                0x0000bf28       0x2c ./component/osa/fsl_os_abstraction_bm.o
                                 0x2b (size before relaxing)
 .rodata.__num_Ciob_streams
                0x0000bf54        0x4 c:/nxp/mcuxpressoide_11.1.0_3209/ide/plugins/com.nxp.mcuxpresso.tools.win32_11.1.0.201909161352/tools/bin/../lib/gcc/arm-none-eabi/8.3.1/../../../../arm-none-eabi/lib/thumb/v7e-m+fp/hard\libcr_semihost_nf.a(__ciob.o)
                0x0000bf54                __num_Ciob_streams
 .rodata._Csys_alloc.str1.1
                0x0000bf58       0x18 c:/nxp/mcuxpressoide_11.1.0_3209/ide/plugins/com.nxp.mcuxpresso.tools.win32_11.1.0.201909161352/tools/bin/../lib/gcc/arm-none-eabi/8.3.1/../../../../arm-none-eabi/lib/thumb/v7e-m+fp/hard\libcr_c.a(alloc.o)
 .rodata._initio.str1.1
                0x0000bf70        0x4 c:/nxp/mcuxpressoide_11.1.0_3209/ide/plugins/com.nxp.mcuxpresso.tools.win32_11.1.0.201909161352/tools/bin/../lib/gcc/arm-none-eabi/8.3.1/../../../../arm-none-eabi/lib/thumb/v7e-m+fp/hard\libcr_c.a(initio.o)
 .rodata.__vfprintf.str1.1
                0x0000bf74       0x37 c:/nxp/mcuxpressoide_11.1.0_3209/ide/plugins/com.nxp.mcuxpresso.tools.win32_11.1.0.201909161352/tools/bin/../lib/gcc/arm-none-eabi/8.3.1/../../../../arm-none-eabi/lib/thumb/v7e-m+fp/hard\libcr_c.a(printf.o)
                                 0x38 (size before relaxing)
                0x0000bfac                . = ALIGN (0x4)
 *fill*         0x0000bfab        0x1 ff

.glue_7         0x0000bfac        0x0
 .glue_7        0x0000bfac        0x0 linker stubs

.glue_7t        0x0000bfac        0x0
 .glue_7t       0x0000bfac        0x0 linker stubs

.vfp11_veneer   0x0000bfac        0x0
 .vfp11_veneer  0x0000bfac        0x0 linker stubs

.v4_bx          0x0000bfac        0x0
 .v4_bx         0x0000bfac        0x0 linker stubs

.iplt           0x0000bfac        0x0
 .iplt          0x0000bfac        0x0 ./utilities/fsl_assert.o

.rel.dyn        0x0000bfac        0x0
 .rel.iplt      0x0000bfac        0x0 ./utilities/fsl_assert.o

.ARM.extab
 *(SORT_BY_ALIGNMENT(.ARM.extab*) SORT_BY_ALIGNMENT(.gnu.linkonce.armextab.*))
                0x0000bfac                __exidx_start = .

.ARM.exidx
 *(SORT_BY_ALIGNMENT(.ARM.exidx*) SORT_BY_ALIGNMENT(.gnu.linkonce.armexidx.*))
                0x0000bfac                __exidx_end = .
                0x0000bfac                _etext = .

.m_usb_data     0x40100000     0x1a00
 *(SORT_BY_ALIGNMENT(m_usb_global))
 m_usb_global   0x40100000     0x1a00 ./usb/host/usb_host_ip3516hs.o
                0x40100000                s_UsbHostIp3516HsPtd
                0x40100600                s_UsbHostIp3516HsBufferArray

.data_RAM2      0x04000000        0x0 load address 0x0000bfac
 FILL mask 0xff
                [!provide]                PROVIDE (__start_data_RAM2 = .)
                [!provide]                PROVIDE (__start_data_SRAMX = .)
 *(SORT_BY_ALIGNMENT(.ramfunc.$RAM2))
 *(SORT_BY_ALIGNMENT(.ramfunc.$SRAMX))
 *(SORT_BY_ALIGNMENT(.data.$RAM2))
 *(SORT_BY_ALIGNMENT(.data.$SRAMX))
 *(SORT_BY_ALIGNMENT(.data.$RAM2.*))
 *(SORT_BY_ALIGNMENT(.data.$SRAMX.*))
                0x04000000                . = ALIGN (0x4)
                [!provide]                PROVIDE (__end_data_RAM2 = .)
                [!provide]                PROVIDE (__end_data_SRAMX = .)

.data_RAM3      0x40101a00        0x0 load address 0x0000bfac
 FILL mask 0xff
                [!provide]                PROVIDE (__start_data_RAM3 = .)
                [!provide]                PROVIDE (__start_data_USB_RAM = .)
 *(SORT_BY_ALIGNMENT(.ramfunc.$RAM3))
 *(SORT_BY_ALIGNMENT(.ramfunc.$USB_RAM))
 *(SORT_BY_ALIGNMENT(.data.$RAM3))
 *(SORT_BY_ALIGNMENT(.data.$USB_RAM))
 *(SORT_BY_ALIGNMENT(.data.$RAM3.*))
 *(SORT_BY_ALIGNMENT(.data.$USB_RAM.*))
                0x40101a00                . = ALIGN (0x4)
                [!provide]                PROVIDE (__end_data_RAM3 = .)
                [!provide]                PROVIDE (__end_data_USB_RAM = .)

.data_RAM4      0xa0000000        0x0 load address 0x0000bfac
 FILL mask 0xff
                [!provide]                PROVIDE (__start_data_RAM4 = .)
                [!provide]                PROVIDE (__start_data_BOARD_SDRAM = .)
 *(SORT_BY_ALIGNMENT(.ramfunc.$RAM4))
 *(SORT_BY_ALIGNMENT(.ramfunc.$BOARD_SDRAM))
 *(SORT_BY_ALIGNMENT(.data.$RAM4))
 *(SORT_BY_ALIGNMENT(.data.$BOARD_SDRAM))
 *(SORT_BY_ALIGNMENT(.data.$RAM4.*))
 *(SORT_BY_ALIGNMENT(.data.$BOARD_SDRAM.*))
                0xa0000000                . = ALIGN (0x4)
                [!provide]                PROVIDE (__end_data_RAM4 = .)
                [!provide]                PROVIDE (__end_data_BOARD_SDRAM = .)

.uninit_RESERVED
                0x20000000        0x0
                0x20000000                _start_uninit_RESERVED = .
 *(SORT_BY_ALIGNMENT(.bss.$RESERVED*))
                0x20000000                . = ALIGN (0x4)
                0x20000000                _end_uninit_RESERVED = .

.data           0x20000000       0x14 load address 0x0000bfac
 FILL mask 0xff
                0x20000000                _data = .
                [!provide]                PROVIDE (__start_data_RAM = .)
                [!provide]                PROVIDE (__start_data_SRAM_UPPER = .)
 *(SORT_BY_ALIGNMENT(vtable))
 *(SORT_BY_ALIGNMENT(.ramfunc*))
 *(SORT_BY_ALIGNMENT(CodeQuickAccess))
 *(SORT_BY_ALIGNMENT(DataQuickAccess))
 *(SORT_BY_ALIGNMENT(RamFunction))
 *(SORT_BY_ALIGNMENT(.data*))
 .data.s_SlotMaxBandwidth
                0x20000000        0x8 ./usb/host/usb_host_ip3516hs.o
 .data.cb_func.9163
                0x20000008        0x4 ./source/app.o
 .data.cb_func.9168
                0x2000000c        0x4 ./source/app.o
 .data.SystemCoreClock
                0x20000010        0x4 ./device/system_LPC54608.o
                0x20000010                SystemCoreClock
                0x20000014                . = ALIGN (0x4)
                0x20000014                _edata = .
                [!provide]                PROVIDE (__end_data_RAM = .)
                [!provide]                PROVIDE (__end_data_SRAM_UPPER = .)

.igot.plt       0x20000014        0x0 load address 0x0000bfc0
 .igot.plt      0x20000014        0x0 ./utilities/fsl_assert.o

.bss_RAM2       0x04000000        0x0
                [!provide]                PROVIDE (__start_bss_RAM2 = .)
                [!provide]                PROVIDE (__start_bss_SRAMX = .)
 *(SORT_BY_ALIGNMENT(.bss.$RAM2))
 *(SORT_BY_ALIGNMENT(.bss.$SRAMX))
 *(SORT_BY_ALIGNMENT(.bss.$RAM2.*))
 *(SORT_BY_ALIGNMENT(.bss.$SRAMX.*))
                0x04000000                . = ALIGN ((. != 0x0)?0x4:0x1)
                [!provide]                PROVIDE (__end_bss_RAM2 = .)
                [!provide]                PROVIDE (__end_bss_SRAMX = .)

.bss_RAM3       0x40101a00        0x0
                [!provide]                PROVIDE (__start_bss_RAM3 = .)
                [!provide]                PROVIDE (__start_bss_USB_RAM = .)
 *(SORT_BY_ALIGNMENT(.bss.$RAM3))
 *(SORT_BY_ALIGNMENT(.bss.$USB_RAM))
 *(SORT_BY_ALIGNMENT(.bss.$RAM3.*))
 *(SORT_BY_ALIGNMENT(.bss.$USB_RAM.*))
                0x40101a00                . = ALIGN ((. != 0x0)?0x4:0x1)
                [!provide]                PROVIDE (__end_bss_RAM3 = .)
                [!provide]                PROVIDE (__end_bss_USB_RAM = .)

.bss_RAM4       0xa0000000        0x0
                [!provide]                PROVIDE (__start_bss_RAM4 = .)
                [!provide]                PROVIDE (__start_bss_BOARD_SDRAM = .)
 *(SORT_BY_ALIGNMENT(.bss.$RAM4))
 *(SORT_BY_ALIGNMENT(.bss.$BOARD_SDRAM))
 *(SORT_BY_ALIGNMENT(.bss.$RAM4.*))
 *(SORT_BY_ALIGNMENT(.bss.$BOARD_SDRAM.*))
                0xa0000000                . = ALIGN ((. != 0x0)?0x4:0x1)
                [!provide]                PROVIDE (__end_bss_RAM4 = .)
                [!provide]                PROVIDE (__end_bss_BOARD_SDRAM = .)

.bss            0x20000014     0xaa44
                0x20000014                _bss = .
                [!provide]                PROVIDE (__start_bss_RAM = .)
                [!provide]                PROVIDE (__start_bss_SRAM_UPPER = .)
 *(SORT_BY_ALIGNMENT(.bss*))
 .bss.s_HubDeviceHandle
                0x20000014        0x4 ./usb/host/class/usb_host_hub_app.o
 .bss.s_HubInterfaceHandle
                0x20000018        0x4 ./usb/host/class/usb_host_hub_app.o
 .bss.s_HubGlobalArray
                0x2000001c       0x1c ./usb/host/class/usb_host_hub_app.o
 .bss.g_UsbHostInstance
                0x20000038      0x2f8 ./usb/host/usb_host_hci.o
                0x20000038                g_UsbHostInstance
 .bss.s_Setupbuffer
                0x20000330       0x80 ./usb/host/usb_host_hci.o
 .bss.s_UsbHostIp3516HsState
                0x200003b0      0x74c ./usb/host/usb_host_ip3516hs.o
 .bss.interruptStatus.9711
                0x20000afc        0x4 ./usb/host/usb_host_ip3516hs.o
 .bss.sofCount.9712
                0x20000b00        0x4 ./usb/host/usb_host_ip3516hs.o
 .bss.g_HostHandle
                0x20000b04        0x4 ./source/app.o
                0x20000b04                g_HostHandle
 .bss.latency   0x20000b08     0x9c40 ./source/app.o
                0x20000b08                latency
 .bss.idx       0x2000a748        0x4 ./source/app.o
                0x2000a748                idx
 .bss.s_ctimerCallback
                0x2000a74c       0x14 ./source/fsl_ctimer.o
 .bss.ctimerCallbackType
                0x2000a760        0x5 ./source/fsl_ctimer.o
 *fill*         0x2000a765        0x3 
 .bss.s_KeyboardBuffer
                0x2000a768       0xc8 ./source/host_keyboard.o
 .bss.g_HostHidKeyboard
                0x2000a830       0x24 ./source/host_keyboard.o
                0x2000a830                g_HostHidKeyboard
 .bss.s_MouseBuffer
                0x2000a854       0xc8 ./source/host_mouse.o
 .bss.g_HostHidMouse
                0x2000a91c       0x1c ./source/host_mouse.o
                0x2000a91c                g_HostHidMouse
 .bss.s_Usb_Pll_Freq
                0x2000a938        0x4 ./drivers/fsl_clock.o
 .bss.s_flexcommIrqHandler
                0x2000a93c       0x28 ./drivers/fsl_flexcomm.o
 .bss.s_flexcommHandle
                0x2000a964       0x28 ./drivers/fsl_flexcomm.o
 .bss.s_osaState
                0x2000a98c        0x8 ./component/osa/fsl_os_abstraction_bm.o
 .bss.__end_of_heap
                0x2000a994        0x4 c:/nxp/mcuxpressoide_11.1.0_3209/ide/plugins/com.nxp.mcuxpresso.tools.win32_11.1.0.201909161352/tools/bin/../lib/gcc/arm-none-eabi/8.3.1/../../../../arm-none-eabi/lib/thumb/v7e-m+fp/hard\libcr_c.a(__init_alloc.o)
                0x2000a994                __end_of_heap
 .bss.__heaps   0x2000a998        0x4 c:/nxp/mcuxpressoide_11.1.0_3209/ide/plugins/com.nxp.mcuxpresso.tools.win32_11.1.0.201909161352/tools/bin/../lib/gcc/arm-none-eabi/8.3.1/../../../../arm-none-eabi/lib/thumb/v7e-m+fp/hard\libcr_c.a(__init_alloc.o)
                0x2000a998                __heaps
 .bss.errno     0x2000a99c        0x4 c:/nxp/mcuxpressoide_11.1.0_3209/ide/plugins/com.nxp.mcuxpresso.tools.win32_11.1.0.201909161352/tools/bin/../lib/gcc/arm-none-eabi/8.3.1/../../../../arm-none-eabi/lib/thumb/v7e-m+fp/hard\libcr_c.a(errno.o)
                0x2000a99c                errno
 .bss.__Ciob    0x2000a9a0       0xb4 c:/nxp/mcuxpressoide_11.1.0_3209/ide/plugins/com.nxp.mcuxpresso.tools.win32_11.1.0.201909161352/tools/bin/../lib/gcc/arm-none-eabi/8.3.1/../../../../arm-none-eabi/lib/thumb/v7e-m+fp/hard\libcr_semihost_nf.a(__ciob.o)
                0x2000a9a0                __Ciob
 .bss.pressed   0x2000aa54        0x1 ./source/app.o
                0x2000aa54                pressed
 *(SORT_BY_ALIGNMENT(COMMON))
                0x2000aa58                . = ALIGN (0x4)
 *fill*         0x2000aa55        0x3 
                0x2000aa58                _ebss = .
                [!provide]                PROVIDE (__end_bss_RAM = .)
                [!provide]                PROVIDE (__end_bss_SRAM_UPPER = .)
                [!provide]                PROVIDE (end = .)

.noinit_RAM2    0x04000000        0x0
                [!provide]                PROVIDE (__start_noinit_RAM2 = .)
                [!provide]                PROVIDE (__start_noinit_SRAMX = .)
 *(SORT_BY_ALIGNMENT(.noinit.$RAM2))
 *(SORT_BY_ALIGNMENT(.noinit.$SRAMX))
 *(SORT_BY_ALIGNMENT(.noinit.$RAM2.*))
 *(SORT_BY_ALIGNMENT(.noinit.$SRAMX.*))
                0x04000000                . = ALIGN (0x4)
                [!provide]                PROVIDE (__end_noinit_RAM2 = .)
                [!provide]                PROVIDE (__end_noinit_SRAMX = .)

.noinit_RAM3    0x40101a00        0x0
                [!provide]                PROVIDE (__start_noinit_RAM3 = .)
                [!provide]                PROVIDE (__start_noinit_USB_RAM = .)
 *(SORT_BY_ALIGNMENT(.noinit.$RAM3))
 *(SORT_BY_ALIGNMENT(.noinit.$USB_RAM))
 *(SORT_BY_ALIGNMENT(.noinit.$RAM3.*))
 *(SORT_BY_ALIGNMENT(.noinit.$USB_RAM.*))
                0x40101a00                . = ALIGN (0x4)
                [!provide]                PROVIDE (__end_noinit_RAM3 = .)
                [!provide]                PROVIDE (__end_noinit_USB_RAM = .)

.noinit_RAM4    0xa0000000        0x0
                [!provide]                PROVIDE (__start_noinit_RAM4 = .)
                [!provide]                PROVIDE (__start_noinit_BOARD_SDRAM = .)
 *(SORT_BY_ALIGNMENT(.noinit.$RAM4))
 *(SORT_BY_ALIGNMENT(.noinit.$BOARD_SDRAM))
 *(SORT_BY_ALIGNMENT(.noinit.$RAM4.*))
 *(SORT_BY_ALIGNMENT(.noinit.$BOARD_SDRAM.*))
                0xa0000000                . = ALIGN (0x4)
                [!provide]                PROVIDE (__end_noinit_RAM4 = .)
                [!provide]                PROVIDE (__end_noinit_BOARD_SDRAM = .)

.noinit         0x2000aa58        0x0
                0x2000aa58                _noinit = .
                [!provide]                PROVIDE (__start_noinit_RAM = .)
                [!provide]                PROVIDE (__start_noinit_SRAM_UPPER = .)
 *(SORT_BY_ALIGNMENT(.noinit*))
                0x2000aa58                . = ALIGN (0x4)
                0x2000aa58                _end_noinit = .
                [!provide]                PROVIDE (__end_noinit_RAM = .)
                [!provide]                PROVIDE (__end_noinit_SRAM_UPPER = .)
                0x00001000                _HeapSize = 0x1000

.heap           0x2000aa58     0x1000
                0x2000aa58                _pvHeapStart = .
                0x2000ba58                . = (. + _HeapSize)
 *fill*         0x2000aa58     0x1000 
                0x2000ba58                . = ALIGN (0x4)
                0x2000ba58                _pvHeapLimit = .
                0x00002000                _StackSize = 0x2000

.heap2stackfill
                0x2000ba58     0x2000
                0x2000da58                . = (. + _StackSize)
 *fill*         0x2000ba58     0x2000 

.stack          0x20026000        0x0
                0x20026000                _vStackBase = .
                0x20026000                . = ALIGN (0x4)
                0x20028000                _vStackTop = (. + _StackSize)
                0xdffcca28                PROVIDE (__valid_user_code_checksum = (0x0 - ((((((_vStackTop + (ResetISR + 0x1)) + (NMI_Handler + 0x1)) + (HardFault_Handler + 0x1)) + (DEFINED (MemManage_Handler)?MemManage_Handler:0x0 + 0x1)) + (DEFINED (BusFault_Handler)?BusFault_Handler:0x0 + 0x1)) + (DEFINED (UsageFault_Handler)?UsageFault_Handler:0x0 + 0x1))))
                0x00000000                _image_start = LOADADDR (.text)
                0x0000bfc0                _image_end = (LOADADDR (.data) + SIZEOF (.data))
                0x0000bfc0                _image_size = (_image_end - _image_start)
OUTPUT(lpcxpresso54608_host_hid_mouse_keyboard_bm.axf elf32-littlearm)

.debug_info     0x00000000    0x20970
 .debug_info    0x00000000      0x243 ./utilities/fsl_assert.o
 .debug_info    0x00000243     0x1198 ./usb/host/class/usb_host_hid.o
 .debug_info    0x000013db     0x10c5 ./usb/host/class/usb_host_hub.o
 .debug_info    0x000024a0     0x165a ./usb/host/class/usb_host_hub_app.o
 .debug_info    0x00003afa     0x1bb4 ./usb/host/usb_host_devices.o
 .debug_info    0x000056ae      0xf4d ./usb/host/usb_host_framework.o
 .debug_info    0x000065fb     0x193e ./usb/host/usb_host_hci.o
 .debug_info    0x00007f39     0x3ba8 ./usb/host/usb_host_ip3516hs.o
 .debug_info    0x0000bae1      0x6c6 ./startup/startup_lpc54608.o
 .debug_info    0x0000c1a7     0x2468 ./source/app.o
 .debug_info    0x0000e60f     0x20f6 ./source/fsl_ctimer.o
 .debug_info    0x00010705      0xe62 ./source/host_keyboard.o
 .debug_info    0x00011567      0xdac ./source/host_mouse.o
 .debug_info    0x00012313       0x3c ./source/semihost_hardfault.o
 .debug_info    0x0001234f     0x3102 ./drivers/fsl_clock.o
 .debug_info    0x00015451     0x10f3 ./drivers/fsl_common.o
 .debug_info    0x00016544     0x19dd ./drivers/fsl_flexcomm.o
 .debug_info    0x00017f21     0x161e ./drivers/fsl_gpio.o
 .debug_info    0x0001953f      0xde5 ./drivers/fsl_reset.o
 .debug_info    0x0001a324      0xf2c ./device/system_LPC54608.o
 .debug_info    0x0001b250      0xf23 ./component/osa/fsl_os_abstraction_bm.o
 .debug_info    0x0001c173     0x141d ./board/board.o
 .debug_info    0x0001d590     0x10e6 ./board/clock_config.o
 .debug_info    0x0001e676      0xf65 ./board/pin_mux.o
 .debug_info    0x0001f5db     0x1395 C:\Users\embli\Documents\MCUXpressoIDE_11.1.0_3209\workspace\lpcxpresso54608_host_hid_mouse_keyboard_bm\libs\libpower_hardabi.a(fsl_power_lib.o)

.debug_abbrev   0x00000000     0x3ada
 .debug_abbrev  0x00000000       0xe9 ./utilities/fsl_assert.o
 .debug_abbrev  0x000000e9      0x210 ./usb/host/class/usb_host_hid.o
 .debug_abbrev  0x000002f9      0x1da ./usb/host/class/usb_host_hub.o
 .debug_abbrev  0x000004d3      0x256 ./usb/host/class/usb_host_hub_app.o
 .debug_abbrev  0x00000729      0x28b ./usb/host/usb_host_devices.o
 .debug_abbrev  0x000009b4      0x1ca ./usb/host/usb_host_framework.o
 .debug_abbrev  0x00000b7e      0x2f3 ./usb/host/usb_host_hci.o
 .debug_abbrev  0x00000e71      0x3e8 ./usb/host/usb_host_ip3516hs.o
 .debug_abbrev  0x00001259      0x16d ./startup/startup_lpc54608.o
 .debug_abbrev  0x000013c6      0x388 ./source/app.o
 .debug_abbrev  0x0000174e      0x364 ./source/fsl_ctimer.o
 .debug_abbrev  0x00001ab2      0x255 ./source/host_keyboard.o
 .debug_abbrev  0x00001d07      0x219 ./source/host_mouse.o
 .debug_abbrev  0x00001f20       0x31 ./source/semihost_hardfault.o
 .debug_abbrev  0x00001f51      0x38e ./drivers/fsl_clock.o
 .debug_abbrev  0x000022df      0x28b ./drivers/fsl_common.o
 .debug_abbrev  0x0000256a      0x30f ./drivers/fsl_flexcomm.o
 .debug_abbrev  0x00002879      0x246 ./drivers/fsl_gpio.o
 .debug_abbrev  0x00002abf      0x188 ./drivers/fsl_reset.o
 .debug_abbrev  0x00002c47      0x1fc ./device/system_LPC54608.o
 .debug_abbrev  0x00002e43      0x389 ./component/osa/fsl_os_abstraction_bm.o
 .debug_abbrev  0x000031cc      0x20e ./board/board.o
 .debug_abbrev  0x000033da      0x1c9 ./board/clock_config.o
 .debug_abbrev  0x000035a3      0x1f3 ./board/pin_mux.o
 .debug_abbrev  0x00003796      0x344 C:\Users\embli\Documents\MCUXpressoIDE_11.1.0_3209\workspace\lpcxpresso54608_host_hid_mouse_keyboard_bm\libs\libpower_hardabi.a(fsl_power_lib.o)

.debug_aranges  0x00000000     0x1020
 .debug_aranges
                0x00000000       0x20 ./utilities/fsl_assert.o
 .debug_aranges
                0x00000020       0xb0 ./usb/host/class/usb_host_hid.o
 .debug_aranges
                0x000000d0       0x90 ./usb/host/class/usb_host_hub.o
 .debug_aranges
                0x00000160       0x88 ./usb/host/class/usb_host_hub_app.o
 .debug_aranges
                0x000001e8       0xa8 ./usb/host/usb_host_devices.o
 .debug_aranges
                0x00000290       0x60 ./usb/host/usb_host_framework.o
 .debug_aranges
                0x000002f0       0x98 ./usb/host/usb_host_hci.o
 .debug_aranges
                0x00000388      0x160 ./usb/host/usb_host_ip3516hs.o
 .debug_aranges
                0x000004e8      0x248 ./startup/startup_lpc54608.o
 .debug_aranges
                0x00000730       0xb0 ./source/app.o
 .debug_aranges
                0x000007e0       0xd8 ./source/fsl_ctimer.o
 .debug_aranges
                0x000008b8       0x48 ./source/host_keyboard.o
 .debug_aranges
                0x00000900       0x40 ./source/host_mouse.o
 .debug_aranges
                0x00000940       0x20 ./source/semihost_hardfault.o
 .debug_aranges
                0x00000960      0x2c8 ./drivers/fsl_clock.o
 .debug_aranges
                0x00000c28       0x68 ./drivers/fsl_common.o
 .debug_aranges
                0x00000c90       0x98 ./drivers/fsl_flexcomm.o
 .debug_aranges
                0x00000d28       0x30 ./drivers/fsl_gpio.o
 .debug_aranges
                0x00000d58       0x30 ./drivers/fsl_reset.o
 .debug_aranges
                0x00000d88       0x68 ./device/system_LPC54608.o
 .debug_aranges
                0x00000df0      0x120 ./component/osa/fsl_os_abstraction_bm.o
 .debug_aranges
                0x00000f10       0x30 ./board/board.o
 .debug_aranges
                0x00000f40       0x48 ./board/clock_config.o
 .debug_aranges
                0x00000f88       0x30 ./board/pin_mux.o
 .debug_aranges
                0x00000fb8       0x68 C:\Users\embli\Documents\MCUXpressoIDE_11.1.0_3209\workspace\lpcxpresso54608_host_hid_mouse_keyboard_bm\libs\libpower_hardabi.a(fsl_power_lib.o)

.debug_ranges   0x00000000      0xed8
 .debug_ranges  0x00000000       0x10 ./utilities/fsl_assert.o
 .debug_ranges  0x00000010       0xa0 ./usb/host/class/usb_host_hid.o
 .debug_ranges  0x000000b0       0x80 ./usb/host/class/usb_host_hub.o
 .debug_ranges  0x00000130       0x78 ./usb/host/class/usb_host_hub_app.o
 .debug_ranges  0x000001a8       0x98 ./usb/host/usb_host_devices.o
 .debug_ranges  0x00000240       0x50 ./usb/host/usb_host_framework.o
 .debug_ranges  0x00000290       0x88 ./usb/host/usb_host_hci.o
 .debug_ranges  0x00000318      0x168 ./usb/host/usb_host_ip3516hs.o
 .debug_ranges  0x00000480      0x238 ./startup/startup_lpc54608.o
 .debug_ranges  0x000006b8       0xa0 ./source/app.o
 .debug_ranges  0x00000758       0xc8 ./source/fsl_ctimer.o
 .debug_ranges  0x00000820       0x38 ./source/host_keyboard.o
 .debug_ranges  0x00000858       0x30 ./source/host_mouse.o
 .debug_ranges  0x00000888       0x10 ./source/semihost_hardfault.o
 .debug_ranges  0x00000898      0x2b8 ./drivers/fsl_clock.o
 .debug_ranges  0x00000b50       0x58 ./drivers/fsl_common.o
 .debug_ranges  0x00000ba8       0x88 ./drivers/fsl_flexcomm.o
 .debug_ranges  0x00000c30       0x20 ./drivers/fsl_gpio.o
 .debug_ranges  0x00000c50       0x20 ./drivers/fsl_reset.o
 .debug_ranges  0x00000c70       0x58 ./device/system_LPC54608.o
 .debug_ranges  0x00000cc8      0x110 ./component/osa/fsl_os_abstraction_bm.o
 .debug_ranges  0x00000dd8       0x20 ./board/board.o
 .debug_ranges  0x00000df8       0x38 ./board/clock_config.o
 .debug_ranges  0x00000e30       0x20 ./board/pin_mux.o
 .debug_ranges  0x00000e50       0x88 C:\Users\embli\Documents\MCUXpressoIDE_11.1.0_3209\workspace\lpcxpresso54608_host_hid_mouse_keyboard_bm\libs\libpower_hardabi.a(fsl_power_lib.o)

.debug_macro    0x00000000    0x13c00
 .debug_macro   0x00000000      0x166 ./utilities/fsl_assert.o
 .debug_macro   0x00000166      0xaf0 ./utilities/fsl_assert.o
 .debug_macro   0x00000c56       0x10 ./utilities/fsl_assert.o
 .debug_macro   0x00000c66       0x1c ./utilities/fsl_assert.o
 .debug_macro   0x00000c82       0x22 ./utilities/fsl_assert.o
 .debug_macro   0x00000ca4      0x12e ./utilities/fsl_assert.o
 .debug_macro   0x00000dd2      0x5b3 ./utilities/fsl_assert.o
 .debug_macro   0x00001385       0x22 ./utilities/fsl_assert.o
 .debug_macro   0x000013a7       0x10 ./utilities/fsl_assert.o
 .debug_macro   0x000013b7       0x38 ./utilities/fsl_assert.o
 .debug_macro   0x000013ef       0x1c ./utilities/fsl_assert.o
 .debug_macro   0x0000140b       0x22 ./utilities/fsl_assert.o
 .debug_macro   0x0000142d       0xd8 ./utilities/fsl_assert.o
 .debug_macro   0x00001505     0x1011 ./utilities/fsl_assert.o
 .debug_macro   0x00002516      0x11f ./utilities/fsl_assert.o
 .debug_macro   0x00002635       0x2e ./utilities/fsl_assert.o
 .debug_macro   0x00002663     0xdb5e ./utilities/fsl_assert.o
 .debug_macro   0x000101c1      0x357 ./utilities/fsl_assert.o
 .debug_macro   0x00010518       0xd0 ./utilities/fsl_assert.o
 .debug_macro   0x000105e8      0x2a8 ./utilities/fsl_assert.o
 .debug_macro   0x00010890       0x16 ./utilities/fsl_assert.o
 .debug_macro   0x000108a6       0xe3 ./utilities/fsl_assert.o
 .debug_macro   0x00010989       0x2e ./utilities/fsl_assert.o
 .debug_macro   0x000109b7       0x28 ./utilities/fsl_assert.o
 .debug_macro   0x000109df       0x32 ./utilities/fsl_assert.o
 .debug_macro   0x00010a11       0x16 ./utilities/fsl_assert.o
 .debug_macro   0x00010a27       0xd2 ./utilities/fsl_assert.o
 .debug_macro   0x00010af9       0x1c ./utilities/fsl_assert.o
 .debug_macro   0x00010b15      0x1a1 ./usb/host/class/usb_host_hid.o
 .debug_macro   0x00010cb6       0xb7 ./usb/host/class/usb_host_hid.o
 .debug_macro   0x00010d6d       0xd8 ./usb/host/class/usb_host_hid.o
 .debug_macro   0x00010e45       0x22 ./usb/host/class/usb_host_hid.o
 .debug_macro   0x00010e67       0xfa ./usb/host/class/usb_host_hid.o
 .debug_macro   0x00010f61       0x3a ./usb/host/class/usb_host_hid.o
 .debug_macro   0x00010f9b       0x19 ./usb/host/class/usb_host_hid.o
 .debug_macro   0x00010fb4      0x1cf ./usb/host/class/usb_host_hid.o
 .debug_macro   0x00011183      0x2c7 ./usb/host/class/usb_host_hid.o
 .debug_macro   0x0001144a       0x28 ./usb/host/class/usb_host_hid.o
 .debug_macro   0x00011472       0x5e ./usb/host/class/usb_host_hid.o
 .debug_macro   0x000114d0      0x1a1 ./usb/host/class/usb_host_hub.o
 .debug_macro   0x00011671       0x82 ./usb/host/class/usb_host_hub.o
 .debug_macro   0x000116f3      0x1cd ./usb/host/class/usb_host_hub_app.o
 .debug_macro   0x000118c0       0x16 ./usb/host/class/usb_host_hub_app.o
 .debug_macro   0x000118d6       0x10 ./usb/host/class/usb_host_hub_app.o
 .debug_macro   0x000118e6      0x1b4 ./usb/host/usb_host_devices.o
 .debug_macro   0x00011a9a      0x1b1 ./usb/host/usb_host_framework.o
 .debug_macro   0x00011c4b      0x1ba ./usb/host/usb_host_hci.o
 .debug_macro   0x00011e05      0x2ce ./usb/host/usb_host_hci.o
 .debug_macro   0x000120d3      0x1ba ./usb/host/usb_host_ip3516hs.o
 .debug_macro   0x0001228d       0x32 ./startup/startup_lpc54608.o
 .debug_macro   0x000122bf       0x34 ./startup/startup_lpc54608.o
 .debug_macro   0x000122f3      0x22d ./source/app.o
 .debug_macro   0x00012520       0x2e ./source/app.o
 .debug_macro   0x0001254e       0x10 ./source/app.o
 .debug_macro   0x0001255e      0x25f ./source/app.o
 .debug_macro   0x000127bd       0x10 ./source/app.o
 .debug_macro   0x000127cd       0x16 ./source/app.o
 .debug_macro   0x000127e3       0x46 ./source/app.o
 .debug_macro   0x00012829       0x22 ./source/app.o
 .debug_macro   0x0001284b       0x10 ./source/app.o
 .debug_macro   0x0001285b      0x12e ./source/fsl_ctimer.o
 .debug_macro   0x00012989      0x1c3 ./source/host_keyboard.o
 .debug_macro   0x00012b4c      0x1bd ./source/host_mouse.o
 .debug_macro   0x00012d09       0x11 ./source/semihost_hardfault.o
 .debug_macro   0x00012d1a      0x22f ./drivers/fsl_clock.o
 .debug_macro   0x00012f49      0x124 ./drivers/fsl_common.o
 .debug_macro   0x0001306d      0x127 ./drivers/fsl_flexcomm.o
 .debug_macro   0x00013194       0x10 ./drivers/fsl_flexcomm.o
 .debug_macro   0x000131a4      0x12e ./drivers/fsl_gpio.o
 .debug_macro   0x000132d2      0x11e ./drivers/fsl_reset.o
 .debug_macro   0x000133f0       0xdf ./device/system_LPC54608.o
 .debug_macro   0x000134cf      0x161 ./component/osa/fsl_os_abstraction_bm.o
 .debug_macro   0x00013630      0x1ea ./board/board.o
 .debug_macro   0x0001381a       0x28 ./board/board.o
 .debug_macro   0x00013842       0x58 ./board/board.o
 .debug_macro   0x0001389a      0x13e ./board/clock_config.o
 .debug_macro   0x000139d8       0x1c ./board/clock_config.o
 .debug_macro   0x000139f4      0x12a ./board/pin_mux.o
 .debug_macro   0x00013b1e       0xe2 ./board/pin_mux.o

.debug_line     0x00000000    0x101cf
 .debug_line    0x00000000      0x526 ./utilities/fsl_assert.o
 .debug_line    0x00000526      0xb62 ./usb/host/class/usb_host_hid.o
 .debug_line    0x00001088      0x9f5 ./usb/host/class/usb_host_hub.o
 .debug_line    0x00001a7d      0xfef ./usb/host/class/usb_host_hub_app.o