Archive member included to satisfy reference by file (symbol)

C:\Users\embli\Documents\MCUXpressoIDE_11.1.0_3209\workspace\lpcxpresso54608_host_hid_mouse_keyboard_bm\libs\libpower_hardabi.a(fsl_power_lib.o)
                              ./drivers/fsl_clock.o (POWER_SetVoltageForFreq)
c:/nxp/mcuxpressoide_11.1.0_3209/ide/plugins/com.nxp.mcuxpresso.tools.win32_11.1.0.201909161352/tools/bin/../lib/gcc/arm-none-eabi/8.3.1/../../../../arm-none-eabi/lib/thumb/v7e-m+fp/hard\libcr_semihost_nf.a(_cr__main.o)
                              ./startup/startup_lpc54608.o (__main)
c:/nxp/mcuxpressoide_11.1.0_3209/ide/plugins/com.nxp.mcuxpresso.tools.win32_11.1.0.201909161352/tools/bin/../lib/gcc/arm-none-eabi/8.3.1/../../../../arm-none-eabi/lib/thumb/v7e-m+fp/hard\libcr_c.a(memcpy.o)
                              ./usb/host/usb_host_ip3516hs.o (memcpy)
c:/nxp/mcuxpressoide_11.1.0_3209/ide/plugins/com.nxp.mcuxpresso.tools.win32_11.1.0.201909161352/tools/bin/../lib/gcc/arm-none-eabi/8.3.1/../../../../arm-none-eabi/lib/thumb/v7e-m+fp/hard\libcr_c.a(memset.o)
                              ./utilities/fsl_debug_console.o (memset)
c:/nxp/mcuxpressoide_11.1.0_3209/ide/plugins/com.nxp.mcuxpresso.tools.win32_11.1.0.201909161352/tools/bin/../lib/gcc/arm-none-eabi/8.3.1/../../../../arm-none-eabi/lib/thumb/v7e-m+fp/hard\libcr_c.a(alloc.o)
                              ./drivers/fsl_common.o (malloc)
c:/nxp/mcuxpressoide_11.1.0_3209/ide/plugins/com.nxp.mcuxpresso.tools.win32_11.1.0.201909161352/tools/bin/../lib/gcc/arm-none-eabi/8.3.1/../../../../arm-none-eabi/lib/thumb/v7e-m+fp/hard\libcr_c.a(initio.o)
                              c:/nxp/mcuxpressoide_11.1.0_3209/ide/plugins/com.nxp.mcuxpresso.tools.win32_11.1.0.201909161352/tools/bin/../lib/gcc/arm-none-eabi/8.3.1/../../../../arm-none-eabi/lib/thumb/v7e-m+fp/hard\libcr_semihost_nf.a(_cr__main.o) (_initio)
c:/nxp/mcuxpressoide_11.1.0_3209/ide/plugins/com.nxp.mcuxpresso.tools.win32_11.1.0.201909161352/tools/bin/../lib/gcc/arm-none-eabi/8.3.1/../../../../arm-none-eabi/lib/thumb/v7e-m+fp/hard\libcr_c.a(memcmp.o)
                              ./source/app.o (memcmp)
c:/nxp/mcuxpressoide_11.1.0_3209/ide/plugins/com.nxp.mcuxpresso.tools.win32_11.1.0.201909161352/tools/bin/../lib/gcc/arm-none-eabi/8.3.1/../../../../arm-none-eabi/lib/thumb/v7e-m+fp/hard\libcr_c.a(setvbuf.o)
                              c:/nxp/mcuxpressoide_11.1.0_3209/ide/plugins/com.nxp.mcuxpresso.tools.win32_11.1.0.201909161352/tools/bin/../lib/gcc/arm-none-eabi/8.3.1/../../../../arm-none-eabi/lib/thumb/v7e-m+fp/hard\libcr_c.a(initio.o) (setvbuf)
c:/nxp/mcuxpressoide_11.1.0_3209/ide/plugins/com.nxp.mcuxpresso.tools.win32_11.1.0.201909161352/tools/bin/../lib/gcc/arm-none-eabi/8.3.1/../../../../arm-none-eabi/lib/thumb/v7e-m+fp/hard\libcr_c.a(strlen.o)
                              ./utilities/fsl_str.o (strlen)
c:/nxp/mcuxpressoide_11.1.0_3209/ide/plugins/com.nxp.mcuxpresso.tools.win32_11.1.0.201909161352/tools/bin/../lib/gcc/arm-none-eabi/8.3.1/../../../../arm-none-eabi/lib/thumb/v7e-m+fp/hard\libcr_c.a(__init_alloc.o)
                              c:/nxp/mcuxpressoide_11.1.0_3209/ide/plugins/com.nxp.mcuxpresso.tools.win32_11.1.0.201909161352/tools/bin/../lib/gcc/arm-none-eabi/8.3.1/../../../../arm-none-eabi/lib/thumb/v7e-m+fp/hard\libcr_c.a(alloc.o) (__heaps)
c:/nxp/mcuxpressoide_11.1.0_3209/ide/plugins/com.nxp.mcuxpresso.tools.win32_11.1.0.201909161352/tools/bin/../lib/gcc/arm-none-eabi/8.3.1/../../../../arm-none-eabi/lib/thumb/v7e-m+fp/hard\libcr_c.a(_cr_sbrk.o)
                              c:/nxp/mcuxpressoide_11.1.0_3209/ide/plugins/com.nxp.mcuxpresso.tools.win32_11.1.0.201909161352/tools/bin/../lib/gcc/arm-none-eabi/8.3.1/../../../../arm-none-eabi/lib/thumb/v7e-m+fp/hard\libcr_c.a(alloc.o) (_sbrk)
c:/nxp/mcuxpressoide_11.1.0_3209/ide/plugins/com.nxp.mcuxpresso.tools.win32_11.1.0.201909161352/tools/bin/../lib/gcc/arm-none-eabi/8.3.1/../../../../arm-none-eabi/lib/thumb/v7e-m+fp/hard\libcr_c.a(_fdopen.o)
                              c:/nxp/mcuxpressoide_11.1.0_3209/ide/plugins/com.nxp.mcuxpresso.tools.win32_11.1.0.201909161352/tools/bin/../lib/gcc/arm-none-eabi/8.3.1/../../../../arm-none-eabi/lib/thumb/v7e-m+fp/hard\libcr_c.a(initio.o) (_fdopen)
c:/nxp/mcuxpressoide_11.1.0_3209/ide/plugins/com.nxp.mcuxpresso.tools.win32_11.1.0.201909161352/tools/bin/../lib/gcc/arm-none-eabi/8.3.1/../../../../arm-none-eabi/lib/thumb/v7e-m+fp/hard\libcr_c.a(errno.o)
                              c:/nxp/mcuxpressoide_11.1.0_3209/ide/plugins/com.nxp.mcuxpresso.tools.win32_11.1.0.201909161352/tools/bin/../lib/gcc/arm-none-eabi/8.3.1/../../../../arm-none-eabi/lib/thumb/v7e-m+fp/hard\libcr_c.a(_cr_sbrk.o) (errno)
c:/nxp/mcuxpressoide_11.1.0_3209/ide/plugins/com.nxp.mcuxpresso.tools.win32_11.1.0.201909161352/tools/bin/../lib/gcc/arm-none-eabi/8.3.1/../../../../arm-none-eabi/lib/thumb/v7e-m+fp/hard\libcr_c.a(fclose.o)
[...]
Memory Configuration

Name             Origin             Length             Attributes
PROGRAM_FLASH    0x00000000         0x00080000         xr
BOARD_FLASH      0x10000000         0x01000000         xr
SRAM_UPPER       0x20000000         0x00028000         xrw
SRAMX            0x04000000         0x00008000         xrw
USB_RAM          0x40100000         0x00002000         xrw
BOARD_SDRAM      0xa0000000         0x01000000         xrw
*default*        0x00000000         0xffffffff

Linker script and memory map

LOAD ./utilities/fsl_assert.o
LOAD ./utilities/fsl_debug_console.o
LOAD ./utilities/fsl_str.o
LOAD ./usb/host/class/usb_host_hid.o
LOAD ./usb/host/class/usb_host_hub.o
LOAD ./usb/host/class/usb_host_hub_app.o
LOAD ./usb/host/usb_host_devices.o
LOAD ./usb/host/usb_host_framework.o
LOAD ./usb/host/usb_host_hci.o
LOAD ./usb/host/usb_host_ip3516hs.o
LOAD ./usb/host/usb_host_ohci.o
LOAD ./startup/startup_lpc54608.o
LOAD ./source/app.o
LOAD ./source/host_keyboard.o
LOAD ./source/host_mouse.o
LOAD ./source/sdcard_fatfs.o
LOAD ./source/semihost_hardfault.o
LOAD ./sdmmc/src/fsl_sd.o
LOAD ./sdmmc/src/fsl_sdmmc_common.o
LOAD ./sdmmc/port/fsl_sdmmc_event.o
LOAD ./sdmmc/port/fsl_sdmmc_host.o
LOAD ./fatfs/source/fsl_sd_disk/fsl_sd_disk.o
LOAD ./fatfs/source/fsl_ram_disk/fsl_ram_disk.o
LOAD ./fatfs/source/diskio.o
LOAD ./fatfs/source/ff.o
LOAD ./fatfs/source/ffsystem.o
LOAD ./fatfs/source/ffunicode.o
LOAD ./drivers/fsl_clock.o
LOAD ./drivers/fsl_common.o
LOAD ./drivers/fsl_ctimer.o
LOAD ./drivers/fsl_emc.o
LOAD ./drivers/fsl_flexcomm.o
LOAD ./drivers/fsl_gpio.o
LOAD ./drivers/fsl_power.o
LOAD ./drivers/fsl_reset.o
LOAD ./drivers/fsl_sdif.o
LOAD ./drivers/fsl_usart.o
LOAD ./device/system_LPC54608.o
LOAD ./component/uart/usart_adapter.o
LOAD ./component/serial_manager/serial_manager.o
LOAD ./component/serial_manager/serial_port_uart.o
LOAD ./component/osa/fsl_os_abstraction_bm.o
LOAD ./component/lists/generic_list.o
LOAD ./board/board.o
LOAD ./board/clock_config.o
LOAD ./board/pin_mux.o
LOAD ./board/sdcard_pin_mux.o
LOAD C:\Users\embli\Documents\MCUXpressoIDE_11.1.0_3209\workspace\lpcxpresso54608_host_hid_mouse_keyboard_bm\libs\libpower_hardabi.a
START GROUP
LOAD c:/nxp/mcuxpressoide_11.1.0_3209/ide/plugins/com.nxp.mcuxpresso.tools.win32_11.1.0.201909161352/tools/bin/../lib/gcc/arm-none-eabi/8.3.1/../../../../arm-none-eabi/lib/thumb/v7e-m+fp/hard\libcr_semihost_nf.a
LOAD c:/nxp/mcuxpressoide_11.1.0_3209/ide/plugins/com.nxp.mcuxpresso.tools.win32_11.1.0.201909161352/tools/bin/../lib/gcc/arm-none-eabi/8.3.1/../../../../arm-none-eabi/lib/thumb/v7e-m+fp/hard\libcr_c.a
LOAD c:/nxp/mcuxpressoide_11.1.0_3209/ide/plugins/com.nxp.mcuxpresso.tools.win32_11.1.0.201909161352/tools/bin/../lib/gcc/arm-none-eabi/8.3.1/thumb/v7e-m+fp/hard\libcr_eabihelpers.a
LOAD c:/nxp/mcuxpressoide_11.1.0_3209/ide/plugins/com.nxp.mcuxpresso.tools.win32_11.1.0.201909161352/tools/bin/../lib/gcc/arm-none-eabi/8.3.1/thumb/v7e-m+fp/hard\libgcc.a
END GROUP
                0x00000000                __base_PROGRAM_FLASH = 0x0
                0x00000000                __base_Flash = 0x0
                0x00080000                __top_PROGRAM_FLASH = 0x80000
                0x00080000                __top_Flash = 0x80000
                0x10000000                __base_BOARD_FLASH = 0x10000000
                0x10000000                __base_Flash2 = 0x10000000
                0x11000000                __top_BOARD_FLASH = 0x11000000
                0x11000000                __top_Flash2 = 0x11000000
                0x20000000                __base_SRAM_UPPER = 0x20000000
                0x20000000                __base_RAM = 0x20000000
                0x20028000                __top_SRAM_UPPER = 0x20028000
                0x20028000                __top_RAM = 0x20028000
                0x04000000                __base_SRAMX = 0x4000000
                0x04000000                __base_RAM2 = 0x4000000
                0x04008000                __top_SRAMX = 0x4008000
                0x04008000                __top_RAM2 = 0x4008000
                0x40100000                __base_USB_RAM = 0x40100000
                0x40100000                __base_RAM3 = 0x40100000
                0x40102000                __top_USB_RAM = 0x40102000
                0x40102000                __top_RAM3 = 0x40102000
                0xa0000000                __base_BOARD_SDRAM = 0xa0000000
                0xa0000000                __base_RAM4 = 0xa0000000
                0xa1000000                __top_BOARD_SDRAM = 0xa1000000
                0xa1000000                __top_RAM4 = 0xa1000000

.text_Flash2    0x10000000        0x0
 FILL mask 0xff
 *(SORT_BY_ALIGNMENT(.text_Flash2))
 *(SORT_BY_ALIGNMENT(.text_BOARD_FLASH))
 *(SORT_BY_ALIGNMENT(.text.$Flash2))
 *(SORT_BY_ALIGNMENT(.text.$BOARD_FLASH))
 *(SORT_BY_ALIGNMENT(.text_Flash2.*))
 *(SORT_BY_ALIGNMENT(.text_BOARD_FLASH.*))
 *(SORT_BY_ALIGNMENT(.text.$Flash2.*))
 *(SORT_BY_ALIGNMENT(.text.$BOARD_FLASH.*))
 *(SORT_BY_ALIGNMENT(.rodata.$Flash2))
 *(SORT_BY_ALIGNMENT(.rodata.$BOARD_FLASH))
 *(SORT_BY_ALIGNMENT(.rodata.$Flash2.*))
 *(SORT_BY_ALIGNMENT(.rodata.$BOARD_FLASH.*))

.text           0x00000000    0x161ac
 FILL mask 0xff
                0x00000000                __vectors_start__ = ABSOLUTE (.)
 *(SORT_BY_ALIGNMENT(.isr_vector))
 .isr_vector    0x00000000      0x124 ./startup/startup_lpc54608.o
                0x00000000                g_pfnVectors
                0x00000000                __Vectors
                0x00000124                . = ALIGN (0x4)
                0x00000124                __section_table_start = .
                0x00000124                __data_section_table = .
                0x00000124        0x4 LONG 0x161ac LOADADDR (.data)
                0x00000128        0x4 LONG 0x20000000 ADDR (.data)
                0x0000012c        0x4 LONG 0x1c SIZEOF (.data)
                0x00000130        0x4 LONG 0x161ac LOADADDR (.data_RAM2)
                0x00000134        0x4 LONG 0x4000000 ADDR (.data_RAM2)
                0x00000138        0x4 LONG 0x0 SIZEOF (.data_RAM2)
                0x0000013c        0x4 LONG 0x161ac LOADADDR (.data_RAM3)
                0x00000140        0x4 LONG 0x40101a00 ADDR (.data_RAM3)
                0x00000144        0x4 LONG 0x0 SIZEOF (.data_RAM3)
                0x00000148        0x4 LONG 0x161ac LOADADDR (.data_RAM4)
                0x0000014c        0x4 LONG 0xa0000000 ADDR (.data_RAM4)
                0x00000150        0x4 LONG 0x0 SIZEOF (.data_RAM4)
                0x00000154                __data_section_table_end = .
                0x00000154                __bss_section_table = .
                0x00000154        0x4 LONG 0x2000001c ADDR (.bss)
                0x00000158        0x4 LONG 0x379c SIZEOF (.bss)
                0x0000015c        0x4 LONG 0x4000000 ADDR (.bss_RAM2)
                0x00000160        0x4 LONG 0x0 SIZEOF (.bss_RAM2)
                0x00000164        0x4 LONG 0x40101a00 ADDR (.bss_RAM3)
                0x00000168        0x4 LONG 0x0 SIZEOF (.bss_RAM3)
                0x0000016c        0x4 LONG 0xa0000000 ADDR (.bss_RAM4)
                0x00000170        0x4 LONG 0x0 SIZEOF (.bss_RAM4)
                0x00000174                __bss_section_table_end = .
                0x00000174                __section_table_end = .
 *(SORT_BY_ALIGNMENT(.after_vectors*))
 .after_vectors.reset
                0x00000174       0x58 ./startup/startup_lpc54608.o
                0x00000174                ResetISR
 .after_vectors.init_data
                0x000001cc       0x1e ./startup/startup_lpc54608.o
                0x000001cc                data_init
 .after_vectors.init_bss
                0x000001ea       0x12 ./startup/startup_lpc54608.o
                0x000001ea                bss_init
 .after_vectors
                0x000001fc       0x14 ./startup/startup_lpc54608.o
                0x000001fc                NMI_Handler
                0x00000200                MemManage_Handler
                0x00000202                BusFault_Handler
                0x00000204                UsageFault_Handler
                0x00000206                SVC_Handler
                0x00000208                DebugMon_Handler
                0x0000020a                PendSV_Handler
                0x0000020e                PIN_INT2_DriverIRQHandler
                0x0000020e                ETHERNET_DriverIRQHandler
                0x0000020e                PIN_INT0_DriverIRQHandler
                0x0000020e                SPIFI0_DriverIRQHandler
                0x0000020e                PIN_INT3_DriverIRQHandler
                0x0000020e                CAN0_IRQ0_DriverIRQHandler
                0x0000020e                IntDefaultHandler
                0x0000020e                USB0_DriverIRQHandler
                0x0000020e                MRT0_DriverIRQHandler
                0x0000020e                UTICK0_DriverIRQHandler
                0x0000020e                DMIC0_DriverIRQHandler
                0x0000020e                PIN_INT4_DriverIRQHandler
                0x0000020e                PIN_INT5_DriverIRQHandler
                0x0000020e                CAN1_IRQ0_DriverIRQHandler
                0x0000020e                Reserved47_DriverIRQHandler
                0x0000020e                ADC0_THCMP_DriverIRQHandler
                0x0000020e                RIT_DriverIRQHandler
                0x0000020e                PIN_INT7_DriverIRQHandler
                0x0000020e                CAN0_IRQ1_DriverIRQHandler
                0x0000020e                USB0_NEEDCLK_DriverIRQHandler
                0x0000020e                ADC0_SEQB_DriverIRQHandler
                0x0000020e                PIN_INT6_DriverIRQHandler
                0x0000020e                ETHERNET_MACLP_DriverIRQHandler
                0x0000020e                PIN_INT1_DriverIRQHandler
                0x0000020e                HWVAD0_DriverIRQHandler
                0x0000020e                RTC_DriverIRQHandler
                0x0000020e                LCD_DriverIRQHandler
                0x0000020e                EEPROM_DriverIRQHandler
                0x0000020e                DMA0_DriverIRQHandler
                0x0000020e                ETHERNET_PMT_DriverIRQHandler
                0x0000020e                USB1_DriverIRQHandler
                0x0000020e                CAN1_IRQ1_DriverIRQHandler
                0x0000020e                ADC0_SEQA_DriverIRQHandler
                0x0000020e                USB1_NEEDCLK_DriverIRQHandler
                0x0000020e                SMARTCARD0_DriverIRQHandler
                0x0000020e                SHA_DriverIRQHandler
                0x0000020e                GINT0_DriverIRQHandler
                0x0000020e                SMARTCARD1_DriverIRQHandler
                0x0000020e                GINT1_DriverIRQHandler
                0x0000020e                Reserved46_DriverIRQHandler
                0x0000020e                WDT_BOD_DriverIRQHandler
                0x0000020e                SCT0_DriverIRQHandler
 *(SORT_BY_ALIGNMENT(.text*))
 .text.__assertion_failed
                0x00000210       0x18 ./utilities/fsl_assert.o
                0x00000210                __assertion_failed
 .text.DbgConsole_ReadOneCharacter
                0x00000228       0x34 ./utilities/fsl_debug_console.o
                0x00000228                DbgConsole_ReadOneCharacter
 .text.DbgConsole_SendDataReliable
                0x0000025c       0x68 ./utilities/fsl_debug_console.o
                0x0000025c                DbgConsole_SendDataReliable
 .text.DbgConsole_ReadLine
                0x000002c4       0xb0 ./utilities/fsl_debug_console.o
                0x000002c4                DbgConsole_ReadLine
 .text.DbgConsole_Init
                0x00000374      0x104 ./utilities/fsl_debug_console.o
                0x00000374                DbgConsole_Init
 .text.DbgConsole_Printf
                0x00000478       0x74 ./utilities/fsl_debug_console.o
                0x00000478                DbgConsole_Printf
 .text.StrFormatScanf
                0x000004ec      0x5e8 ./utilities/fsl_str.o
                0x000004ec                StrFormatScanf
 .text.USB_HostHidSetInterface
                0x00000ad4      0x148 ./usb/host/class/usb_host_hid.o
                0x00000ad4                USB_HostHidSetInterface
 .text.USB_HostHidRecv
                0x00000c1c       0x9c ./usb/host/class/usb_host_hid.o
                0x00000c1c                USB_HostHidRecv
 .text.USB_HostHidControl
                0x00000cb8       0xe0 ./usb/host/class/usb_host_hid.o
 .text.USB_HostHubClassRequestCommon
                0x00000d98       0xcc ./usb/host/class/usb_host_hub.o
 .text.USB_HostHubInterruptRecv
                0x00000e64       0x94 ./usb/host/class/usb_host_hub.o
                0x00000e64                USB_HostHubInterruptRecv
 .text.USB_HostHubGetHubList
                0x00000ef8       0x1c ./usb/host/class/usb_host_hub_app.o
 .text.USB_HostHubGetInterruptStatus
                0x00000f14       0x5c ./usb/host/class/usb_host_hub_app.o
 .text.USB_HostHubProcess
                0x00000f70      0x2dc ./usb/host/class/usb_host_hub_app.o
 .text.USB_HostHubProcessPortAttach
                0x0000124c      0x44c ./usb/host/class/usb_host_hub_app.o
 .text.USB_HostHubProcessPortDetach
                0x00001698      0x22c ./usb/host/class/usb_host_hub_app.o
 .text.USB_HostHubProcessData
                0x000018c4      0x114 ./usb/host/class/usb_host_hub_app.o
 .text.USB_HostHubDeviceEvent
                0x000019d8      0x32c ./usb/host/class/usb_host_hub_app.o
                0x000019d8                USB_HostHubDeviceEvent
 .text.USB_HostEnumerationTransferCallback
                0x00001d04      0x194 ./usb/host/usb_host_devices.o
 .text.USB_HostProcessState
                0x00001e98      0x1fc ./usb/host/usb_host_devices.o
 .text.USB_HostProcessCallback
                0x00002094      0x1e0 ./usb/host/usb_host_devices.o
 .text.USB_HostOpenDeviceInterface
                0x00002274       0xf4 ./usb/host/usb_host_devices.o
                0x00002274                USB_HostOpenDeviceInterface
 .text.USB_HostCloseDeviceInterface
                0x00002368      0x160 ./usb/host/usb_host_devices.o
                0x00002368                USB_HostCloseDeviceInterface
 .text.USB_HostGetInstance
                0x000024c8       0xf0 ./usb/host/usb_host_hci.o
 .text.USB_HostGetControllerInterface
                0x000025b8       0x28 ./usb/host/usb_host_hci.o
 .text.USB_HostHelperGetPeripheralInformation
                0x000025e0      0x174 ./usb/host/usb_host_hci.o
                0x000025e0                USB_HostHelperGetPeripheralInformation
 .text.__NVIC_EnableIRQ
                0x00002754       0x3c ./usb/host/usb_host_ip3516hs.o
 .text.__NVIC_DisableIRQ
                0x00002790       0x44 ./usb/host/usb_host_ip3516hs.o
 .text.USB_HostIp3516HsControlBus
                0x000027d4       0xf4 ./usb/host/usb_host_ip3516hs.o
 .text.USB_HostIp3516HsBusTime
                0x000028c8      0x130 ./usb/host/usb_host_ip3516hs.o
 .text.USB_HostIp3516HsPortChange
                0x000029f8      0x208 ./usb/host/usb_host_ip3516hs.o
 .text.USB_HostIp3516HsFillSlotBusTime
                0x00002c00      0x23c ./usb/host/usb_host_ip3516hs.o
 .text.USB_HostIp3516HsFindStartFrame
                0x00002e3c      0x320 ./usb/host/usb_host_ip3516hs.o
 .text.USB_HostIp3516BaudWidthCheck
                0x0000315c       0xb4 ./usb/host/usb_host_ip3516hs.o
 .text.USB_HostIp3516HsOpenControlBulkPipe
                0x00003210      0x1e0 ./usb/host/usb_host_ip3516hs.o
 .text.USB_HostIp3516HsOpenInterruptPipe
                0x000033f0      0x228 ./usb/host/usb_host_ip3516hs.o
 .text.USB_HostIp3516HsCancelPipe
                0x00003618      0x424 ./usb/host/usb_host_ip3516hs.o
 .text.USB_HostIp3516HsCloseControlBulkPipe
                0x00003a3c       0x88 ./usb/host/usb_host_ip3516hs.o
 .text.USB_HostIp3516HsCloseInterruptPipe
                0x00003ac4       0x84 ./usb/host/usb_host_ip3516hs.o
 .text.USB_HostIp3516HsWriteControlPipe
                0x00003b48      0x3e0 ./usb/host/usb_host_ip3516hs.o
 .text.USB_HostIp3516HsWriteBulkPipe
                0x00003f28      0x1b8 ./usb/host/usb_host_ip3516hs.o
 .text.USB_HostIp3516HsWriteInterruptPipe
                0x000040e0      0x350 ./usb/host/usb_host_ip3516hs.o
 .text.USB_HostIp3516HsCheckIntTransferSofar
                0x00004430       0xc0 ./usb/host/usb_host_ip3516hs.o
 .text.USB_HostIp3516HsTokenDone
                0x000044f0      0xaf0 ./usb/host/usb_host_ip3516hs.o
 .text.USB_HostIp3516HsControllerInit
                0x00004fe0      0x2f4 ./usb/host/usb_host_ip3516hs.o
 .text.USB_HostIp3516HsCreate
                0x000052d4      0x130 ./usb/host/usb_host_ip3516hs.o
                0x000052d4                USB_HostIp3516HsCreate
 .text.USB_HostIp3516HsIoctl
                0x00005404      0x2cc ./usb/host/usb_host_ip3516hs.o
                0x00005404                USB_HostIp3516HsIoctl
 .text.USB_HostIp3516HsIsrFunction
                0x000056d0       0xe8 ./usb/host/usb_host_ip3516hs.o
                0x000056d0                USB_HostIp3516HsIsrFunction
 .text.__NVIC_EnableIRQ
                0x000057b8       0x3c ./source/app.o
 .text.__NVIC_SetPriority
                0x000057f4       0x54 ./source/app.o
 .text.CLOCK_EnableClock
                0x00005848       0x54 ./source/app.o
 .text.USB1_IRQHandler
                0x0000589c       0x18 ./source/app.o
                0x0000589c                USB1_IRQHandler
 .text.USB_HostClockInit
                0x000058b4       0x40 ./source/app.o
                0x000058b4                USB_HostClockInit
 .text.USB_HostEvent
                0x000058f4       0xf0 ./source/app.o
 .text.USB_HostApplicationInit
                0x000059e4       0x4c ./source/app.o
 .text.setButtonState
                0x00005a30       0x2c ./source/app.o
 .text.buttonPressEmulationCb
                0x00005a5c       0x98 ./source/app.o
                0x00005a5c                buttonPressEmulationCb
 .text.startMeasurements
                0x00005af4       0x7c ./source/app.o
                0x00005af4                startMeasurements
 .text.onUsbEnumerationDone
                0x00005b70       0x3c ./source/app.o
                0x00005b70                onUsbEnumerationDone
 .text.receivedReportCb
                0x00005bac      0x20c ./source/app.o
                0x00005bac                receivedReportCb
 .text.processDataOutput
                0x00005db8      0x18c ./source/app.o
 .text.processKeyReportTest
                0x00005f44      0x13c ./source/app.o
 .text.main     0x00006080      0x1ec ./source/app.o
                0x00006080                main
 .text.USB_HostHidKeyboardTask
                0x0000626c      0x39c ./source/host_keyboard.o
                0x0000626c                USB_HostHidKeyboardTask
 .text.USB_HostHidKeyboardEvent
                0x00006608      0x1a8 ./source/host_keyboard.o
                0x00006608                USB_HostHidKeyboardEvent
 .text.USB_HostHidMouseEvent
                0x000067b0      0x19c ./source/host_mouse.o
                0x000067b0                USB_HostHidMouseEvent
 .text.Board_InitSdifUnusedDataPin
                0x0000694c       0x44 ./source/sdcard_fatfs.o
                0x0000694c                Board_InitSdifUnusedDataPin
 .text.sdCardInit
                0x00006990      0x2d4 ./source/sdcard_fatfs.o
                0x00006990                sdCardInit
 .text.sdCardCreateResultsFile
                0x00006c64       0x4c ./source/sdcard_fatfs.o
                0x00006c64                sdCardCreateResultsFile
 .text.sdCardAppendResults
                0x00006cb0       0x48 ./source/sdcard_fatfs.o
                0x00006cb0                sdCardAppendResults
 .text.sdCardCloseFile
                0x00006cf8       0x28 ./source/sdcard_fatfs.o
                0x00006cf8                sdCardCloseFile
 .text.sdcardWaitCardInsert
                0x00006d20       0x90 ./source/sdcard_fatfs.o
 .text.SD_SendApplicationCmd
                0x00006db0       0x34 ./sdmmc/src/fsl_sd.o
 .text.SD_GoIdle
                0x00006de4       0x34 ./sdmmc/src/fsl_sd.o
 .text.SD_SetBlockSize
                0x00006e18       0x34 ./sdmmc/src/fsl_sd.o
 .text.SD_ExecuteTuning
                0x00006e4c       0x34 ./sdmmc/src/fsl_sd.o
 .text.SD_SwitchVoltage
                0x00006e80       0x5c ./sdmmc/src/fsl_sd.o
 .text.SD_StopTransmission
                0x00006edc       0x80 ./sdmmc/src/fsl_sd.o
 .text.SD_Transfer
                0x00006f5c       0x74 ./sdmmc/src/fsl_sd.o
 .text.SD_WaitWriteComplete
                0x00006fd0       0x8c ./sdmmc/src/fsl_sd.o
 .text.SD_SendWriteSuccessBlocks
                0x0000705c       0xe0 ./sdmmc/src/fsl_sd.o
 .text.SD_SendRca
                0x0000713c       0x74 ./sdmmc/src/fsl_sd.o
 .text.SD_SwitchFunction
                0x000071b0       0xc8 ./sdmmc/src/fsl_sd.o
 .text.SD_DecodeScr
                0x00007278      0x174 ./sdmmc/src/fsl_sd.o
 .text.SD_SendScr
                0x000073ec      0x140 ./sdmmc/src/fsl_sd.o
 .text.SD_SelectFunction
                0x0000752c      0x2a4 ./sdmmc/src/fsl_sd.o
 .text.SD_SetDataBusWidth
                0x000077d0       0xa0 ./sdmmc/src/fsl_sd.o
 .text.SD_DecodeCsd
                0x00007870      0x374 ./sdmmc/src/fsl_sd.o
 .text.SD_SendCsd
                0x00007be4       0x9c ./sdmmc/src/fsl_sd.o
 .text.SD_DecodeCid
                0x00007c80       0xd4 ./sdmmc/src/fsl_sd.o
 .text.SD_AllSendCid
                0x00007d54       0x90 ./sdmmc/src/fsl_sd.o
 .text.SD_ApplicationSendOperationCondition
                0x00007de4       0xd4 ./sdmmc/src/fsl_sd.o
 .text.SD_SendInterfaceCondition
                0x00007eb8       0x98 ./sdmmc/src/fsl_sd.o
 .text.SD_SelectBusTiming
                0x00007f50       0xb0 ./sdmmc/src/fsl_sd.o
 .text.SD_DecodeStatus
                0x00008000      0x114 ./sdmmc/src/fsl_sd.o
 .text.SD_ReadStatus
                0x00008114      0x150 ./sdmmc/src/fsl_sd.o
                0x00008114                SD_ReadStatus
 .text.SD_SelectCard
                0x00008264       0x38 ./sdmmc/src/fsl_sd.o
                0x00008264                SD_SelectCard
 .text.SD_Read  0x0000829c      0x12c ./sdmmc/src/fsl_sd.o
 .text.SD_Write
                0x000083c8      0x16c ./sdmmc/src/fsl_sd.o
 .text.SD_ReadBlocks
                0x00008534      0x14c ./sdmmc/src/fsl_sd.o
                0x00008534                SD_ReadBlocks
 .text.SD_WriteBlocks
                0x00008680      0x148 ./sdmmc/src/fsl_sd.o
                0x00008680                SD_WriteBlocks
 .text.SD_ProbeBusVoltage
                0x000087c8      0x104 ./sdmmc/src/fsl_sd.o
                0x000087c8                SD_ProbeBusVoltage
 .text.SD_CardInit
                0x000088cc      0x170 ./sdmmc/src/fsl_sd.o
                0x000088cc                SD_CardInit
 .text.SD_CardDeinit
                0x00008a3c       0x28 ./sdmmc/src/fsl_sd.o
                0x00008a3c                SD_CardDeinit
 .text.SD_HostInit
                0x00008a64       0x54 ./sdmmc/src/fsl_sd.o
                0x00008a64                SD_HostInit
 .text.SDMMC_SelectCard
                0x00008ab8       0x90 ./sdmmc/src/fsl_sdmmc_common.o
                0x00008ab8                SDMMC_SelectCard
 .text.SDMMC_SendApplicationCommand
                0x00008b48       0x8c ./sdmmc/src/fsl_sdmmc_common.o
                0x00008b48                SDMMC_SendApplicationCommand
 .text.SDMMC_GoIdle
                0x00008bd4       0x64 ./sdmmc/src/fsl_sdmmc_common.o
                0x00008bd4                SDMMC_GoIdle
 .text.SDMMC_SetBlockSize
                0x00008c38       0x7c ./sdmmc/src/fsl_sdmmc_common.o
                0x00008c38                SDMMC_SetBlockSize
 .text.SDMMC_SwitchToVoltage
                0x00008cb4       0x44 ./sdmmc/src/fsl_sdmmc_common.o
                0x00008cb4                SDMMC_SwitchToVoltage
 .text.__NVIC_SetPriority
                0x00008cf8       0x54 ./sdmmc/port/fsl_sdmmc_event.o
 .text.SysTick_Config
                0x00008d4c       0x44 ./sdmmc/port/fsl_sdmmc_event.o
 .text.SDMMCEVENT_InitTimer
                0x00008d90       0x24 ./sdmmc/port/fsl_sdmmc_event.o
                0x00008d90                SDMMCEVENT_InitTimer
 .text.SysTick_Handler
                0x00008db4       0x1c ./sdmmc/port/fsl_sdmmc_event.o
                0x00008db4                SysTick_Handler
 .text.SDMMCEVENT_GetInstance
                0x00008dd0       0x40 ./sdmmc/port/fsl_sdmmc_event.o
 .text.SDMMCEVENT_Wait
                0x00008e10       0x68 ./sdmmc/port/fsl_sdmmc_event.o
                0x00008e10                SDMMCEVENT_Wait
 .text.SDMMCEVENT_Delay
                0x00008e78       0x38 ./sdmmc/port/fsl_sdmmc_event.o
                0x00008e78                SDMMCEVENT_Delay
 .text.SDMMCHOST_DetectCardInsertByHost
                0x00008eb0       0x4c ./sdmmc/port/fsl_sdmmc_host.o
 .text.SDMMCHOST_DetectCardRemoveByHost
                0x00008efc       0x48 ./sdmmc/port/fsl_sdmmc_host.o
 .text.SDMMCHOST_TransferCompleteCallback
                0x00008f44       0x34 ./sdmmc/port/fsl_sdmmc_host.o
 .text.SDMMCHOST_TransferFunction
                0x00008f78       0xac ./sdmmc/port/fsl_sdmmc_host.o
 .text.SDMMCHOST_CardDetectInit
                0x00009024       0x80 ./sdmmc/port/fsl_sdmmc_host.o
 .text.SDMMCHOST_WaitCardDetectStatus
                0x000090a4       0x60 ./sdmmc/port/fsl_sdmmc_host.o
                0x000090a4                SDMMCHOST_WaitCardDetectStatus
 .text.SDMMCHOST_Init
                0x00009104       0xc0 ./sdmmc/port/fsl_sdmmc_host.o
                0x00009104                SDMMCHOST_Init
 .text.sd_disk_write
                0x000091c4       0x44 ./fatfs/source/fsl_sd_disk/fsl_sd_disk.o
                0x000091c4                sd_disk_write
 .text.sd_disk_read
                0x00009208       0x44 ./fatfs/source/fsl_sd_disk/fsl_sd_disk.o
                0x00009208                sd_disk_read
 .text.sd_disk_ioctl
                0x0000924c       0xa4 ./fatfs/source/fsl_sd_disk/fsl_sd_disk.o
                0x0000924c                sd_disk_ioctl
 .text.sd_disk_initialize
                0x000092f0       0x78 ./fatfs/source/fsl_sd_disk/fsl_sd_disk.o
                0x000092f0                sd_disk_initialize
 .text.sync_fs  0x00009368       0xdc ./fatfs/source/ff.o
 .text.create_name
                0x00009444      0x200 ./fatfs/source/ff.o
 .text.get_ldnumber
                0x00009644       0x90 ./fatfs/source/ff.o
 .text.check_fs
                0x000096d4       0xac ./fatfs/source/ff.o
 .text.find_volume
                0x00009780      0x4b8 ./fatfs/source/ff.o
 .text.f_mount  0x00009c38       0x80 ./fatfs/source/ff.o
                0x00009c38                f_mount
 .text.f_open   0x00009cb8      0x304 ./fatfs/source/ff.o
                0x00009cb8                f_open
 .text.f_sync   0x00009fbc      0x100 ./fatfs/source/ff.o
                0x00009fbc                f_sync
 .text.f_chdrive
                0x0000a0bc       0x34 ./fatfs/source/ff.o
                0x0000a0bc                f_chdrive
 .text.f_mkdir  0x0000a0f0      0x1b8 ./fatfs/source/ff.o
                0x0000a0f0                f_mkdir
 .text.f_mkfs   0x0000a2a8      0x850 ./fatfs/source/ff.o
                0x0000a2a8                f_mkfs
 .text.CLOCK_EnableClock
                0x0000aaf8       0x54 ./drivers/fsl_clock.o
 .text.CLOCK_DisableClock
                0x0000ab4c       0x54 ./drivers/fsl_clock.o
 .text.CLOCK_GetAsyncApbClkSrc
                0x0000aba0       0x20 ./drivers/fsl_clock.o
 .text.CLOCK_AttachClk
                0x0000abc0       0x94 ./drivers/fsl_clock.o
                0x0000abc0                CLOCK_AttachClk
 .text.CLOCK_SetClkDiv
                0x0000ac54       0x5c ./drivers/fsl_clock.o
                0x0000ac54                CLOCK_SetClkDiv
 .text.CLOCK_SetupFROClocking
                0x0000acb0       0xc4 ./drivers/fsl_clock.o
                0x0000acb0                CLOCK_SetupFROClocking
 .text.CLOCK_GetClockOutClkFreq
                0x0000ad74       0x9c ./drivers/fsl_clock.o
                0x0000ad74                CLOCK_GetClockOutClkFreq
 .text.CLOCK_GetSdioClkFreq
                0x0000ae10       0x8c ./drivers/fsl_clock.o
                0x0000ae10                CLOCK_GetSdioClkFreq
 .text.CLOCK_GetFro12MFreq
                0x0000ae9c       0x28 ./drivers/fsl_clock.o
                0x0000ae9c                CLOCK_GetFro12MFreq
 .text.CLOCK_GetExtClkFreq
                0x0000aec4       0x14 ./drivers/fsl_clock.o
                0x0000aec4                CLOCK_GetExtClkFreq
 .text.CLOCK_GetWdtOscFreq
                0x0000aed8       0x68 ./drivers/fsl_clock.o
                0x0000aed8                CLOCK_GetWdtOscFreq
 .text.CLOCK_GetFroHfFreq
                0x0000af40       0x5c ./drivers/fsl_clock.o
                0x0000af40                CLOCK_GetFroHfFreq
 .text.CLOCK_GetPllOutFreq
                0x0000af9c       0x18 ./drivers/fsl_clock.o
                0x0000af9c                CLOCK_GetPllOutFreq
 .text.CLOCK_GetAudioPllOutFreq
                0x0000afb4       0x18 ./drivers/fsl_clock.o
                0x0000afb4                CLOCK_GetAudioPllOutFreq
 .text.CLOCK_GetUsbPllOutFreq
                0x0000afcc       0x18 ./drivers/fsl_clock.o
                0x0000afcc                CLOCK_GetUsbPllOutFreq
 .text.CLOCK_GetAsyncApbClkFreq
                0x0000afe4       0x3c ./drivers/fsl_clock.o
                0x0000afe4                CLOCK_GetAsyncApbClkFreq
 .text.CLOCK_GetFlexCommClkFreq
                0x0000b020       0x84 ./drivers/fsl_clock.o
                0x0000b020                CLOCK_GetFlexCommClkFreq
 .text.CLOCK_GetFRGInputClock
                0x0000b0a4       0x5c ./drivers/fsl_clock.o
                0x0000b0a4                CLOCK_GetFRGInputClock
 .text.CLOCK_GetFreq
                0x0000b100       0xd4 ./drivers/fsl_clock.o
                0x0000b100                CLOCK_GetFreq
 .text.CLOCK_SetFLASHAccessCyclesForFreq
                0x0000b1d4       0xb8 ./drivers/fsl_clock.o
                0x0000b1d4                CLOCK_SetFLASHAccessCyclesForFreq
 .text.CLOCK_GetUsbPLLOutFromSetupUpdate
                0x0000b28c       0x20 ./drivers/fsl_clock.o
 .text.CLOCK_SetPLLFreq
                0x0000b2ac      0x128 ./drivers/fsl_clock.o
                0x0000b2ac                CLOCK_SetPLLFreq
 .text.CLOCK_SetUsbPLLFreq
                0x0000b3d4      0x140 ./drivers/fsl_clock.o
                0x0000b3d4                CLOCK_SetUsbPLLFreq
 .text.CLOCK_EnableUsbhs0HostClock
                0x0000b514       0xe0 ./drivers/fsl_clock.o
                0x0000b514                CLOCK_EnableUsbhs0HostClock
 .text.SDK_DelayAtLeastUs
                0x0000b5f4       0x90 ./drivers/fsl_common.o
                0x0000b5f4                SDK_DelayAtLeastUs
 .text.__NVIC_EnableIRQ
                0x0000b684       0x3c ./drivers/fsl_ctimer.o
 .text.CLOCK_EnableClock
                0x0000b6c0       0x54 ./drivers/fsl_ctimer.o
 .text.CTIMER_GetInstance
                0x0000b714       0x54 ./drivers/fsl_ctimer.o
 .text.CTIMER_Init
                0x0000b768       0x74 ./drivers/fsl_ctimer.o
                0x0000b768                CTIMER_Init
 .text.CTIMER_GetDefaultConfig
                0x0000b7dc       0x3c ./drivers/fsl_ctimer.o
                0x0000b7dc                CTIMER_GetDefaultConfig
 .text.CTIMER_SetupMatch
                0x0000b818      0x11c ./drivers/fsl_ctimer.o
                0x0000b818                CTIMER_SetupMatch
 .text.CTIMER_RegisterCallBack
                0x0000b934       0x3c ./drivers/fsl_ctimer.o
                0x0000b934                CTIMER_RegisterCallBack
 .text.CTIMER_GenericIRQHandler
                0x0000b970       0xb8 ./drivers/fsl_ctimer.o
                0x0000b970                CTIMER_GenericIRQHandler
 .text.CLOCK_EnableClock
                0x0000ba28       0x54 ./drivers/fsl_flexcomm.o
 .text.FLEXCOMM_GetInstance
                0x0000ba7c       0x50 ./drivers/fsl_flexcomm.o
                0x0000ba7c                FLEXCOMM_GetInstance
 .text.FLEXCOMM_Init
                0x0000bacc       0x50 ./drivers/fsl_flexcomm.o
                0x0000bacc                FLEXCOMM_Init
 .text.FLEXCOMM0_DriverIRQHandler
                0x0000bb1c       0x3c ./drivers/fsl_flexcomm.o
                0x0000bb1c                FLEXCOMM0_DriverIRQHandler
 .text.FLEXCOMM1_DriverIRQHandler
                0x0000bb58       0x3c ./drivers/fsl_flexcomm.o
                0x0000bb58                FLEXCOMM1_DriverIRQHandler
 .text.FLEXCOMM2_DriverIRQHandler
                0x0000bb94       0x3c ./drivers/fsl_flexcomm.o
                0x0000bb94                FLEXCOMM2_DriverIRQHandler
 .text.FLEXCOMM3_DriverIRQHandler
                0x0000bbd0       0x3c ./drivers/fsl_flexcomm.o
                0x0000bbd0                FLEXCOMM3_DriverIRQHandler
 .text.FLEXCOMM4_DriverIRQHandler
                0x0000bc0c       0x3c ./drivers/fsl_flexcomm.o
                0x0000bc0c                FLEXCOMM4_DriverIRQHandler
 .text.FLEXCOMM5_DriverIRQHandler
                0x0000bc48       0x3c ./drivers/fsl_flexcomm.o
                0x0000bc48                FLEXCOMM5_DriverIRQHandler
 .text.FLEXCOMM6_DriverIRQHandler
                0x0000bc84       0x3c ./drivers/fsl_flexcomm.o
                0x0000bc84                FLEXCOMM6_DriverIRQHandler
 .text.FLEXCOMM7_DriverIRQHandler
                0x0000bcc0       0x3c ./drivers/fsl_flexcomm.o
                0x0000bcc0                FLEXCOMM7_DriverIRQHandler
 .text.FLEXCOMM8_DriverIRQHandler
                0x0000bcfc       0x3c ./drivers/fsl_flexcomm.o
                0x0000bcfc                FLEXCOMM8_DriverIRQHandler
 .text.FLEXCOMM9_DriverIRQHandler
                0x0000bd38       0x3c ./drivers/fsl_flexcomm.o
                0x0000bd38                FLEXCOMM9_DriverIRQHandler
 .text.CLOCK_EnableClock
                0x0000bd74       0x54 ./drivers/fsl_gpio.o
 .text.GPIO_PortInit
                0x0000bdc8       0x48 ./drivers/fsl_gpio.o
                0x0000bdc8                GPIO_PortInit
 .text.RESET_SetPeripheralReset
                0x0000be10       0x7c ./drivers/fsl_reset.o
                0x0000be10                RESET_SetPeripheralReset
 .text.RESET_ClearPeripheralReset
                0x0000be8c       0x80 ./drivers/fsl_reset.o
                0x0000be8c                RESET_ClearPeripheralReset
 .text.__NVIC_EnableIRQ
                0x0000bf0c       0x3c ./drivers/fsl_sdif.o
 .text.CLOCK_EnableClock
                0x0000bf48       0x54 ./drivers/fsl_sdif.o
 .text.SDIF_GetInstance
                0x0000bf9c       0x40 ./drivers/fsl_sdif.o
 .text.SDIF_TransferConfig
                0x0000bfdc      0x198 ./drivers/fsl_sdif.o
 .text.SDIF_SendCommand
                0x0000c174       0x58 ./drivers/fsl_sdif.o
                0x0000c174                SDIF_SendCommand
 .text.SDIF_ConfigClockDelay
                0x0000c1cc       0x6c ./drivers/fsl_sdif.o
                0x0000c1cc                SDIF_ConfigClockDelay
 .text.SDIF_SetCardClock
                0x0000c238       0xec ./drivers/fsl_sdif.o
                0x0000c238                SDIF_SetCardClock
 .text.SDIF_InternalDMAConfig
                0x0000c324      0x294 ./drivers/fsl_sdif.o
                0x0000c324                SDIF_InternalDMAConfig
 .text.SDIF_Init
                0x0000c5b8       0x80 ./drivers/fsl_sdif.o
                0x0000c5b8                SDIF_Init
 .text.SDIF_TransferNonBlocking
                0x0000c638       0xe0 ./drivers/fsl_sdif.o
                0x0000c638                SDIF_TransferNonBlocking
 .text.SDIF_TransferCreateHandle
                0x0000c718       0xa8 ./drivers/fsl_sdif.o
                0x0000c718                SDIF_TransferCreateHandle
 .text.SDIF_GetCapability
                0x0000c7c0       0x50 ./drivers/fsl_sdif.o
                0x0000c7c0                SDIF_GetCapability
 .text.SDIF_TransferHandleCommand
                0x0000c810       0xbc ./drivers/fsl_sdif.o
 .text.SDIF_TransferHandleData
                0x0000c8cc      0x14c ./drivers/fsl_sdif.o
 .text.SDIF_TransferHandleIRQ
                0x0000ca18       0xa8 ./drivers/fsl_sdif.o
 .text.SDIO_DriverIRQHandler
                0x0000cac0       0x38 ./drivers/fsl_sdif.o
                0x0000cac0                SDIO_DriverIRQHandler
 .text.USART_Init
                0x0000caf8      0x180 ./drivers/fsl_usart.o
                0x0000caf8                USART_Init
 .text.USART_GetDefaultConfig
                0x0000cc78       0x74 ./drivers/fsl_usart.o
                0x0000cc78                USART_GetDefaultConfig
 .text.USART_SetBaudRate
                0x0000ccec      0x128 ./drivers/fsl_usart.o
                0x0000ccec                USART_SetBaudRate
 .text.USART_WriteBlocking
                0x0000ce14       0x88 ./drivers/fsl_usart.o
                0x0000ce14                USART_WriteBlocking
 .text.USART_ReadBlocking
                0x0000ce9c      0x104 ./drivers/fsl_usart.o
                0x0000ce9c                USART_ReadBlocking
 .text.SystemInit
                0x0000cfa0       0x40 ./device/system_LPC54608.o
                0x0000cfa0                SystemInit
 .text.HAL_UartInit
                0x0000cfe0      0x108 ./component/uart/usart_adapter.o
                0x0000cfe0                HAL_UartInit
 .text.HAL_UartReceiveBlocking
                0x0000d0e8       0x6c ./component/uart/usart_adapter.o
                0x0000d0e8                HAL_UartReceiveBlocking
 .text.HAL_UartSendBlocking
                0x0000d154       0x64 ./component/uart/usart_adapter.o
                0x0000d154                HAL_UartSendBlocking
 .text.SerialManager_Write
                0x0000d1b8       0x6c ./component/serial_manager/serial_manager.o
 .text.SerialManager_Read
                0x0000d224       0x6c ./component/serial_manager/serial_manager.o
 .text.SerialManager_Init
                0x0000d290       0x74 ./component/serial_manager/serial_manager.o
                0x0000d290                SerialManager_Init
 .text.SerialManager_OpenWriteHandle
                0x0000d304       0x64 ./component/serial_manager/serial_manager.o
                0x0000d304                SerialManager_OpenWriteHandle
 .text.SerialManager_OpenReadHandle
                0x0000d368       0x74 ./component/serial_manager/serial_manager.o
                0x0000d368                SerialManager_OpenReadHandle
 .text.Serial_UartInit
                0x0000d3dc       0x80 ./component/serial_manager/serial_port_uart.o
                0x0000d3dc                Serial_UartInit
 .text.Serial_UartWrite
                0x0000d45c       0x58 ./component/serial_manager/serial_port_uart.o
                0x0000d45c                Serial_UartWrite
 .text.Serial_UartRead
                0x0000d4b4       0x58 ./component/serial_manager/serial_port_uart.o
                0x0000d4b4                Serial_UartRead
 .text.OSA_EnableIRQGlobal
                0x0000d50c       0x30 ./component/osa/fsl_os_abstraction_bm.o
                0x0000d50c                OSA_EnableIRQGlobal
 .text.OSA_DisableIRQGlobal
                0x0000d53c       0x20 ./component/osa/fsl_os_abstraction_bm.o
                0x0000d53c                OSA_DisableIRQGlobal
 .text.OSA_MutexCreate
                0x0000d55c       0x40 ./component/osa/fsl_os_abstraction_bm.o
                0x0000d55c                OSA_MutexCreate
 .text.OSA_MutexUnlock
                0x0000d59c       0x34 ./component/osa/fsl_os_abstraction_bm.o
                0x0000d59c                OSA_MutexUnlock
 .text.OSA_MutexDestroy
                0x0000d5d0       0x30 ./component/osa/fsl_os_abstraction_bm.o
                0x0000d5d0                OSA_MutexDestroy
 .text.OSA_EventCreate
                0x0000d600       0x54 ./component/osa/fsl_os_abstraction_bm.o
                0x0000d600                OSA_EventCreate
 .text.OSA_EventDestroy
                0x0000d654       0x30 ./component/osa/fsl_os_abstraction_bm.o
                0x0000d654                OSA_EventDestroy
 .text.BOARD_InitDebugConsole
                0x0000d684       0x48 ./board/board.o
                0x0000d684                BOARD_InitDebugConsole
 .text.BOARD_BootClockPLL180M
                0x0000d6cc       0xe4 ./board/clock_config.o
                0x0000d6cc                BOARD_BootClockPLL180M
 .text.CLOCK_EnableClock
                0x0000d7b0       0x54 ./board/pin_mux.o
 .text.BOARD_InitPins
                0x0000d804       0x98 ./board/pin_mux.o
                0x0000d804                BOARD_InitPins
 .text.CLOCK_EnableClock
                0x0000d89c       0x54 ./board/sdcard_pin_mux.o
 .text.SD_BOARD_InitPins
                0x0000d8f0       0xe0 ./board/sdcard_pin_mux.o
                0x0000d8f0                SD_BOARD_InitPins
 .text.POWER_SetVoltageForFreq
                0x0000d9d0       0x44 C:\Users\embli\Documents\MCUXpressoIDE_11.1.0_3209\workspace\lpcxpresso54608_host_hid_mouse_keyboard_bm\libs\libpower_hardabi.a(fsl_power_lib.o)
                0x0000d9d0                POWER_SetVoltageForFreq
 .text.POWER_SetPLL
                0x0000da14       0x1c C:\Users\embli\Documents\MCUXpressoIDE_11.1.0_3209\workspace\lpcxpresso54608_host_hid_mouse_keyboard_bm\libs\libpower_hardabi.a(fsl_power_lib.o)
                0x0000da14                POWER_SetPLL
 .text.POWER_SetUsbPhy
                0x0000da30       0x1c C:\Users\embli\Documents\MCUXpressoIDE_11.1.0_3209\workspace\lpcxpresso54608_host_hid_mouse_keyboard_bm\libs\libpower_hardabi.a(fsl_power_lib.o)
                0x0000da30                POWER_SetUsbPhy
 .text.malloc   0x0000da4c       0xc8 c:/nxp/mcuxpressoide_11.1.0_3209/ide/plugins/com.nxp.mcuxpresso.tools.win32_11.1.0.201909161352/tools/bin/../lib/gcc/arm-none-eabi/8.3.1/../../../../arm-none-eabi/lib/thumb/v7e-m+fp/hard\libcr_c.a(alloc.o)
                0x0000da4c                malloc
 .text._initio  0x0000db14       0x78 c:/nxp/mcuxpressoide_11.1.0_3209/ide/plugins/com.nxp.mcuxpresso.tools.win32_11.1.0.201909161352/tools/bin/../lib/gcc/arm-none-eabi/8.3.1/../../../../arm-none-eabi/lib/thumb/v7e-m+fp/hard\libcr_c.a(initio.o)
                0x0000db14                _initio
 .text.setvbuf  0x0000db8c       0x40 c:/nxp/mcuxpressoide_11.1.0_3209/ide/plugins/com.nxp.mcuxpresso.tools.win32_11.1.0.201909161352/tools/bin/../lib/gcc/arm-none-eabi/8.3.1/../../../../arm-none-eabi/lib/thumb/v7e-m+fp/hard\libcr_c.a(setvbuf.o)
                0x0000db8c                setvbuf
 .text._sbrk    0x0000dbcc       0x3c c:/nxp/mcuxpressoide_11.1.0_3209/ide/plugins/com.nxp.mcuxpresso.tools.win32_11.1.0.201909161352/tools/bin/../lib/gcc/arm-none-eabi/8.3.1/../../../../arm-none-eabi/lib/thumb/v7e-m+fp/hard\libcr_c.a(_cr_sbrk.o)
                0x0000dbcc                _sbrk
 .text.fflush   0x0000dc08       0x44 c:/nxp/mcuxpressoide_11.1.0_3209/ide/plugins/com.nxp.mcuxpresso.tools.win32_11.1.0.201909161352/tools/bin/../lib/gcc/arm-none-eabi/8.3.1/../../../../arm-none-eabi/lib/thumb/v7e-m+fp/hard\libcr_c.a(fflush.o)
                0x0000dc08                fflush
 .text.fseek    0x0000dc4c      0x100 c:/nxp/mcuxpressoide_11.1.0_3209/ide/plugins/com.nxp.mcuxpresso.tools.win32_11.1.0.201909161352/tools/bin/../lib/gcc/arm-none-eabi/8.3.1/../../../../arm-none-eabi/lib/thumb/v7e-m+fp/hard\libcr_c.a(fseek.o)
                0x0000dc4c                fseek
 .text.ftell    0x0000dd4c       0x48 c:/nxp/mcuxpressoide_11.1.0_3209/ide/plugins/com.nxp.mcuxpresso.tools.win32_11.1.0.201909161352/tools/bin/../lib/gcc/arm-none-eabi/8.3.1/../../../../arm-none-eabi/lib/thumb/v7e-m+fp/hard\libcr_c.a(ftell.o)
                0x0000dd4c                ftell
 .text.__check_heap_overflow
                0x0000dd94       0x18 c:/nxp/mcuxpressoide_11.1.0_3209/ide/plugins/com.nxp.mcuxpresso.tools.win32_11.1.0.201909161352/tools/bin/../lib/gcc/arm-none-eabi/8.3.1/../../../../arm-none-eabi/lib/thumb/v7e-m+fp/hard\libcr_c.a(_cr_check_heap.o)
                0x0000dd94                __check_heap_overflow
 .text._Cwritebuf
                0x0000ddac       0x6c c:/nxp/mcuxpressoide_11.1.0_3209/ide/plugins/com.nxp.mcuxpresso.tools.win32_11.1.0.201909161352/tools/bin/../lib/gcc/arm-none-eabi/8.3.1/../../../../arm-none-eabi/lib/thumb/v7e-m+fp/hard\libcr_c.a(_writebuf.o)
                0x0000ddac                _Cwritebuf
 .text.DbgConsole_PrintCallback
                0x0000de18       0x64 ./utilities/fsl_debug_console.o
 .text.DbgConsole_Scanf
                0x0000de7c       0x46 ./utilities/fsl_debug_console.o
                0x0000de7c                DbgConsole_Scanf
 .text.ScanIgnoreWhiteSpace
                0x0000dec2       0x60 ./utilities/fsl_str.o
 .text.ConvertRadixNumToString
                0x0000df22      0x114 ./utilities/fsl_str.o
 .text.StrFormatPrintf
                0x0000e036      0x30c ./utilities/fsl_str.o
                0x0000e036                StrFormatPrintf
 .text.USB_HostHidInPipeCallback
                0x0000e342       0x42 ./usb/host/class/usb_host_hid.o
 .text.USB_HostHidControlCallback
                0x0000e384       0x48 ./usb/host/class/usb_host_hid.o
 .text.USB_HostHidOpenInterface
                0x0000e3cc      0x1a0 ./usb/host/class/usb_host_hid.o
 .text.USB_HostHidSetInterfaceCallback
                0x0000e56c       0x54 ./usb/host/class/usb_host_hid.o
 .text.USB_HostHidInit
                0x0000e5c0       0x64 ./usb/host/class/usb_host_hid.o
                0x0000e5c0                USB_HostHidInit
 .text.USB_HostHidDeinit
                0x0000e624       0xd6 ./usb/host/class/usb_host_hid.o
                0x0000e624                USB_HostHidDeinit
 .text.USB_HostHidGetPacketsize
                0x0000e6fa       0x44 ./usb/host/class/usb_host_hid.o
                0x0000e6fa                USB_HostHidGetPacketsize
 .text.USB_HostHidGetReportDescriptor
                0x0000e73e       0x3a ./usb/host/class/usb_host_hid.o
                0x0000e73e                USB_HostHidGetReportDescriptor
 .text.USB_HostHidSetIdle
                0x0000e778       0x3e ./usb/host/class/usb_host_hid.o
                0x0000e778                USB_HostHidSetIdle
 .text.USB_HostHidSetProtocol
                0x0000e7b6       0x3c ./usb/host/class/usb_host_hid.o
                0x0000e7b6                USB_HostHidSetProtocol
 .text.USB_HostHubControlCallback
                0x0000e7f2       0x48 ./usb/host/class/usb_host_hub.o
 .text.USB_HostHubInPipeCallback
                0x0000e83a       0x42 ./usb/host/class/usb_host_hub.o
 .text.USB_HostHubInit
                0x0000e87c       0x7c ./usb/host/class/usb_host_hub.o
                0x0000e87c                USB_HostHubInit
 .text.USB_HostHubSetInterface
                0x0000e8f8      0x168 ./usb/host/class/usb_host_hub.o
                0x0000e8f8                USB_HostHubSetInterface
 .text.USB_HostHubDeinit
                0x0000ea60       0xa0 ./usb/host/class/usb_host_hub.o
                0x0000ea60                USB_HostHubDeinit
 .text.USB_HostHubGetDescriptor
                0x0000eb00       0x3a ./usb/host/class/usb_host_hub.o
                0x0000eb00                USB_HostHubGetDescriptor
 .text.USB_HostHubClearFeature
                0x0000eb3a       0x3e ./usb/host/class/usb_host_hub.o
                0x0000eb3a                USB_HostHubClearFeature
 .text.USB_HostHubGetStatus
                0x0000eb78       0x3a ./usb/host/class/usb_host_hub.o
                0x0000eb78                USB_HostHubGetStatus
 .text.USB_HostHubSetPortFeature
                0x0000ebb2       0x42 ./usb/host/class/usb_host_hub.o
                0x0000ebb2                USB_HostHubSetPortFeature
 .text.USB_HostHubClearPortFeature
                0x0000ebf4       0x42 ./usb/host/class/usb_host_hub.o
                0x0000ebf4                USB_HostHubClearPortFeature
 .text.USB_HostHubGetPortStatus
                0x0000ec36       0x40 ./usb/host/class/usb_host_hub.o
                0x0000ec36                USB_HostHubGetPortStatus
 .text.USB_HostHubProcessPort
                0x0000ec76       0x3c ./usb/host/class/usb_host_hub_app.o
 .text.USB_HostHubControlCallback
                0x0000ecb2       0x92 ./usb/host/class/usb_host_hub_app.o
                0x0000ecb2                USB_HostHubControlCallback
 .text.USB_HostHubInterruptInCallback
                0x0000ed44       0x70 ./usb/host/class/usb_host_hub_app.o
                0x0000ed44                USB_HostHubInterruptInCallback
 .text.USB_HostHubGetHsHubNumber
                0x0000edb4       0x8e ./usb/host/class/usb_host_hub_app.o
                0x0000edb4                USB_HostHubGetHsHubNumber
 .text.USB_HostHubGetHsHubPort
                0x0000ee42       0x92 ./usb/host/class/usb_host_hub_app.o
                0x0000ee42                USB_HostHubGetHsHubPort
 .text.USB_HostHubGetTotalThinkTime
                0x0000eed4       0x64 ./usb/host/class/usb_host_hub_app.o
                0x0000eed4                USB_HostHubGetTotalThinkTime
 .text.USB_HostNotifyDevice
                0x0000ef38       0xe6 ./usb/host/usb_host_devices.o
 .text.USB_HostAllocateDeviceAddress
                0x0000f01e       0xa6 ./usb/host/usb_host_devices.o
 .text.USB_HostReleaseDeviceAddress
                0x0000f0c4       0x60 ./usb/host/usb_host_devices.o
 .text.USB_HostRemoveDeviceInstance
                0x0000f124       0x76 ./usb/host/usb_host_devices.o
 .text.USB_HostReleaseDeviceResource
                0x0000f19a       0xb6 ./usb/host/usb_host_devices.o
 .text.USB_HostParseDeviceConfigurationDescriptor
                0x0000f250      0x3d0 ./usb/host/usb_host_devices.o
 .text.USB_HostAttachDevice
                0x0000f620      0x262 ./usb/host/usb_host_devices.o
                0x0000f620                USB_HostAttachDevice
 .text.USB_HostDetachDevice
                0x0000f882       0x82 ./usb/host/usb_host_devices.o
                0x0000f882                USB_HostDetachDevice
 .text.USB_HostDetachDeviceInternal
                0x0000f904       0x80 ./usb/host/usb_host_devices.o
                0x0000f904                USB_HostDetachDeviceInternal
 .text.USB_HostValidateDevice
                0x0000f984       0x4a ./usb/host/usb_host_devices.o
                0x0000f984                USB_HostValidateDevice
 .text.USB_HostControlBus
                0x0000f9ce       0x3e ./usb/host/usb_host_devices.o
 .text.USB_HostCh9RequestCommon
                0x0000fa0c       0x56 ./usb/host/usb_host_framework.o
                0x0000fa0c                USB_HostCh9RequestCommon
 .text.USB_HostStandardSetAddress
                0x0000fa62       0x32 ./usb/host/usb_host_framework.o
                0x0000fa62                USB_HostStandardSetAddress
 .text.USB_HostStandardSetGetDescriptor
                0x0000fa94       0x50 ./usb/host/usb_host_framework.o
                0x0000fa94                USB_HostStandardSetGetDescriptor
 .text.USB_HostReleaseInstance
                0x0000fae4       0x2a ./usb/host/usb_host_hci.o
 .text.USB_HostInit
                0x0000fb0e      0x168 ./usb/host/usb_host_hci.o
                0x0000fb0e                USB_HostInit
 .text.USB_HostOpenPipe
                0x0000fc76       0x44 ./usb/host/usb_host_hci.o
                0x0000fc76                USB_HostOpenPipe
 .text.USB_HostClosePipe
                0x0000fcba       0x42 ./usb/host/usb_host_hci.o
                0x0000fcba                USB_HostClosePipe
 .text.USB_HostSendSetup
                0x0000fcfc       0x92 ./usb/host/usb_host_hci.o
                0x0000fcfc                USB_HostSendSetup
 .text.USB_HostRecv
                0x0000fd8e       0x6e ./usb/host/usb_host_hci.o
                0x0000fd8e                USB_HostRecv
 .text.USB_HostCancelTransfer
                0x0000fdfc       0x4e ./usb/host/usb_host_hci.o
                0x0000fdfc                USB_HostCancelTransfer
 .text.USB_HostMallocTransfer
                0x0000fe4a       0x74 ./usb/host/usb_host_hci.o
                0x0000fe4a                USB_HostMallocTransfer
 .text.USB_HostFreeTransfer
                0x0000febe       0x54 ./usb/host/usb_host_hci.o
                0x0000febe                USB_HostFreeTransfer
 .text.USB_HostOhciDisableIsr
                0x0000ff12       0x4e ./usb/host/usb_host_ip3516hs.o
 .text.USB_HostOhciEnableIsr
                0x0000ff60       0x4e ./usb/host/usb_host_ip3516hs.o
 .text.USB_HostIp3516HsDelay
                0x0000ffae       0x46 ./usb/host/usb_host_ip3516hs.o
 .text.USB_HostIp3516HsGetNewPipe
                0x0000fff4       0x48 ./usb/host/usb_host_ip3516hs.o
 .text.USB_HostIp3516HsRemovePipe
                0x0001003c       0x66 ./usb/host/usb_host_ip3516hs.o
 .text.USB_HostIp3516HsInsertPipe
                0x000100a2       0x60 ./usb/host/usb_host_ip3516hs.o
 .text.USB_HostIp3516HsGetBuffer
                0x00010102      0x1b0 ./usb/host/usb_host_ip3516hs.o
 .text.USB_HostIp3516HsFreeBuffer
                0x000102b2       0x7a ./usb/host/usb_host_ip3516hs.o
 .text.USB_HostIp3516HsGetPipe
                0x0001032c       0x98 ./usb/host/usb_host_ip3516hs.o
                0x0001032c                USB_HostIp3516HsGetPipe
 .text.USB_HostIp3516HsCheckAtlTransferSofar
                0x000103c4       0x88 ./usb/host/usb_host_ip3516hs.o
 .text.USB_HostIp3516HsCheckGetBufferFailedPipe
                0x0001044c       0x7c ./usb/host/usb_host_ip3516hs.o
 .text.USB_HostIp3516HsSof
                0x000104c8       0x7e ./usb/host/usb_host_ip3516hs.o
 .text.USB_HostIp3516HsControllerReset
                0x00010546       0x30 ./usb/host/usb_host_ip3516hs.o
 .text.USB_HostIp3516HsDestory
                0x00010576       0x80 ./usb/host/usb_host_ip3516hs.o
                0x00010576                USB_HostIp3516HsDestory
 .text.USB_HostIp3516HsOpenPipe
                0x000105f6      0x210 ./usb/host/usb_host_ip3516hs.o
                0x000105f6                USB_HostIp3516HsOpenPipe
 .text.USB_HostIp3516HsClosePipe
                0x00010806       0x60 ./usb/host/usb_host_ip3516hs.o
                0x00010806                USB_HostIp3516HsClosePipe
 .text.USB_HostIp3516HsWritePipe
                0x00010866       0xe2 ./usb/host/usb_host_ip3516hs.o
                0x00010866                USB_HostIp3516HsWritePipe
 .text.USB_HostIp3516HsReadPipe
                0x00010948       0x20 ./usb/host/usb_host_ip3516hs.o
                0x00010948                USB_HostIp3516HsReadPipe
 .text.USB_HostIp3516HsTaskFunction
                0x00010968      0x144 ./usb/host/usb_host_ip3516hs.o
                0x00010968                USB_HostIp3516HsTaskFunction
 .text.WDT_BOD_IRQHandler
                0x00010aac        0x8 ./startup/startup_lpc54608.o
                0x00010aac                WDT_BOD_IRQHandler
 .text.DMA0_IRQHandler
                0x00010ab4        0x8 ./startup/startup_lpc54608.o
                0x00010ab4                DMA0_IRQHandler
 .text.GINT0_IRQHandler
                0x00010abc        0x8 ./startup/startup_lpc54608.o
                0x00010abc                GINT0_IRQHandler
 .text.GINT1_IRQHandler
                0x00010ac4        0x8 ./startup/startup_lpc54608.o
                0x00010ac4                GINT1_IRQHandler
 .text.PIN_INT0_IRQHandler
                0x00010acc        0x8 ./startup/startup_lpc54608.o
                0x00010acc                PIN_INT0_IRQHandler
 .text.PIN_INT1_IRQHandler
                0x00010ad4        0x8 ./startup/startup_lpc54608.o
                0x00010ad4                PIN_INT1_IRQHandler
 .text.PIN_INT2_IRQHandler
                0x00010adc        0x8 ./startup/startup_lpc54608.o
                0x00010adc                PIN_INT2_IRQHandler
 .text.PIN_INT3_IRQHandler
                0x00010ae4        0x8 ./startup/startup_lpc54608.o
                0x00010ae4                PIN_INT3_IRQHandler
 .text.UTICK0_IRQHandler
                0x00010aec        0x8 ./startup/startup_lpc54608.o
                0x00010aec                UTICK0_IRQHandler
 .text.MRT0_IRQHandler
                0x00010af4        0x8 ./startup/startup_lpc54608.o
                0x00010af4                MRT0_IRQHandler
 .text.CTIMER0_IRQHandler
                0x00010afc        0x8 ./startup/startup_lpc54608.o
                0x00010afc                CTIMER0_IRQHandler
 .text.CTIMER1_IRQHandler
                0x00010b04        0x8 ./startup/startup_lpc54608.o
                0x00010b04                CTIMER1_IRQHandler
 .text.SCT0_IRQHandler
                0x00010b0c        0x8 ./startup/startup_lpc54608.o
                0x00010b0c                SCT0_IRQHandler
 .text.CTIMER3_IRQHandler
                0x00010b14        0x8 ./startup/startup_lpc54608.o
                0x00010b14                CTIMER3_IRQHandler
 .text.FLEXCOMM0_IRQHandler
                0x00010b1c        0x8 ./startup/startup_lpc54608.o
                0x00010b1c                FLEXCOMM0_IRQHandler
 .text.FLEXCOMM1_IRQHandler
                0x00010b24        0x8 ./startup/startup_lpc54608.o
                0x00010b24                FLEXCOMM1_IRQHandler
 .text.FLEXCOMM2_IRQHandler
                0x00010b2c        0x8 ./startup/startup_lpc54608.o
                0x00010b2c                FLEXCOMM2_IRQHandler
 .text.FLEXCOMM3_IRQHandler
                0x00010b34        0x8 ./startup/startup_lpc54608.o
                0x00010b34                FLEXCOMM3_IRQHandler
 .text.FLEXCOMM4_IRQHandler
                0x00010b3c        0x8 ./startup/startup_lpc54608.o
                0x00010b3c                FLEXCOMM4_IRQHandler
 .text.FLEXCOMM5_IRQHandler
                0x00010b44        0x8 ./startup/startup_lpc54608.o
                0x00010b44                FLEXCOMM5_IRQHandler
 .text.FLEXCOMM6_IRQHandler
                0x00010b4c        0x8 ./startup/startup_lpc54608.o
                0x00010b4c                FLEXCOMM6_IRQHandler
 .text.FLEXCOMM7_IRQHandler
                0x00010b54        0x8 ./startup/startup_lpc54608.o
                0x00010b54                FLEXCOMM7_IRQHandler
 .text.ADC0_SEQA_IRQHandler
                0x00010b5c        0x8 ./startup/startup_lpc54608.o
                0x00010b5c                ADC0_SEQA_IRQHandler
 .text.ADC0_SEQB_IRQHandler
                0x00010b64        0x8 ./startup/startup_lpc54608.o
                0x00010b64                ADC0_SEQB_IRQHandler
 .text.ADC0_THCMP_IRQHandler
                0x00010b6c        0x8 ./startup/startup_lpc54608.o
                0x00010b6c                ADC0_THCMP_IRQHandler
 .text.DMIC0_IRQHandler
                0x00010b74        0x8 ./startup/startup_lpc54608.o
                0x00010b74                DMIC0_IRQHandler
 .text.HWVAD0_IRQHandler
                0x00010b7c        0x8 ./startup/startup_lpc54608.o
                0x00010b7c                HWVAD0_IRQHandler
 .text.USB0_NEEDCLK_IRQHandler
                0x00010b84        0x8 ./startup/startup_lpc54608.o
                0x00010b84                USB0_NEEDCLK_IRQHandler
 .text.USB0_IRQHandler
                0x00010b8c        0x8 ./startup/startup_lpc54608.o
                0x00010b8c                USB0_IRQHandler
 .text.RTC_IRQHandler
                0x00010b94        0x8 ./startup/startup_lpc54608.o
                0x00010b94                RTC_IRQHandler
 .text.Reserved46_IRQHandler
                0x00010b9c        0x8 ./startup/startup_lpc54608.o
                0x00010b9c                Reserved46_IRQHandler
 .text.Reserved47_IRQHandler
                0x00010ba4        0x8 ./startup/startup_lpc54608.o
                0x00010ba4                Reserved47_IRQHandler
 .text.PIN_INT4_IRQHandler
                0x00010bac        0x8 ./startup/startup_lpc54608.o
                0x00010bac                PIN_INT4_IRQHandler
 .text.PIN_INT5_IRQHandler
                0x00010bb4        0x8 ./startup/startup_lpc54608.o
                0x00010bb4                PIN_INT5_IRQHandler
 .text.PIN_INT6_IRQHandler
                0x00010bbc        0x8 ./startup/startup_lpc54608.o
                0x00010bbc                PIN_INT6_IRQHandler
 .text.PIN_INT7_IRQHandler
                0x00010bc4        0x8 ./startup/startup_lpc54608.o
                0x00010bc4                PIN_INT7_IRQHandler
 .text.CTIMER2_IRQHandler
                0x00010bcc        0x8 ./startup/startup_lpc54608.o
                0x00010bcc                CTIMER2_IRQHandler
 .text.CTIMER4_IRQHandler
                0x00010bd4        0x8 ./startup/startup_lpc54608.o
                0x00010bd4                CTIMER4_IRQHandler
 .text.RIT_IRQHandler
                0x00010bdc        0x8 ./startup/startup_lpc54608.o
                0x00010bdc                RIT_IRQHandler
 .text.SPIFI0_IRQHandler
                0x00010be4        0x8 ./startup/startup_lpc54608.o
                0x00010be4                SPIFI0_IRQHandler
 .text.FLEXCOMM8_IRQHandler
                0x00010bec        0x8 ./startup/startup_lpc54608.o
                0x00010bec                FLEXCOMM8_IRQHandler
 .text.FLEXCOMM9_IRQHandler
                0x00010bf4        0x8 ./startup/startup_lpc54608.o
                0x00010bf4                FLEXCOMM9_IRQHandler
 .text.SDIO_IRQHandler
                0x00010bfc        0x8 ./startup/startup_lpc54608.o
                0x00010bfc                SDIO_IRQHandler
 .text.CAN0_IRQ0_IRQHandler
                0x00010c04        0x8 ./startup/startup_lpc54608.o
                0x00010c04                CAN0_IRQ0_IRQHandler
 .text.CAN0_IRQ1_IRQHandler
                0x00010c0c        0x8 ./startup/startup_lpc54608.o
                0x00010c0c                CAN0_IRQ1_IRQHandler
 .text.CAN1_IRQ0_IRQHandler
                0x00010c14        0x8 ./startup/startup_lpc54608.o
                0x00010c14                CAN1_IRQ0_IRQHandler
 .text.CAN1_IRQ1_IRQHandler
                0x00010c1c        0x8 ./startup/startup_lpc54608.o
                0x00010c1c                CAN1_IRQ1_IRQHandler
 .text.USB1_NEEDCLK_IRQHandler
                0x00010c24        0x8 ./startup/startup_lpc54608.o
                0x00010c24                USB1_NEEDCLK_IRQHandler
 .text.ETHERNET_IRQHandler
                0x00010c2c        0x8 ./startup/startup_lpc54608.o
                0x00010c2c                ETHERNET_IRQHandler
 .text.ETHERNET_PMT_IRQHandler
                0x00010c34        0x8 ./startup/startup_lpc54608.o
                0x00010c34                ETHERNET_PMT_IRQHandler
 .text.ETHERNET_MACLP_IRQHandler
                0x00010c3c        0x8 ./startup/startup_lpc54608.o
                0x00010c3c                ETHERNET_MACLP_IRQHandler
 .text.EEPROM_IRQHandler
                0x00010c44        0x8 ./startup/startup_lpc54608.o
                0x00010c44                EEPROM_IRQHandler
 .text.LCD_IRQHandler
                0x00010c4c        0x8 ./startup/startup_lpc54608.o
                0x00010c4c                LCD_IRQHandler
 .text.SHA_IRQHandler
                0x00010c54        0x8 ./startup/startup_lpc54608.o
                0x00010c54                SHA_IRQHandler
 .text.SMARTCARD0_IRQHandler
                0x00010c5c        0x8 ./startup/startup_lpc54608.o
                0x00010c5c                SMARTCARD0_IRQHandler
 .text.SMARTCARD1_IRQHandler
                0x00010c64        0x8 ./startup/startup_lpc54608.o
                0x00010c64                SMARTCARD1_IRQHandler
 .text.EnableIRQ
                0x00010c6c       0x2c ./source/app.o
 .text.GPIO_PinWrite
                0x00010c98       0x2a ./source/app.o
 .text.POWER_DisablePD
                0x00010cc2       0x2e ./source/app.o
 .text.CTIMER_StartTimer
                0x00010cf0       0x20 ./source/app.o
 .text.CTIMER_StopTimer
                0x00010d10       0x20 ./source/app.o
 .text.CTIMER_Reset
                0x00010d30       0x2c ./source/app.o
 .text.USB_HostIsrEnable
                0x00010d5c       0x2e ./source/app.o
                0x00010d5c                USB_HostIsrEnable
 .text.USB_HostTaskFn
                0x00010d8a       0x16 ./source/app.o
                0x00010d8a                USB_HostTaskFn
 .text.USB_HostHidInCallback
                0x00010da0       0x46 ./source/host_keyboard.o
 .text.USB_HostHidControlCallback
                0x00010de6       0x5c ./source/host_keyboard.o
 .text.IOCON_PinMuxSet
                0x00010e42       0x2e ./source/sdcard_fatfs.o
 .text.HardFault_Handler
                0x00010e70       0x2c ./source/semihost_hardfault.o
                0x00010e70                HardFault_Handler
 .text.SDIF_GetControllerStatus
                0x00010e9c       0x18 ./sdmmc/src/fsl_sd.o
 .text.SD_HostReset
                0x00010eb4       0x1a ./sdmmc/src/fsl_sd.o
                0x00010eb4                SD_HostReset
 .text.SD_PowerOnCard
                0x00010ece       0x1a ./sdmmc/src/fsl_sd.o
                0x00010ece                SD_PowerOnCard
 .text.SD_PowerOffCard
                0x00010ee8       0x1a ./sdmmc/src/fsl_sd.o
                0x00010ee8                SD_PowerOffCard
 .text.SD_WaitCardDetectStatus
                0x00010f02       0x24 ./sdmmc/src/fsl_sd.o
                0x00010f02                SD_WaitCardDetectStatus
 .text.SDMMC_ExecuteTuning
                0x00010f26       0xaa ./sdmmc/src/fsl_sdmmc_common.o
                0x00010f26                SDMMC_ExecuteTuning
 .text.SDMMCEVENT_Create
                0x00010fd0       0x2e ./sdmmc/port/fsl_sdmmc_event.o
                0x00010fd0                SDMMCEVENT_Create
 .text.SDMMCEVENT_Notify
                0x00010ffe       0x2e ./sdmmc/port/fsl_sdmmc_event.o
                0x00010ffe                SDMMCEVENT_Notify
 .text.SDMMCEVENT_Delete
                0x0001102c       0x28 ./sdmmc/port/fsl_sdmmc_event.o
                0x0001102c                SDMMCEVENT_Delete
 .text.SDIF_EnableCardPower
                0x00011054       0x38 ./sdmmc/port/fsl_sdmmc_host.o
 .text.SDIF_DetectCardInsert
                0x0001108c       0x46 ./sdmmc/port/fsl_sdmmc_host.o
 .text.SDIF_EnableInterrupt
                0x000110d2       0x22 ./sdmmc/port/fsl_sdmmc_host.o
 .text.SDIF_GetControllerStatus
                0x000110f4       0x18 ./sdmmc/port/fsl_sdmmc_host.o
 .text.SDMMCHOST_Delay
                0x0001110c       0x16 ./sdmmc/port/fsl_sdmmc_host.o
                0x0001110c                SDMMCHOST_Delay
 .text.SDMMCHOST_PowerOffCard
                0x00011122       0x3a ./sdmmc/port/fsl_sdmmc_host.o
                0x00011122                SDMMCHOST_PowerOffCard
 .text.SDMMCHOST_PowerOnCard
                0x0001115c       0x54 ./sdmmc/port/fsl_sdmmc_host.o
                0x0001115c                SDMMCHOST_PowerOnCard
 .text.SDMMCHOST_Reset
                0x000111b0       0x1a ./sdmmc/port/fsl_sdmmc_host.o
                0x000111b0                SDMMCHOST_Reset
 .text.sd_disk_status
                0x000111ca       0x22 ./fatfs/source/fsl_sd_disk/fsl_sd_disk.o
                0x000111ca                sd_disk_status
 .text.disk_status
                0x000111ec       0x2c ./fatfs/source/diskio.o
                0x000111ec                disk_status
 .text.disk_initialize
                0x00011218       0x2c ./fatfs/source/diskio.o
                0x00011218                disk_initialize
 .text.disk_read
                0x00011244       0x38 ./fatfs/source/diskio.o
                0x00011244                disk_read
 .text.disk_write
                0x0001127c       0x38 ./fatfs/source/diskio.o
                0x0001127c                disk_write
 .text.disk_ioctl
                0x000112b4       0x36 ./fatfs/source/diskio.o
                0x000112b4                disk_ioctl
 .text.ld_word  0x000112ea       0x30 ./fatfs/source/ff.o
 .text.ld_dword
                0x0001131a       0x46 ./fatfs/source/ff.o
 .text.st_word  0x00011360       0x36 ./fatfs/source/ff.o
 .text.st_dword
                0x00011396       0x58 ./fatfs/source/ff.o
 .text.mem_cpy  0x000113ee       0x42 ./fatfs/source/ff.o
 .text.mem_set  0x00011430       0x34 ./fatfs/source/ff.o
 .text.mem_cmp  0x00011464       0x4e ./fatfs/source/ff.o
 .text.chk_chr  0x000114b2       0x36 ./fatfs/source/ff.o
 .text.dbc_1st  0x000114e8       0x40 ./fatfs/source/ff.o
 .text.dbc_2nd  0x00011528       0x54 ./fatfs/source/ff.o
 .text.sync_window
                0x0001157c       0x78 ./fatfs/source/ff.o
 .text.move_window
                0x000115f4       0x5a ./fatfs/source/ff.o
 .text.clst2sect
                0x0001164e       0x3e ./fatfs/source/ff.o
 .text.get_fat  0x0001168c      0x14a ./fatfs/source/ff.o
 .text.put_fat  0x000117d6      0x1d2 ./fatfs/source/ff.o
 .text.remove_chain
                0x000119a8       0xca ./fatfs/source/ff.o
 .text.create_chain
                0x00011a72      0x1a2 ./fatfs/source/ff.o
 .text.dir_clear
                0x00011c14       0x90 ./fatfs/source/ff.o
 .text.dir_sdi  0x00011ca4       0xf6 ./fatfs/source/ff.o
 .text.dir_next
                0x00011d9a      0x12c ./fatfs/source/ff.o
 .text.dir_alloc
                0x00011ec6       0x8e ./fatfs/source/ff.o
 .text.ld_clust
                0x00011f54       0x3e ./fatfs/source/ff.o
 .text.st_clust
                0x00011f92       0x40 ./fatfs/source/ff.o
 .text.dir_read
                0x00011fd2       0xba ./fatfs/source/ff.o
 .text.dir_find
                0x0001208c       0xaa ./fatfs/source/ff.o
 .text.dir_register
                0x00012136       0x64 ./fatfs/source/ff.o
 .text.dir_remove
                0x0001219a       0x3c ./fatfs/source/ff.o
 .text.get_fileinfo
                0x000121d6       0xc6 ./fatfs/source/ff.o
 .text.follow_path
                0x0001229c      0x11c ./fatfs/source/ff.o
 .text.validate
                0x000123b8       0x6a ./fatfs/source/ff.o
 .text.f_read   0x00012422      0x266 ./fatfs/source/ff.o
                0x00012422                f_read
 .text.f_write  0x00012688      0x2d2 ./fatfs/source/ff.o
                0x00012688                f_write
 .text.f_close  0x0001295a       0x40 ./fatfs/source/ff.o
                0x0001295a                f_close
 .text.f_lseek  0x0001299a      0x25a ./fatfs/source/ff.o
                0x0001299a                f_lseek
 .text.f_opendir
                0x00012bf4       0xb2 ./fatfs/source/ff.o
                0x00012bf4                f_opendir
 .text.f_readdir
                0x00012ca6       0x7a ./fatfs/source/ff.o
                0x00012ca6                f_readdir
 .text.f_unlink
                0x00012d20      0x168 ./fatfs/source/ff.o
                0x00012d20                f_unlink
 .text.CLOCK_SetFLASHAccessCycles
                0x00012e88       0x34 ./drivers/fsl_clock.o
 .text.CLOCK_IsSystemPLLLocked
                0x00012ebc       0x24 ./drivers/fsl_clock.o
 .text.CLOCK_IsUsbPLLLocked
                0x00012ee0       0x24 ./drivers/fsl_clock.o
 .text.CLOCK_Enable_SysOsc
                0x00012f04       0x5c ./drivers/fsl_clock.o
 .text.POWER_EnablePD
                0x00012f60       0x2e ./drivers/fsl_clock.o
 .text.POWER_DisablePD
                0x00012f8e       0x2e ./drivers/fsl_clock.o
 .text.CLOCK_GetMclkClkFreq
                0x00012fbc       0x68 ./drivers/fsl_clock.o
                0x00012fbc                CLOCK_GetMclkClkFreq
 .text.CLOCK_GetOsc32KFreq
                0x00013024       0x12 ./drivers/fsl_clock.o
                0x00013024                CLOCK_GetOsc32KFreq
 .text.CLOCK_GetCoreSysClkFreq
                0x00013036       0x90 ./drivers/fsl_clock.o
                0x00013036                CLOCK_GetCoreSysClkFreq
 .text.CLOCK_GetI2SMClkFreq
                0x000130c6       0x10 ./drivers/fsl_clock.o
                0x000130c6                CLOCK_GetI2SMClkFreq
 .text.CLOCK_GetFrgClkFreq
                0x000130d6       0x64 ./drivers/fsl_clock.o
                0x000130d6                CLOCK_GetFrgClkFreq
 .text.CLOCK_GetUsbPLLOutFromSetup
                0x0001313a       0xe4 ./drivers/fsl_clock.o
                0x0001313a                CLOCK_GetUsbPLLOutFromSetup
 .text.DelayLoop
                0x0001321e       0x20 ./drivers/fsl_common.o
 .text.EnableIRQ
                0x0001323e       0x2c ./drivers/fsl_ctimer.o
 .text.CTIMER_GetStatusFlags
                0x0001326a       0x18 ./drivers/fsl_ctimer.o
 .text.CTIMER_ClearStatusFlags
                0x00013282       0x1c ./drivers/fsl_ctimer.o
 .text.CTIMER0_DriverIRQHandler
                0x0001329e       0x12 ./drivers/fsl_ctimer.o
                0x0001329e                CTIMER0_DriverIRQHandler
 .text.CTIMER1_DriverIRQHandler
                0x000132b0       0x12 ./drivers/fsl_ctimer.o
                0x000132b0                CTIMER1_DriverIRQHandler
 .text.CTIMER2_DriverIRQHandler
                0x000132c2       0x12 ./drivers/fsl_ctimer.o
                0x000132c2                CTIMER2_DriverIRQHandler
 .text.CTIMER3_DriverIRQHandler
                0x000132d4       0x12 ./drivers/fsl_ctimer.o
                0x000132d4                CTIMER3_DriverIRQHandler
 .text.CTIMER4_DriverIRQHandler
                0x000132e6       0x12 ./drivers/fsl_ctimer.o
                0x000132e6                CTIMER4_DriverIRQHandler
 .text.FLEXCOMM_PeripheralIsPresent
                0x000132f8       0x64 ./drivers/fsl_flexcomm.o
 .text.FLEXCOMM_SetPeriph
                0x0001335c       0x74 ./drivers/fsl_flexcomm.o
 .text.GPIO_PinInit
                0x000133d0       0xa0 ./drivers/fsl_gpio.o
                0x000133d0                GPIO_PinInit
 .text.RESET_PeripheralReset
                0x00013470       0x1c ./drivers/fsl_reset.o
                0x00013470                RESET_PeripheralReset
 .text.EnableIRQ
                0x0001348c       0x2c ./drivers/fsl_sdif.o
 .text.SDIF_EnableCardClock
                0x000134b8       0x38 ./drivers/fsl_sdif.o
 .text.SDIF_DetectCardInsert
                0x000134f0       0x46 ./drivers/fsl_sdif.o
 .text.SDIF_EnableGlobalInterrupt
                0x00013536       0x38 ./drivers/fsl_sdif.o
 .text.SDIF_EnableInterrupt
                0x0001356e       0x22 ./drivers/fsl_sdif.o
 .text.SDIF_DisableInterrupt
                0x00013590       0x24 ./drivers/fsl_sdif.o
 .text.SDIF_GetInterruptStatus
                0x000135b4       0x18 ./drivers/fsl_sdif.o
 .text.SDIF_GetEnabledInterruptStatus
                0x000135cc       0x22 ./drivers/fsl_sdif.o
 .text.SDIF_ClearInterruptStatus
                0x000135ee       0x22 ./drivers/fsl_sdif.o
 .text.SDIF_EnableDmaInterrupt
                0x00013610       0x26 ./drivers/fsl_sdif.o
 .text.SDIF_DisableDmaInterrupt
                0x00013636       0x28 ./drivers/fsl_sdif.o
 .text.SDIF_GetEnabledDMAInterruptStatus
                0x0001365e       0x26 ./drivers/fsl_sdif.o
 .text.SDIF_ClearInternalDMAStatus
                0x00013684       0x26 ./drivers/fsl_sdif.o
 .text.SDIF_EnableInternalDMA
                0x000136aa       0x58 ./drivers/fsl_sdif.o
 .text.SDIF_ReadCommandResponse
                0x00013702       0x82 ./drivers/fsl_sdif.o
 .text.SDIF_SetCommandRegister
                0x00013784       0x52 ./drivers/fsl_sdif.o
 .text.SDIF_ReadDataPort
                0x000137d6       0xba ./drivers/fsl_sdif.o
 .text.SDIF_WriteDataPort
                0x00013890       0xb8 ./drivers/fsl_sdif.o
 .text.SDIF_Reset
                0x00013948       0x6c ./drivers/fsl_sdif.o
                0x00013948                SDIF_Reset
 .text.SDIF_SendCardActive
                0x000139b4       0x90 ./drivers/fsl_sdif.o
                0x000139b4                SDIF_SendCardActive
 .text.SDIF_SetCardBusWidth
                0x00013a44       0x50 ./drivers/fsl_sdif.o
                0x00013a44                SDIF_SetCardBusWidth
 .text.SDIF_TransferHandleDMA
                0x00013a94       0x9c ./drivers/fsl_sdif.o
 .text.SDIF_TransferHandleSDIOInterrupt
                0x00013b30       0x28 ./drivers/fsl_sdif.o
 .text.SDIF_TransferHandleCardDetect
                0x00013b58       0x4e ./drivers/fsl_sdif.o
 .text.USART_EnableContinuousSCLK
                0x00013ba6       0x38 ./drivers/fsl_usart.o
 .text.SystemInitHook
                0x00013bde        0xe ./device/system_LPC54608.o
                0x00013bde                SystemInitHook
 .text.HAL_UartGetStatus
                0x00013bec       0x22 ./component/uart/usart_adapter.o
 .text.DisableGlobalIRQ
                0x00013c0e       0x20 ./component/serial_manager/serial_manager.o
 .text.EnableGlobalIRQ
                0x00013c2e       0x1e ./component/serial_manager/serial_manager.o
 .text.SerialManager_StartWriting
                0x00013c4c       0x4a ./component/serial_manager/serial_manager.o
 .text.SerialManager_StartReading
                0x00013c96       0x4a ./component/serial_manager/serial_manager.o
 .text.SerialManager_WriteBlocking
                0x00013ce0       0x20 ./component/serial_manager/serial_manager.o
                0x00013ce0                SerialManager_WriteBlocking
 .text.SerialManager_ReadBlocking
                0x00013d00       0x20 ./component/serial_manager/serial_manager.o
                0x00013d00                SerialManager_ReadBlocking
 .text.DisableGlobalIRQ
                0x00013d20       0x20 ./component/osa/fsl_os_abstraction_bm.o
 .text.EnableGlobalIRQ
                0x00013d40       0x1e ./component/osa/fsl_os_abstraction_bm.o
 .text.OSA_MemoryAllocate
                0x00013d5e       0x2a ./component/osa/fsl_os_abstraction_bm.o
                0x00013d5e                OSA_MemoryAllocate
 .text.OSA_MemoryFree
                0x00013d88       0x16 ./component/osa/fsl_os_abstraction_bm.o
                0x00013d88                OSA_MemoryFree
 .text.OSA_EnterCritical
                0x00013d9e       0x1a ./component/osa/fsl_os_abstraction_bm.o
                0x00013d9e                OSA_EnterCritical
 .text.OSA_ExitCritical
                0x00013db8       0x16 ./component/osa/fsl_os_abstraction_bm.o
                0x00013db8                OSA_ExitCritical
 .text.OSA_MutexLock
                0x00013dce       0x4e ./component/osa/fsl_os_abstraction_bm.o
                0x00013dce                OSA_MutexLock
 .text.OSA_EventSet
                0x00013e1c       0x2c ./component/osa/fsl_os_abstraction_bm.o
                0x00013e1c                OSA_EventSet
 .text.OSA_EventWait
                0x00013e48       0x8a ./component/osa/fsl_os_abstraction_bm.o
                0x00013e48                OSA_EventWait
 .text.POWER_DisablePD
                0x00013ed2       0x2e ./board/clock_config.o
 .text.IOCON_PinMuxSet
                0x00013f00       0x2e ./board/pin_mux.o
 .text.IOCON_PinMuxSet
                0x00013f2e       0x2e ./board/sdcard_pin_mux.o
 .text.__main   0x00013f5c        0xe c:/nxp/mcuxpressoide_11.1.0_3209/ide/plugins/com.nxp.mcuxpresso.tools.win32_11.1.0.201909161352/tools/bin/../lib/gcc/arm-none-eabi/8.3.1/../../../../arm-none-eabi/lib/thumb/v7e-m+fp/hard\libcr_semihost_nf.a(_cr__main.o)
                0x00013f5c                __CR_SEMIHOST
                0x00013f5c                __main
 .text.memcpy   0x00013f6a        0x4 c:/nxp/mcuxpressoide_11.1.0_3209/ide/plugins/com.nxp.mcuxpresso.tools.win32_11.1.0.201909161352/tools/bin/../lib/gcc/arm-none-eabi/8.3.1/../../../../arm-none-eabi/lib/thumb/v7e-m+fp/hard\libcr_c.a(memcpy.o)
                0x00013f6a                memcpy
 .text.memset   0x00013f6e        0x4 c:/nxp/mcuxpressoide_11.1.0_3209/ide/plugins/com.nxp.mcuxpresso.tools.win32_11.1.0.201909161352/tools/bin/../lib/gcc/arm-none-eabi/8.3.1/../../../../arm-none-eabi/lib/thumb/v7e-m+fp/hard\libcr_c.a(memset.o)
                0x00013f6e                memset
 .text.free     0x00013f72       0x30 c:/nxp/mcuxpressoide_11.1.0_3209/ide/plugins/com.nxp.mcuxpresso.tools.win32_11.1.0.201909161352/tools/bin/../lib/gcc/arm-none-eabi/8.3.1/../../../../arm-none-eabi/lib/thumb/v7e-m+fp/hard\libcr_c.a(alloc.o)
                0x00013f72                free
 .text.memcmp   0x00013fa2       0x44 c:/nxp/mcuxpressoide_11.1.0_3209/ide/plugins/com.nxp.mcuxpresso.tools.win32_11.1.0.201909161352/tools/bin/../lib/gcc/arm-none-eabi/8.3.1/../../../../arm-none-eabi/lib/thumb/v7e-m+fp/hard\libcr_c.a(memcmp.o)
                0x00013fa2                memcmp
 .text.strlen   0x00013fe6       0x4c c:/nxp/mcuxpressoide_11.1.0_3209/ide/plugins/com.nxp.mcuxpresso.tools.win32_11.1.0.201909161352/tools/bin/../lib/gcc/arm-none-eabi/8.3.1/../../../../arm-none-eabi/lib/thumb/v7e-m+fp/hard\libcr_c.a(strlen.o)
                0x00013fe6                strlen
 .text._fdopen  0x00014032       0x68 c:/nxp/mcuxpressoide_11.1.0_3209/ide/plugins/com.nxp.mcuxpresso.tools.win32_11.1.0.201909161352/tools/bin/../lib/gcc/arm-none-eabi/8.3.1/../../../../arm-none-eabi/lib/thumb/v7e-m+fp/hard\libcr_c.a(_fdopen.o)
                0x00014032                _fdopen
 .text.fclose   0x0001409a       0x58 c:/nxp/mcuxpressoide_11.1.0_3209/ide/plugins/com.nxp.mcuxpresso.tools.win32_11.1.0.201909161352/tools/bin/../lib/gcc/arm-none-eabi/8.3.1/../../../../arm-none-eabi/lib/thumb/v7e-m+fp/hard\libcr_c.a(fclose.o)
                0x0001409a                fclose
 .text.remove   0x000140f2       0x14 c:/nxp/mcuxpressoide_11.1.0_3209/ide/plugins/com.nxp.mcuxpresso.tools.win32_11.1.0.201909161352/tools/bin/../lib/gcc/arm-none-eabi/8.3.1/../../../../arm-none-eabi/lib/thumb/v7e-m+fp/hard\libcr_c.a(remove.o)
                0x000140f2                remove
 .text._do_fflush
                0x00014106       0x40 c:/nxp/mcuxpressoide_11.1.0_3209/ide/plugins/com.nxp.mcuxpresso.tools.win32_11.1.0.201909161352/tools/bin/../lib/gcc/arm-none-eabi/8.3.1/../../../../arm-none-eabi/lib/thumb/v7e-m+fp/hard\libcr_c.a(_do_fflush.o)
                0x00014106                _do_fflush
 .text._fflush  0x00014146       0x52 c:/nxp/mcuxpressoide_11.1.0_3209/ide/plugins/com.nxp.mcuxpresso.tools.win32_11.1.0.201909161352/tools/bin/../lib/gcc/arm-none-eabi/8.3.1/../../../../arm-none-eabi/lib/thumb/v7e-m+fp/hard\libcr_c.a(_fflush.o)
                0x00014146                _fflush
 .text._deferredlazyseek
                0x00014198       0x40 c:/nxp/mcuxpressoide_11.1.0_3209/ide/plugins/com.nxp.mcuxpresso.tools.win32_11.1.0.201909161352/tools/bin/../lib/gcc/arm-none-eabi/8.3.1/../../../../arm-none-eabi/lib/thumb/v7e-m+fp/hard\libcr_c.a(_deferredlazyseek.o)
                0x00014198                _deferredlazyseek
 .text.__aeabi_division_uldivmod
                0x000141d8      0x174 c:/nxp/mcuxpressoide_11.1.0_3209/ide/plugins/com.nxp.mcuxpresso.tools.win32_11.1.0.201909161352/tools/bin/../lib/gcc/arm-none-eabi/8.3.1/thumb/v7e-m+fp/hard\libcr_eabihelpers.a(division_64.o)
                0x000141d8                __aeabi_uldivmod
                0x000141dc                __bhs_ldivmod1
 .text.__aeabi_division_idiv0
                0x0001434c        0x2 c:/nxp/mcuxpressoide_11.1.0_3209/ide/plugins/com.nxp.mcuxpresso.tools.win32_11.1.0.201909161352/tools/bin/../lib/gcc/arm-none-eabi/8.3.1/thumb/v7e-m+fp/hard\libcr_eabihelpers.a(division_idiv0.o)
                0x0001434c                __aeabi_idiv0
 .text.__aeabi_memcpy
                0x0001434e       0x34 c:/nxp/mcuxpressoide_11.1.0_3209/ide/plugins/com.nxp.mcuxpresso.tools.win32_11.1.0.201909161352/tools/bin/../lib/gcc/arm-none-eabi/8.3.1/thumb/v7e-m+fp/hard\libcr_eabihelpers.a(memcpy.o)
                0x0001434e                __aeabi_memcpy
                0x00014358                __aeabi_memcpy8
                0x00014358                __aeabi_memcpy4
 .text.__aeabi_memset_lowlevel
                0x00014382       0x32 c:/nxp/mcuxpressoide_11.1.0_3209/ide/plugins/com.nxp.mcuxpresso.tools.win32_11.1.0.201909161352/tools/bin/../lib/gcc/arm-none-eabi/8.3.1/thumb/v7e-m+fp/hard\libcr_eabihelpers.a(memcpy.o)
                0x00014382                __aeabi_lowlevel_memset
 .text.__sys_close
                0x000143b4        0xc c:/nxp/mcuxpressoide_11.1.0_3209/ide/plugins/com.nxp.mcuxpresso.tools.win32_11.1.0.201909161352/tools/bin/../lib/gcc/arm-none-eabi/8.3.1/../../../../arm-none-eabi/lib/thumb/v7e-m+fp/hard\libcr_semihost_nf.a(__sys_close.o)
                0x000143b4                __sys_close
 .text.__sys_flen
                0x000143c0        0xc c:/nxp/mcuxpressoide_11.1.0_3209/ide/plugins/com.nxp.mcuxpresso.tools.win32_11.1.0.201909161352/tools/bin/../lib/gcc/arm-none-eabi/8.3.1/../../../../arm-none-eabi/lib/thumb/v7e-m+fp/hard\libcr_semihost_nf.a(__sys_flen.o)
                0x000143c0                __sys_flen
 .text.__sys_istty
                0x000143cc        0xc c:/nxp/mcuxpressoide_11.1.0_3209/ide/plugins/com.nxp.mcuxpresso.tools.win32_11.1.0.201909161352/tools/bin/../lib/gcc/arm-none-eabi/8.3.1/../../../../arm-none-eabi/lib/thumb/v7e-m+fp/hard\libcr_semihost_nf.a(__sys_istty.o)
                0x000143cc                __sys_istty
 .text.__sys_remove
                0x000143d8        0xc c:/nxp/mcuxpressoide_11.1.0_3209/ide/plugins/com.nxp.mcuxpresso.tools.win32_11.1.0.201909161352/tools/bin/../lib/gcc/arm-none-eabi/8.3.1/../../../../arm-none-eabi/lib/thumb/v7e-m+fp/hard\libcr_semihost_nf.a(__sys_remove.o)
                0x000143d8                __sys_remove
 .text.__sys_seek
                0x000143e4        0xc c:/nxp/mcuxpressoide_11.1.0_3209/ide/plugins/com.nxp.mcuxpresso.tools.win32_11.1.0.201909161352/tools/bin/../lib/gcc/arm-none-eabi/8.3.1/../../../../arm-none-eabi/lib/thumb/v7e-m+fp/hard\libcr_semihost_nf.a(__sys_seek.o)
                0x000143e4                __sys_seek
 .text.__sys_tmpnam
                0x000143f0        0xc c:/nxp/mcuxpressoide_11.1.0_3209/ide/plugins/com.nxp.mcuxpresso.tools.win32_11.1.0.201909161352/tools/bin/../lib/gcc/arm-none-eabi/8.3.1/../../../../arm-none-eabi/lib/thumb/v7e-m+fp/hard\libcr_semihost_nf.a(__sys_tmpnam.o)
                0x000143f0                __sys_tmpnam
 .text.__sys_write
                0x000143fc        0xc c:/nxp/mcuxpressoide_11.1.0_3209/ide/plugins/com.nxp.mcuxpresso.tools.win32_11.1.0.201909161352/tools/bin/../lib/gcc/arm-none-eabi/8.3.1/../../../../arm-none-eabi/lib/thumb/v7e-m+fp/hard\libcr_semihost_nf.a(__sys_write.o)
                0x000143fc                __sys_write
 *(SORT_BY_ALIGNMENT(.rodata) SORT_BY_ALIGNMENT(.rodata.*) SORT_BY_ALIGNMENT(.constdata) SORT_BY_ALIGNMENT(.constdata.*))
 .rodata.__assertion_failed.str1.4
                0x00014408       0x14 ./utilities/fsl_assert.o
 .rodata.DbgConsole_SendDataReliable.str1.4
                0x0001441c       0x4d ./utilities/fsl_debug_console.o
 *fill*         0x00014469        0x3 ff
 .rodata.DbgConsole_ReadLine.str1.4
                0x0001446c       0x27 ./utilities/fsl_debug_console.o
 *fill*         0x00014493        0x1 ff
 .rodata.DbgConsole_Init.str1.4
                0x00014494       0xcb ./utilities/fsl_debug_console.o
 *fill*         0x0001455f        0x1 ff
 .rodata.USB_HostHubDeviceEvent.str1.4
                0x00014560       0x3f ./usb/host/class/usb_host_hub_app.o
 *fill*         0x0001459f        0x1 ff
 .rodata.s_EnumEntries
                0x000145a0       0x38 ./usb/host/usb_host_devices.o
 .rodata.s_Ip3516HsInterface
                0x000145d8       0x1c ./usb/host/usb_host_hci.o
 .rodata.USB_HostEvent.str1.4
                0x000145f4       0x2d ./source/app.o
 *fill*         0x00014621        0x3 ff
 .rodata.USB_HostApplicationInit.str1.4
                0x00014624       0x3b ./source/app.o
 *fill*         0x0001465f        0x1 ff
 .rodata.buttonPressEmulationCb.str1.4
                0x00014660       0x75 ./source/app.o
 *fill*         0x000146d5        0x3 ff
 .rodata.onUsbEnumerationDone.str1.4
                0x000146d8       0x1f ./source/app.o
 *fill*         0x000146f7        0x1 ff
 .rodata.processDataOutput.str1.4
                0x000146f8       0xba ./source/app.o
                                 0xbe (size before relaxing)
 *fill*         0x000147b2        0x2 ff
 .rodata.processKeyReportTest.str1.4
                0x000147b4       0xbb ./source/app.o
 *fill*         0x0001486f        0x1 ff
 .rodata.main.str1.4
                0x00014870       0xb9 ./source/app.o
 *fill*         0x00014929        0x3 ff
 .rodata        0x0001492c        0x2 ./source/app.o
 *fill*         0x0001492e        0x2 ff
 .rodata.USB_HostHidKeyboardTask.str1.4
                0x00014930       0xfb ./source/host_keyboard.o
 *fill*         0x00014a2b        0x1 ff
 .rodata.USB_HostHidKeyboardEvent.str1.4
                0x00014a2c       0x5e ./source/host_keyboard.o
 *fill*         0x00014a8a        0x2 ff
 .rodata.USB_HostHidMouseEvent.str1.4
                0x00014a8c       0x36 ./source/host_mouse.o
                                 0x52 (size before relaxing)
 *fill*         0x00014ac2        0x2 ff
 .rodata.s_sdCardDetect
                0x00014ac4       0x14 ./source/sdcard_fatfs.o
 .rodata.sdCardInit.str1.4
                0x00014ad8      0x21b ./source/sdcard_fatfs.o
 *fill*         0x00014cf3        0x1 ff
 .rodata        0x00014cf4        0x3 ./source/sdcard_fatfs.o
 *fill*         0x00014cf7        0x1 ff
 .rodata.sdCardCreateResultsFile.str1.4
                0x00014cf8       0x15 ./source/sdcard_fatfs.o
 *fill*         0x00014d0d        0x3 ff
 .rodata.sdCardAppendResults.str1.4
                0x00014d10       0x1e ./source/sdcard_fatfs.o
 *fill*         0x00014d2e        0x2 ff
 .rodata.sdcardWaitCardInsert.str1.4
                0x00014d30       0x42 ./source/sdcard_fatfs.o
 *fill*         0x00014d72        0x2 ff
 .rodata.SD_SendApplicationCmd.str1.4
                0x00014d74       0x15 ./sdmmc/src/fsl_sd.o
 *fill*         0x00014d89        0x3 ff
 .rodata.SD_GoIdle.str1.4
                0x00014d8c       0x15 ./sdmmc/src/fsl_sd.o
 *fill*         0x00014da1        0x3 ff
 .rodata.SD_SetBlockSize.str1.4
                0x00014da4       0x15 ./sdmmc/src/fsl_sd.o
 *fill*         0x00014db9        0x3 ff
 .rodata.SD_ExecuteTuning.str1.4
                0x00014dbc       0x15 ./sdmmc/src/fsl_sd.o
 *fill*         0x00014dd1        0x3 ff
 .rodata.SD_SwitchVoltage.str1.4
                0x00014dd4       0x15 ./sdmmc/src/fsl_sd.o
 *fill*         0x00014de9        0x3 ff
 .rodata.SD_StopTransmission.str1.4
                0x00014dec       0x15 ./sdmmc/src/fsl_sd.o
 *fill*         0x00014e01        0x3 ff
 .rodata.SD_Transfer.str1.4
                0x00014e04       0x3c ./sdmmc/src/fsl_sd.o
 .rodata.SD_WaitWriteComplete.str1.4
                0x00014e40       0x15 ./sdmmc/src/fsl_sd.o
 *fill*         0x00014e55        0x3 ff
 .rodata.SD_SendWriteSuccessBlocks.str1.4
                0x00014e58       0x15 ./sdmmc/src/fsl_sd.o
 *fill*         0x00014e6d        0x3 ff
 .rodata.SD_SendRca.str1.4
                0x00014e70       0x15 ./sdmmc/src/fsl_sd.o
 *fill*         0x00014e85        0x3 ff
 .rodata.SD_SwitchFunction.str1.4
                0x00014e88       0x2f ./sdmmc/src/fsl_sd.o
 *fill*         0x00014eb7        0x1 ff
 .rodata.SD_DecodeScr.str1.4
                0x00014eb8       0x2f ./sdmmc/src/fsl_sd.o
 *fill*         0x00014ee7        0x1 ff
 .rodata.SD_SendScr.str1.4
                0x00014ee8       0x15 ./sdmmc/src/fsl_sd.o
 *fill*         0x00014efd        0x3 ff
 .rodata.SD_SelectFunction.str1.4
                0x00014f00       0x15 ./sdmmc/src/fsl_sd.o
 *fill*         0x00014f15        0x3 ff
 .rodata.SD_SetDataBusWidth.str1.4
                0x00014f18       0x15 ./sdmmc/src/fsl_sd.o
 *fill*         0x00014f2d        0x3 ff
 .rodata.SD_DecodeCsd.str1.4
                0x00014f30       0x2f ./sdmmc/src/fsl_sd.o
 *fill*         0x00014f5f        0x1 ff
 .rodata.SD_SendCsd.str1.4
                0x00014f60       0x15 ./sdmmc/src/fsl_sd.o
 *fill*         0x00014f75        0x3 ff
 .rodata.SD_DecodeCid.str1.4
                0x00014f78       0x2f ./sdmmc/src/fsl_sd.o
 *fill*         0x00014fa7        0x1 ff
 .rodata.SD_AllSendCid.str1.4
                0x00014fa8       0x15 ./sdmmc/src/fsl_sd.o
 *fill*         0x00014fbd        0x3 ff
 .rodata.SD_ApplicationSendOperationCondition.str1.4
                0x00014fc0       0x16 ./sdmmc/src/fsl_sd.o
 *fill*         0x00014fd6        0x2 ff
 .rodata.SD_SendInterfaceCondition.str1.4
                0x00014fd8       0x16 ./sdmmc/src/fsl_sd.o
 *fill*         0x00014fee        0x2 ff
 .rodata.SD_SelectBusTiming.str1.4
                0x00014ff0       0x16 ./sdmmc/src/fsl_sd.o
 *fill*         0x00015006        0x2 ff
 .rodata.SD_DecodeStatus.str1.4
                0x00015008       0x2d ./sdmmc/src/fsl_sd.o
 *fill*         0x00015035        0x3 ff
 .rodata.SD_ReadStatus.str1.4
                0x00015038       0x16 ./sdmmc/src/fsl_sd.o
 *fill*         0x0001504e        0x2 ff
 .rodata.SD_SelectCard.str1.4
                0x00015050       0x16 ./sdmmc/src/fsl_sd.o
 *fill*         0x00015066        0x2 ff
 .rodata.SD_Read.str1.4
                0x00015068       0x87 ./sdmmc/src/fsl_sd.o
 *fill*         0x000150ef        0x1 ff
 .rodata.SD_Write.str1.4
                0x000150f0       0x87 ./sdmmc/src/fsl_sd.o
 *fill*         0x00015177        0x1 ff
 .rodata.SD_ReadBlocks.str1.4
                0x00015178       0x8b ./sdmmc/src/fsl_sd.o
 *fill*         0x00015203        0x1 ff
 .rodata.SD_WriteBlocks.str1.4
                0x00015204       0x8b ./sdmmc/src/fsl_sd.o
 *fill*         0x0001528f        0x1 ff
 .rodata.SD_ProbeBusVoltage.str1.4
                0x00015290       0x16 ./sdmmc/src/fsl_sd.o
 *fill*         0x000152a6        0x2 ff
 .rodata.SD_CardInit.str1.4
                0x000152a8       0x43 ./sdmmc/src/fsl_sd.o
 *fill*         0x000152eb        0x1 ff
 .rodata.SD_CardDeinit.str1.4
                0x000152ec       0x16 ./sdmmc/src/fsl_sd.o
 *fill*         0x00015302        0x2 ff
 .rodata.SD_HostInit.str1.4
                0x00015304       0x16 ./sdmmc/src/fsl_sd.o
 *fill*         0x0001531a        0x2 ff
 .rodata.SDMMC_SelectCard.str1.4
                0x0001531c       0x22 ./sdmmc/src/fsl_sdmmc_common.o
 *fill*         0x0001533e        0x2 ff
 .rodata.SDMMC_SendApplicationCommand.str1.4
                0x00015340       0x22 ./sdmmc/src/fsl_sdmmc_common.o
 *fill*         0x00015362        0x2 ff
 .rodata.SDMMC_GoIdle.str1.4
                0x00015364       0x23 ./sdmmc/src/fsl_sdmmc_common.o
 *fill*         0x00015387        0x1 ff
 .rodata.SDMMC_SetBlockSize.str1.4
                0x00015388       0x23 ./sdmmc/src/fsl_sdmmc_common.o
 *fill*         0x000153ab        0x1 ff
 .rodata.SDMMC_SwitchToVoltage.str1.4
                0x000153ac       0x23 ./sdmmc/src/fsl_sdmmc_common.o
 *fill*         0x000153cf        0x1 ff
 .rodata.create_name.str1.4
                0x000153d0        0xf ./fatfs/source/ff.o
 *fill*         0x000153df        0x1 ff
 .rodata.check_fs.str1.4
                0x000153e0        0xa ./fatfs/source/ff.o
 *fill*         0x000153ea        0x2 ff
 .rodata.f_mkfs.str1.4
                0x000153ec       0x34 ./fatfs/source/ff.o
 .rodata.cst32.5865