core_cm4.h:1679:22:__NVIC_EnableIRQ	16	static
core_cm4.h:1807:22:__NVIC_SetPriority	16	static
fsl_common.h:460:28:EnableIRQ	16	static
fsl_gpio.h:153:20:GPIO_PinWrite	24	static
fsl_power.h:108:20:POWER_DisablePD	16	static
fsl_ctimer.h:452:20:CTIMER_StartTimer	16	static
fsl_ctimer.h:462:20:CTIMER_StopTimer	16	static
fsl_ctimer.h:476:20:CTIMER_Reset	16	static
app.c:85:6:USB1_IRQHandler	8	static
app.c:90:6:USB_HostClockInit	16	static
app.c:111:6:USB_HostIsrEnable	16	static
app.c:131:6:USB_HostTaskFn	16	static
app.c:144:21:USB_HostEvent	32	static
app.c:198:13:USB_HostApplicationInit	16	static
app.c:235:6:buttonPressEmulationCb	16	static
app.c:247:6:startMeasurements	32	static
app.c:266:6:onUsbEnumerationDone	24	static
app.c:280:6:receivedReportCb	48	static
app.c:335:13:processDataOutput	8	static
app.c:361:5:main	24	static
