core_cm4.h:1679:22:__NVIC_EnableIRQ	16	static
core_cm4.h:1715:22:__NVIC_DisableIRQ	16	static
fsl_clock.h:699:20:CLOCK_EnableClock	24	static
fsl_clock.h:713:20:CLOCK_DisableClock	24	static
fsl_common.h:460:28:EnableIRQ	16	static
fsl_common.h:498:28:DisableIRQ	16	static
fsl_ctimer.h:423:24:CTIMER_GetStatusFlags	16	static
fsl_ctimer.h:435:20:CTIMER_ClearStatusFlags	16	static
fsl_ctimer.c:63:17:CTIMER_GetInstance	24	static
fsl_ctimer.c:90:6:CTIMER_Init	16	static
fsl_ctimer.c:119:6:CTIMER_Deinit	24	static
fsl_ctimer.c:145:6:CTIMER_GetDefaultConfig	16	static
fsl_ctimer.c:181:10:CTIMER_SetupPwm	48	static
fsl_ctimer.c:269:10:CTIMER_SetupPwmPeriod	32	static
fsl_ctimer.c:330:6:CTIMER_UpdatePwmDutycycle	24	static
fsl_ctimer.c:360:6:CTIMER_SetupMatch	32	static
fsl_ctimer.c:410:6:CTIMER_SetupCapture	24	static
fsl_ctimer.c:442:6:CTIMER_RegisterCallBack	32	static
fsl_ctimer.c:449:6:CTIMER_GenericIRQHandler	32	static
fsl_ctimer.c:492:6:CTIMER0_DriverIRQHandler	8	static
fsl_ctimer.c:504:6:CTIMER1_DriverIRQHandler	8	static
fsl_ctimer.c:516:6:CTIMER2_DriverIRQHandler	8	static
fsl_ctimer.c:528:6:CTIMER3_DriverIRQHandler	8	static
fsl_ctimer.c:540:6:CTIMER4_DriverIRQHandler	8	static
