fsl_common.h:528:28:DisableGlobalIRQ	16	static
fsl_common.h:559:24:EnableGlobalIRQ	24	static
fsl_os_abstraction_bm.c:145:18:main_task	16	static
fsl_os_abstraction_bm.c:178:7:OSA_MemoryAllocate	24	static
fsl_os_abstraction_bm.c:196:6:OSA_MemoryFree	16	static
fsl_os_abstraction_bm.c:201:6:OSA_EnterCritical	16	static
fsl_os_abstraction_bm.c:206:6:OSA_ExitCritical	16	static
fsl_os_abstraction_bm.c:217:6:OSA_EnableIRQGlobal	4	static
fsl_os_abstraction_bm.c:238:6:OSA_DisableIRQGlobal	4	static
fsl_os_abstraction_bm.c:409:18:OSA_TimeInit	4	static
fsl_os_abstraction_bm.c:426:22:OSA_TimeDiff	16	static
fsl_os_abstraction_bm.c:444:6:OSA_TimeDelay	16	static
fsl_os_abstraction_bm.c:463:22:OSA_TimeGetMsec	4	static
fsl_os_abstraction_bm.c:479:14:OSA_SemaphoreCreate	24	static
fsl_os_abstraction_bm.c:498:14:OSA_SemaphoreDestroy	24	static
fsl_os_abstraction_bm.c:521:14:OSA_SemaphoreWait	24	static
fsl_os_abstraction_bm.c:585:14:OSA_SemaphorePost	24	static
fsl_os_abstraction_bm.c:609:14:OSA_MutexCreate	24	static
fsl_os_abstraction_bm.c:633:14:OSA_MutexLock	24	static
fsl_os_abstraction_bm.c:694:14:OSA_MutexUnlock	24	static
fsl_os_abstraction_bm.c:711:14:OSA_MutexDestroy	24	static
fsl_os_abstraction_bm.c:728:14:OSA_EventCreate	24	static
fsl_os_abstraction_bm.c:751:14:OSA_EventSet	24	static
fsl_os_abstraction_bm.c:775:14:OSA_EventClear	24	static
fsl_os_abstraction_bm.c:810:14:OSA_EventWait	32	static
fsl_os_abstraction_bm.c:893:14:OSA_EventDestroy	24	static
fsl_os_abstraction_bm.c:912:14:OSA_MsgQCreate	32	static
fsl_os_abstraction_bm.c:934:14:OSA_MsgQPut	32	static
fsl_os_abstraction_bm.c:992:14:OSA_MsgQGet	40	static
fsl_os_abstraction_bm.c:1082:14:OSA_MsgQDestroy	24	static
fsl_os_abstraction_bm.c:1100:6:OSA_InterruptEnable	8	static
fsl_os_abstraction_bm.c:1110:6:OSA_InterruptDisable	8	static
fsl_os_abstraction_bm.c:1121:6:OSA_InstallIntHandler	16	static
