usb_host_devices.c:205:13:USB_HostEnumerationTransferCallback	40	static
usb_host_devices.c:316:21:USB_HostProcessState	40	static
usb_host_devices.c:413:21:USB_HostProcessCallback	32	static
usb_host_devices.c:538:21:USB_HostNotifyDevice	40	static
usb_host_devices.c:610:16:USB_HostAllocateDeviceAddress	24	static
usb_host_devices.c:637:13:USB_HostReleaseDeviceAddress	16	static
usb_host_devices.c:645:21:USB_HostRemoveDeviceInstance	32	static
usb_host_devices.c:681:13:USB_HostReleaseDeviceResource	24	static
usb_host_devices.c:752:21:USB_HostParseDeviceConfigurationDescriptor	40	static
usb_host_devices.c:974:14:USB_HostAttachDevice	48	static
usb_host_devices.c:1138:14:USB_HostDetachDevice	24	static
usb_host_devices.c:1171:14:USB_HostDetachDeviceInternal	24	static
usb_host_devices.c:1206:9:USB_HostGetDeviceAttachState	16	static
usb_host_devices.c:1211:14:USB_HostValidateDevice	24	static
usb_host_devices.c:1233:21:USB_HostControlBus	24	static
usb_host_devices.c:1249:14:USB_HostOpenDeviceInterface	32	static
usb_host_devices.c:1299:14:USB_HostCloseDeviceInterface	32	static
usb_host_devices.c:1382:14:USB_HostRemoveDevice	32	static
