core_cm4.h:1679:22:__NVIC_EnableIRQ	16	static
core_cm4.h:1715:22:__NVIC_DisableIRQ	16	static
usb_host_ip3516hs.c:303:13:USB_HostOhciDisableIsr	24	static
usb_host_ip3516hs.c:317:13:USB_HostOhciEnableIsr	24	static
usb_host_ip3516hs.c:331:13:USB_HostIp3516HsDelay	32	static
usb_host_ip3516hs.c:351:21:USB_HostIp3516HsControlBus	32	static
usb_host_ip3516hs.c:603:17:USB_HostIp3516HsBusTime	24	static
usb_host_ip3516hs.c:666:21:USB_HostIp3516HsGetNewPipe	24	static
usb_host_ip3516hs.c:686:21:USB_HostIp3516HsRemovePipe	32	static
usb_host_ip3516hs.c:722:21:USB_HostIp3516HsInsertPipe	24	static
usb_host_ip3516hs.c:753:21:USB_HostIp3516HsPortChange	40	static
usb_host_ip3516hs.c:1005:21:USB_HostIp3516HsFillSlotBusTime	48	static
usb_host_ip3516hs.c:1081:21:USB_HostIp3516HsFindStartFrame	96	static
usb_host_ip3516hs.c:1229:21:USB_HostIp3516BaudWidthCheck	32	static
usb_host_ip3516hs.c:1255:21:USB_HostIp3516HsOpenControlBulkPipe	32	static
usb_host_ip3516hs.c:1424:21:USB_HostIp3516HsOpenInterruptPipe	40	static
usb_host_ip3516hs.c:1510:21:USB_HostIp3516HsCancelPipe	48	static
usb_host_ip3516hs.c:1748:21:USB_HostIp3516HsCloseControlBulkPipe	24	static
usb_host_ip3516hs.c:1795:21:USB_HostIp3516HsCloseInterruptPipe	24	static
usb_host_ip3516hs.c:1815:21:USB_HostIp3516HsGetBuffer	40	static
usb_host_ip3516hs.c:1900:21:USB_HostIp3516HsFreeBuffer	32	static
usb_host_ip3516hs.c:1917:21:USB_HostIp3516HsWriteControlPipe	64	static
usb_host_ip3516hs.c:2080:21:USB_HostIp3516HsWriteBulkPipe	48	static
usb_host_ip3516hs.c:2368:21:USB_HostIp3516HsWriteInterruptPipe	72	static
usb_host_ip3516hs.c:2493:34:USB_HostIp3516HsGetPipe	24	static
usb_host_ip3516hs.c:2587:21:USB_HostIp3516HsCheckIntTransferSofar	32	static
usb_host_ip3516hs.c:2617:21:USB_HostIp3516HsCheckAtlTransferSofar	32	static
usb_host_ip3516hs.c:2646:13:USB_HostIp3516HsCheckGetBufferFailedPipe	24	static
usb_host_ip3516hs.c:2688:21:USB_HostIp3516HsTokenDone	56	static
usb_host_ip3516hs.c:3163:21:USB_HostIp3516HsSof	24	static
usb_host_ip3516hs.c:3192:21:USB_HostIp3516HsControllerReset	16	static
usb_host_ip3516hs.c:3202:21:USB_HostIp3516HsControllerInit	40	static
usb_host_ip3516hs.c:3334:14:USB_HostIp3516HsCreate	40	static
usb_host_ip3516hs.c:3431:14:USB_HostIp3516HsDestory	24	static
usb_host_ip3516hs.c:3466:14:USB_HostIp3516HsOpenPipe	48	static
usb_host_ip3516hs.c:3592:14:USB_HostIp3516HsClosePipe	24	static
usb_host_ip3516hs.c:3626:14:USB_HostIp3516HsWritePipe	48	static
usb_host_ip3516hs.c:3695:14:USB_HostIp3516HsReadPipe	24	static
usb_host_ip3516hs.c:3702:14:USB_HostIp3516HsIoctl	56	static
usb_host_ip3516hs.c:3860:6:USB_HostIp3516HsTaskFunction	48	static
usb_host_ip3516hs.c:3923:6:USB_HostIp3516HsIsrFunction	24	static
