usb_host_hid.c:175:13:USB_HostHidInPipeCallback	40	static
usb_host_hid.c:200:13:USB_HostHidOutPipeCallback	40	static
usb_host_hid.c:225:13:USB_HostHidControlCallback	40	static
usb_host_hid.c:240:21:USB_HostHidOpenInterface	48	static
usb_host_hid.c:338:13:USB_HostHidSetInterfaceCallback	40	static
usb_host_hid.c:357:14:USB_HostHidInit	24	static
usb_host_hid.c:380:14:USB_HostHidSetInterface	48	static
usb_host_hid.c:475:14:USB_HostHidDeinit	24	static
usb_host_hid.c:531:10:USB_HostHidGetPacketsize	24	static
usb_host_hid.c:554:14:USB_HostHidRecv	32	static
usb_host_hid.c:603:14:USB_HostHidSend	32	static
usb_host_hid.c:652:21:USB_HostHidControl	24	static
usb_host_hid.c:707:14:USB_HostHidGetReportDescriptor	48	static
usb_host_hid.c:719:14:USB_HostHidGetIdle	48	static
usb_host_hid.c:730:14:USB_HostHidSetIdle	48	static
usb_host_hid.c:741:14:USB_HostHidGetProtocol	48	static
usb_host_hid.c:751:14:USB_HostHidSetProtocol	48	static
usb_host_hid.c:761:14:USB_HostHidGetReport	48	static
usb_host_hid.c:774:14:USB_HostHidSetReport	48	static
